Configuration on demand is an incubating feature.

> Configure project :
Java: 17.0.18, JVM: 17.0.18+8 (Arch Linux), Arch: amd64

> Task :clean
> Task :compileJava FROM-CACHE
> Task :processResources
> Task :classes
> Task :jar
> Task :downloadMcpConfig
> Task :extractSrg
> Task :createMcpToSrg
> Task :reobfJar
> Task :jarJar SKIPPED
> Task :reobfJarJar SKIPPED
> Task :assemble
> Task :compileTestJava NO-SOURCE
> Task :processTestResources NO-SOURCE
> Task :testClasses UP-TO-DATE
> Task :test NO-SOURCE
> Task :check UP-TO-DATE
> Task :build

[Incubating] Problems report is available at: file:///run/media/asephs/b147e4d3-826a-5c47-9a73-5b2b9a19cd71/War-N-Taxes-Mod---Minecolonies-Addon/build/reports/problems/problems-report.html

Deprecated Gradle features were used in this build, making it incompatible with Gradle 9.0.

You can use '--warning-mode all' to show the individual deprecation warnings and determine if they come from your own scripts or plugins.

For more on this, please refer to https://docs.gradle.org/8.12.1/userguide/command_line_interface.html#sec:command_line_warnings in the Gradle documentation.

BUILD SUCCESSFUL in 3s
8 actionable tasks: 7 executed, 1 from cache
