#
# There is insufficient memory for the Java Runtime Environment to continue.
# Native memory allocation (mmap) failed to map 2063597568 bytes. Error detail: G1 virtual space
# Possible reasons:
#   The system is out of physical RAM or swap space
#   This process is running with CompressedOops enabled, and the Java Heap may be blocking the growth of the native heap
# Possible solutions:
#   Reduce memory load on the system
#   Increase physical memory or swap space
#   Check if swap backing store is full
#   Decrease Java heap size (-Xmx/-Xms)
#   Decrease number of Java threads
#   Decrease Java thread stack sizes (-Xss)
#   Set larger code cache with -XX:ReservedCodeCacheSize=
#   JVM is running with Zero Based Compressed Oops mode in which the Java heap is
#     placed in the first 32GB address space. The Java Heap base address is the
#     maximum limit for the native heap growth. Please use -XX:HeapBaseMinAddress
#     to set the Java Heap base and to place the Java Heap above 32GB virtual address.
# This output file may be truncated or incomplete.
#
#  Out of Memory Error (os_windows.cpp:3618), pid=35296, tid=78180
#
# JRE version: OpenJDK Runtime Environment Temurin-17.0.14+7 (17.0.14+7) (build 17.0.14+7)
# Java VM: OpenJDK 64-Bit Server VM Temurin-17.0.14+7 (17.0.14+7, mixed mode, sharing, tiered, compressed oops, compressed class ptrs, g1 gc, windows-amd64)
# No core dump will be written. Minidumps are not enabled by default on client versions of Windows
#

---------------  S U M M A R Y ------------

Command Line: -Dforge.enableGameTest=true -Dforge.enabledGameTestNamespaces=minecolonytax -Dforge.logging.console.level=debug -Dforge.logging.markers=REGISTRIES -DignoreList=bootstraplauncher,securejarhandler,asm-commons,asm-util,asm-analysis,asm-tree,asm,JarJarFileSystems,client-extra,fmlcore,javafmllanguage,lowcodelanguage,mclanguage,forge- -Djava.net.preferIPv6Addresses=system -DlegacyClassPath.file=C:\Users\paulm\Desktop\MinecolonyTaxAddon - Kopie\build\classpath\runClient_minecraftClasspath.txt -DmergeModules=jna-5.10.0.jar,jna-platform-5.10.0.jar -Dmixin.env.refMapRemappingFile=C:\Users\paulm\Desktop\MinecolonyTaxAddon - Kopie/build/createSrgToMcp/output.srg -Dmixin.env.remapRefMap=true --module-path=C:\Users\paulm\.gradle\caches\modules-2\files-2.1\cpw.mods\bootstraplauncher\1.1.2\c546e00443d8432cda6baa1c860346980742628\bootstraplauncher-1.1.2.jar;C:\Users\paulm\.gradle\caches\modules-2\files-2.1\cpw.mods\securejarhandler\2.1.10\51e6a22c6c716beb11e244bf5b8be480f51dd6b5\securejarhandler-2.1.10.jar;C:\Users\paulm\.gradle\caches\modules-2\files-2.1\org.ow2.asm\asm-commons\9.7\e86dda4696d3c185fcc95d8d311904e7ce38a53f\asm-commons-9.7.jar;C:\Users\paulm\.gradle\caches\modules-2\files-2.1\org.ow2.asm\asm-util\9.7\c0655519f24d92af2202cb681cd7c1569df6ead6\asm-util-9.7.jar;C:\Users\paulm\.gradle\caches\modules-2\files-2.1\org.ow2.asm\asm-analysis\9.7\e4a258b7eb96107106c0599f0061cfc1832fe07a\asm-analysis-9.7.jar;C:\Users\paulm\.gradle\caches\modules-2\files-2.1\org.ow2.asm\asm-tree\9.7\e446a17b175bfb733b87c5c2560ccb4e57d69f1a\asm-tree-9.7.jar;C:\Users\paulm\.gradle\caches\modules-2\files-2.1\org.ow2.asm\asm\9.7\73d7b3086e14beb604ced229c302feff6449723\asm-9.7.jar;C:\Users\paulm\.gradle\caches\modules-2\files-2.1\net.minecraftforge\JarJarFileSystems\0.3.19\2464eb7d6b9ddb9db36a82cf8a95193e5c6fe020\JarJarFileSystems-0.3.19.jar --add-modules=ALL-MODULE-PATH --add-opens=java.base/java.util.jar=cpw.mods.securejarhandler --add-opens=java.base/java.lang.invoke=cpw.mods.securejarhandler --add-exports=java.base/sun.security.util=cpw.mods.securejarhandler --add-exports=jdk.naming.dns/com.sun.jndi.dns=java.naming -XX:HeapDumpPath=MojangTricksIntelDriversForPerformance_javaw.exe_minecraft.exe.heapdump -Dfile.encoding=UTF-8 -Duser.country=DE -Duser.language=de -Duser.variant cpw.mods.bootstraplauncher.BootstrapLauncher --launchTarget forgeclientuserdev --version MOD_DEV --assetIndex 5 --assetsDir C:\Users\paulm\.gradle\caches\forge_gradle\assets --gameDir . --fml.forgeVersion 47.3.10 --fml.mcVersion 1.20.1 --fml.forgeGroup net.minecraftforge --fml.mcpVersion 20230612.114412

Host: AMD Ryzen 9 7950X 16-Core Processor            , 32 cores, 63G,  Windows 11 , 64 bit Build 26100 (10.0.26100.3775)
Time: Tue May  6 02:52:36 2025 Mitteleuropäische Sommerzeit elapsed time: 1617.836388 seconds (0d 0h 26m 57s)

---------------  T H R E A D  ---------------

Current thread (0x0000015f72582190):  VMThread "VM Thread" [stack: 0x0000005c7ed00000,0x0000005c7ee00000] [id=78180]

Stack: [0x0000005c7ed00000,0x0000005c7ee00000]
Native frames: (J=compiled Java code, j=interpreted, Vv=VM code, C=native code)
V  [jvm.dll+0x682eb9]
V  [jvm.dll+0x8399c8]
V  [jvm.dll+0x83b473]
V  [jvm.dll+0x83bae3]
V  [jvm.dll+0x24715f]
V  [jvm.dll+0x67fc99]
V  [jvm.dll+0x674b8a]
V  [jvm.dll+0x304c06]
V  [jvm.dll+0x30c0c6]
V  [jvm.dll+0x35dc3e]
V  [jvm.dll+0x35de7d]
V  [jvm.dll+0x2dbfcc]
V  [jvm.dll+0x2da36f]
V  [jvm.dll+0x2d9adc]
V  [jvm.dll+0x31d2bb]
V  [jvm.dll+0x84031d]
V  [jvm.dll+0x841053]
V  [jvm.dll+0x84157f]
V  [jvm.dll+0x841964]
V  [jvm.dll+0x841a2e]
V  [jvm.dll+0x7e948c]
V  [jvm.dll+0x681d97]
C  [ucrtbase.dll+0x37b0]
C  [KERNEL32.DLL+0x2e8d7]
C  [ntdll.dll+0xb14fc]

VM_Operation (0x0000005c02ffc290): G1CollectForAllocation, mode: safepoint, requested by thread 0x0000015fc755b860


---------------  P R O C E S S  ---------------

Threads class SMR info:
_java_thread_list=0x0000015fcc3402a0, length=69, elements={
0x0000015f30ab2730, 0x0000015f72585570, 0x0000015f72586e50, 0x0000015f7259bda0,
0x0000015f7259c670, 0x0000015f7259df50, 0x0000015f7259e820, 0x0000015f7259f420,
0x0000015f725b3240, 0x0000015f725bbb60, 0x0000015f72572e90, 0x0000015fb80c6ac0,
0x0000015fbcd3aff0, 0x0000015fc75585c0, 0x0000015fc755d6c0, 0x0000015fbc470310,
0x0000015fbc471240, 0x0000015fbc471750, 0x0000015fbc472680, 0x0000015fbc472b90,
0x0000015fbc46f3e0, 0x0000015fbc4730a0, 0x0000015fb9e031b0, 0x0000015fb9e04b00,
0x0000015fb9e0a110, 0x0000015fb9e082b0, 0x0000015fbc45fca0, 0x0000015fbc45d770,
0x0000015fbc461730, 0x0000015fbc460740, 0x0000015fbc45f750, 0x0000015fbc4631c0,
0x0000015fbc464c50, 0x0000015fbc461c80, 0x0000015fbc463710, 0x0000015fbc4621d0,
0x0000015fbc463c60, 0x0000015fbc4641b0, 0x0000015fb9e06e70, 0x0000015fb9e036c0,
0x0000015fb9e040e0, 0x0000015fb9e07da0, 0x0000015fb9e087c0, 0x0000015fb9e08cd0,
0x0000015fb9e05520, 0x0000015fb9e091e0, 0x0000015fb9e05a30, 0x0000015fb9e096f0,
0x0000015fb9e05f40, 0x0000015fb9e09c00, 0x0000015fbc470d30, 0x0000015fbc46f8f0,
0x0000015fbc471c60, 0x0000015fbc46eed0, 0x0000015fbc46e4b0, 0x0000015fbc46e9c0,
0x0000015fbc4744e0, 0x0000015fbc4735b0, 0x0000015fbc473ac0, 0x0000015fbc475410,
0x0000015fc755dbd0, 0x0000015fc755b860, 0x0000015fc755bd70, 0x0000015fc755c790,
0x0000015fc755cca0, 0x0000015fc755a420, 0x0000015fc755e0e0, 0x0000015fccd2f760,
0x0000015fc755e5f0
}

Java Threads: ( => current thread )
  0x0000015f30ab2730 JavaThread "Render thread" [_thread_blocked, id=41924, stack(0x0000005c7e700000,0x0000005c7e800000)]
  0x0000015f72585570 JavaThread "Reference Handler" daemon [_thread_blocked, id=14292, stack(0x0000005c7ee00000,0x0000005c7ef00000)]
  0x0000015f72586e50 JavaThread "Finalizer" daemon [_thread_blocked, id=5420, stack(0x0000005c7ef00000,0x0000005c7f000000)]
  0x0000015f7259bda0 JavaThread "Signal Dispatcher" daemon [_thread_blocked, id=33968, stack(0x0000005c7f000000,0x0000005c7f100000)]
  0x0000015f7259c670 JavaThread "Attach Listener" daemon [_thread_blocked, id=32012, stack(0x0000005c7f100000,0x0000005c7f200000)]
  0x0000015f7259df50 JavaThread "Service Thread" daemon [_thread_blocked, id=73656, stack(0x0000005c7f200000,0x0000005c7f300000)]
  0x0000015f7259e820 JavaThread "Monitor Deflation Thread" daemon [_thread_blocked, id=40004, stack(0x0000005c7f300000,0x0000005c7f400000)]
  0x0000015f7259f420 JavaThread "C2 CompilerThread0" daemon [_thread_blocked, id=29120, stack(0x0000005c7f400000,0x0000005c7f500000)]
  0x0000015f725b3240 JavaThread "C1 CompilerThread0" daemon [_thread_blocked, id=65848, stack(0x0000005c7f500000,0x0000005c7f600000)]
  0x0000015f725bbb60 JavaThread "Sweeper thread" daemon [_thread_blocked, id=36516, stack(0x0000005c7f600000,0x0000005c7f700000)]
  0x0000015f72572e90 JavaThread "Common-Cleaner" daemon [_thread_blocked, id=75312, stack(0x0000005c7f800000,0x0000005c7f900000)]
  0x0000015fb80c6ac0 JavaThread "Notification Thread" daemon [_thread_blocked, id=67068, stack(0x0000005c7fb00000,0x0000005c7fc00000)]
  0x0000015fbcd3aff0 JavaThread "JNA Cleaner" daemon [_thread_blocked, id=60900, stack(0x0000005c02d00000,0x0000005c02e00000)]
  0x0000015fc75585c0 JavaThread "Timer hack thread" daemon [_thread_blocked, id=26776, stack(0x0000005c00300000,0x0000005c00400000)]
  0x0000015fc755d6c0 JavaThread "Yggdrasil Key Fetcher" daemon [_thread_blocked, id=68820, stack(0x0000005c03500000,0x0000005c03600000)]
  0x0000015fbc470310 JavaThread "Structurize IO Worker #0" daemon [_thread_blocked, id=76944, stack(0x0000005c04900000,0x0000005c04a00000)]
  0x0000015fbc471240 JavaThread "FileSystemWatchService" daemon [_thread_in_native, id=17584, stack(0x0000005c04a00000,0x0000005c04b00000)]
  0x0000015fbc471750 JavaThread "JEI Config File Watcher" daemon [_thread_blocked, id=3144, stack(0x0000005c04b00000,0x0000005c04c00000)]
  0x0000015fbc472680 JavaThread "Thread-3" daemon [_thread_blocked, id=70120, stack(0x0000005c04d00000,0x0000005c04e00000)]
  0x0000015fbc472b90 JavaThread "FileSystemWatchService" daemon [_thread_in_native, id=65320, stack(0x0000005c04e00000,0x0000005c04f00000)]
  0x0000015fbc46f3e0 JavaThread "Worker-Main-2" daemon [_thread_blocked, id=57652, stack(0x0000005c04f00000,0x0000005c05000000)]
  0x0000015fbc4730a0 JavaThread "Worker-Main-6" daemon [_thread_blocked, id=62716, stack(0x0000005c05300000,0x0000005c05400000)]
  0x0000015fb9e031b0 JavaThread "Worker-Main-18" daemon [_thread_blocked, id=60628, stack(0x0000005c06300000,0x0000005c06400000)]
  0x0000015fb9e04b00 JavaThread "Worker-Main-22" daemon [_thread_blocked, id=25384, stack(0x0000005c06600000,0x0000005c06700000)]
  0x0000015fb9e0a110 JavaThread "Worker-Main-26" daemon [_thread_blocked, id=65488, stack(0x0000005c06a00000,0x0000005c06b00000)]
  0x0000015fb9e082b0 JavaThread "IO-Worker-32" [_thread_blocked, id=60864, stack(0x0000005c07000000,0x0000005c07100000)]
  0x0000015fbc45fca0 JavaThread "C1 CompilerThread1" daemon [_thread_blocked, id=73864, stack(0x0000005c00200000,0x0000005c00300000)]
  0x0000015fbc45d770 JavaThread "C1 CompilerThread2" daemon [_thread_blocked, id=41596, stack(0x0000005c00600000,0x0000005c00700000)]
  0x0000015fbc461730 JavaThread "C1 CompilerThread3" daemon [_thread_blocked, id=64936, stack(0x0000005c01e00000,0x0000005c01f00000)]
  0x0000015fbc460740 JavaThread "C2 CompilerThread1" daemon [_thread_in_native, id=73100, stack(0x0000005c00400000,0x0000005c00500000)]
  0x0000015fbc45f750 JavaThread "C2 CompilerThread2" daemon [_thread_blocked, id=51080, stack(0x0000005c00500000,0x0000005c00600000)]
  0x0000015fbc4631c0 JavaThread "C2 CompilerThread3" daemon [_thread_blocked, id=28804, stack(0x0000005c02000000,0x0000005c02100000)]
  0x0000015fbc464c50 JavaThread "C2 CompilerThread4" daemon [_thread_blocked, id=34684, stack(0x0000005c02300000,0x0000005c02400000)]
  0x0000015fbc461c80 JavaThread "C2 CompilerThread5" daemon [_thread_blocked, id=58740, stack(0x0000005c02400000,0x0000005c02500000)]
  0x0000015fbc463710 JavaThread "C2 CompilerThread6" daemon [_thread_blocked, id=63528, stack(0x0000005c02c00000,0x0000005c02d00000)]
  0x0000015fbc4621d0 JavaThread "C2 CompilerThread7" daemon [_thread_blocked, id=35368, stack(0x0000005c02e00000,0x0000005c02f00000)]
  0x0000015fbc463c60 JavaThread "C2 CompilerThread8" daemon [_thread_blocked, id=78568, stack(0x0000005c03600000,0x0000005c03700000)]
  0x0000015fbc4641b0 JavaThread "C1 CompilerThread4" daemon [_thread_blocked, id=64968, stack(0x0000005c03700000,0x0000005c03800000)]
  0x0000015fb9e06e70 JavaThread "Worker-Main-33" daemon [_thread_blocked, id=55280, stack(0x0000005c03900000,0x0000005c03a00000)]
  0x0000015fb9e036c0 JavaThread "Worker-Main-34" daemon [_thread_blocked, id=50204, stack(0x0000005c03a00000,0x0000005c03b00000)]
  0x0000015fb9e040e0 JavaThread "Worker-Main-35" daemon [_thread_blocked, id=59328, stack(0x0000005c03b00000,0x0000005c03c00000)]
  0x0000015fb9e07da0 JavaThread "Worker-Main-36" daemon [_thread_blocked, id=73344, stack(0x0000005c03c00000,0x0000005c03d00000)]
  0x0000015fb9e087c0 JavaThread "Worker-Main-37" daemon [_thread_blocked, id=62864, stack(0x0000005c03d00000,0x0000005c03e00000)]
  0x0000015fb9e08cd0 JavaThread "Worker-Main-38" daemon [_thread_blocked, id=55872, stack(0x0000005c03e00000,0x0000005c03f00000)]
  0x0000015fb9e05520 JavaThread "Worker-Main-39" daemon [_thread_blocked, id=54472, stack(0x0000005c03f00000,0x0000005c04000000)]
  0x0000015fb9e091e0 JavaThread "Worker-Main-40" daemon [_thread_blocked, id=7240, stack(0x0000005c04000000,0x0000005c04100000)]
  0x0000015fb9e05a30 JavaThread "Worker-Main-41" daemon [_thread_blocked, id=73160, stack(0x0000005c04100000,0x0000005c04200000)]
  0x0000015fb9e096f0 JavaThread "Worker-Main-42" daemon [_thread_blocked, id=10748, stack(0x0000005c04200000,0x0000005c04300000)]
  0x0000015fb9e05f40 JavaThread "Worker-Main-43" daemon [_thread_blocked, id=67368, stack(0x0000005c04300000,0x0000005c04400000)]
  0x0000015fb9e09c00 JavaThread "Worker-Main-44" daemon [_thread_blocked, id=74632, stack(0x0000005c04400000,0x0000005c04500000)]
  0x0000015fbc470d30 JavaThread "Worker-Main-45" daemon [_thread_blocked, id=61024, stack(0x0000005c04500000,0x0000005c04600000)]
  0x0000015fbc46f8f0 JavaThread "Worker-Main-46" daemon [_thread_blocked, id=78532, stack(0x0000005c04600000,0x0000005c04700000)]
  0x0000015fbc471c60 JavaThread "Worker-Main-47" daemon [_thread_blocked, id=57792, stack(0x0000005c04700000,0x0000005c04800000)]
  0x0000015fbc46eed0 JavaThread "Worker-Main-48" daemon [_thread_blocked, id=12756, stack(0x0000005c04800000,0x0000005c04900000)]
  0x0000015fbc46e4b0 JavaThread "Worker-Main-49" daemon [_thread_blocked, id=23612, stack(0x0000005c04c00000,0x0000005c04d00000)]
  0x0000015fbc46e9c0 JavaThread "Worker-Main-50" daemon [_thread_blocked, id=26324, stack(0x0000005c05000000,0x0000005c05100000)]
  0x0000015fbc4744e0 JavaThread "Worker-Main-51" daemon [_thread_blocked, id=7004, stack(0x0000005c05100000,0x0000005c05200000)]
  0x0000015fbc4735b0 JavaThread "Worker-Main-52" daemon [_thread_blocked, id=61768, stack(0x0000005c05200000,0x0000005c05300000)]
  0x0000015fbc473ac0 JavaThread "Worker-Main-53" daemon [_thread_blocked, id=74584, stack(0x0000005c05400000,0x0000005c05500000)]
  0x0000015fbc475410 JavaThread "Worker-Main-54" daemon [_thread_blocked, id=64972, stack(0x0000005c05500000,0x0000005c05600000)]
  0x0000015fc755dbd0 JavaThread "Sound engine" daemon [_thread_blocked, id=33108, stack(0x0000005c03800000,0x0000005c03900000)]
  0x0000015fc755b860 JavaThread "Server thread" [_thread_blocked, id=56836, stack(0x0000005c02f00000,0x0000005c03000000)]
  0x0000015fc755bd70 JavaThread "FileSystemWatchService" daemon [_thread_in_native, id=34760, stack(0x0000005c05600000,0x0000005c05700000)]
  0x0000015fc755c790 JavaThread "Worker-Main-55" daemon [_thread_blocked, id=77292, stack(0x0000005c05700000,0x0000005c05800000)]
  0x0000015fc755cca0 JavaThread "Worker-Main-56" daemon [_thread_blocked, id=35628, stack(0x0000005c05800000,0x0000005c05900000)]
  0x0000015fc755a420 JavaThread "Worker-Main-57" daemon [_thread_blocked, id=20292, stack(0x0000005c05900000,0x0000005c05a00000)]
  0x0000015fc755e0e0 JavaThread "Worker-Main-58" daemon [_thread_blocked, id=71348, stack(0x0000005c05a00000,0x0000005c05b00000)]
  0x0000015fccd2f760 JavaThread "C2 CompilerThread9" daemon [_thread_in_native, id=51548, stack(0x0000005c05b00000,0x0000005c05c00000)]
  0x0000015fc755e5f0 JavaThread "IO-Worker-59" [_thread_blocked, id=43372, stack(0x0000005c05f00000,0x0000005c06000000)]

Other Threads:
=>0x0000015f72582190 VMThread "VM Thread" [stack: 0x0000005c7ed00000,0x0000005c7ee00000] [id=78180]
  0x0000015fb80c6fa0 WatcherThread [stack: 0x0000005c7fc00000,0x0000005c7fd00000] [id=66948]
  0x0000015f4909f9d0 GCTaskThread "GC Thread#0" [stack: 0x0000005c7e800000,0x0000005c7e900000] [id=24496]
  0x0000015fb9278080 GCTaskThread "GC Thread#1" [stack: 0x0000005c00700000,0x0000005c00800000] [id=29364]
  0x0000015fb9141310 GCTaskThread "GC Thread#2" [stack: 0x0000005c00800000,0x0000005c00900000] [id=70300]
  0x0000015fb8a2f340 GCTaskThread "GC Thread#3" [stack: 0x0000005c00900000,0x0000005c00a00000] [id=69988]
  0x0000015fb8a2f600 GCTaskThread "GC Thread#4" [stack: 0x0000005c00a00000,0x0000005c00b00000] [id=36392]
  0x0000015fb940fe30 GCTaskThread "GC Thread#5" [stack: 0x0000005c00b00000,0x0000005c00c00000] [id=46936]
  0x0000015fb94100f0 GCTaskThread "GC Thread#6" [stack: 0x0000005c00c00000,0x0000005c00d00000] [id=63272]
  0x0000015fb94103b0 GCTaskThread "GC Thread#7" [stack: 0x0000005c00d00000,0x0000005c00e00000] [id=60384]
  0x0000015fb9263360 GCTaskThread "GC Thread#8" [stack: 0x0000005c00e00000,0x0000005c00f00000] [id=51424]
  0x0000015fb8f22530 GCTaskThread "GC Thread#9" [stack: 0x0000005c00f00000,0x0000005c01000000] [id=64504]
  0x0000015fb9081440 GCTaskThread "GC Thread#10" [stack: 0x0000005c01000000,0x0000005c01100000] [id=75936]
  0x0000015fb9081700 GCTaskThread "GC Thread#11" [stack: 0x0000005c01100000,0x0000005c01200000] [id=27772]
  0x0000015fb90819c0 GCTaskThread "GC Thread#12" [stack: 0x0000005c01200000,0x0000005c01300000] [id=38104]
  0x0000015fb9081c80 GCTaskThread "GC Thread#13" [stack: 0x0000005c01300000,0x0000005c01400000] [id=68492]
  0x0000015fb8c1dfe0 GCTaskThread "GC Thread#14" [stack: 0x0000005c01400000,0x0000005c01500000] [id=65236]
  0x0000015fb8c1e560 GCTaskThread "GC Thread#15" [stack: 0x0000005c01500000,0x0000005c01600000] [id=77100]
  0x0000015fb8c1d4e0 GCTaskThread "GC Thread#16" [stack: 0x0000005c01600000,0x0000005c01700000] [id=74384]
  0x0000015fb8c1dd20 GCTaskThread "GC Thread#17" [stack: 0x0000005c01700000,0x0000005c01800000] [id=71304]
  0x0000015fb8c1d7a0 GCTaskThread "GC Thread#18" [stack: 0x0000005c01800000,0x0000005c01900000] [id=78788]
  0x0000015fb8c1e2a0 GCTaskThread "GC Thread#19" [stack: 0x0000005c01900000,0x0000005c01a00000] [id=58568]
  0x0000015fb8c1e820 GCTaskThread "GC Thread#20" [stack: 0x0000005c01a00000,0x0000005c01b00000] [id=28852]
  0x0000015fb8c1eae0 GCTaskThread "GC Thread#21" [stack: 0x0000005c01b00000,0x0000005c01c00000] [id=27580]
  0x0000015fb8c1cf60 GCTaskThread "GC Thread#22" [stack: 0x0000005c01c00000,0x0000005c01d00000] [id=67632]
  0x0000015f30af7f40 ConcurrentGCThread "G1 Main Marker" [stack: 0x0000005c7e900000,0x0000005c7ea00000] [id=30144]
  0x0000015f30afaf20 ConcurrentGCThread "G1 Conc#0" [stack: 0x0000005c7ea00000,0x0000005c7eb00000] [id=77148]
  0x0000015fbc9f9eb0 ConcurrentGCThread "G1 Conc#1" [stack: 0x0000005c02700000,0x0000005c02800000] [id=75872]
  0x0000015fbc9f6ff0 ConcurrentGCThread "G1 Conc#2" [stack: 0x0000005c02800000,0x0000005c02900000] [id=37900]
  0x0000015fbc9f7570 ConcurrentGCThread "G1 Conc#3" [stack: 0x0000005c02900000,0x0000005c02a00000] [id=71104]
  0x0000015fbc9f7830 ConcurrentGCThread "G1 Conc#4" [stack: 0x0000005c02a00000,0x0000005c02b00000] [id=5576]
  0x0000015fbc9f8070 ConcurrentGCThread "G1 Conc#5" [stack: 0x0000005c02b00000,0x0000005c02c00000] [id=62216]
  0x0000015f491c7070 ConcurrentGCThread "G1 Refine#0" [stack: 0x0000005c7eb00000,0x0000005c7ec00000] [id=76968]
  0x0000015fc87cb560 ConcurrentGCThread "G1 Refine#1" [stack: 0x0000005c03000000,0x0000005c03100000] [id=30792]
  0x0000015fc87c8080 ConcurrentGCThread "G1 Refine#2" [stack: 0x0000005c03100000,0x0000005c03200000] [id=25936]
  0x0000015fc87ca0d0 ConcurrentGCThread "G1 Refine#3" [stack: 0x0000005c03200000,0x0000005c03300000] [id=76596]
  0x0000015fc87ca9a0 ConcurrentGCThread "G1 Refine#4" [stack: 0x0000005c03300000,0x0000005c03400000] [id=20004]
  0x0000015fc87ca3c0 ConcurrentGCThread "G1 Refine#5" [stack: 0x0000005c03400000,0x0000005c03500000] [id=42080]
  0x0000015fbd62c360 ConcurrentGCThread "G1 Refine#6" [stack: 0x0000005c05e00000,0x0000005c05f00000] [id=6388]
  0x0000015fcc9cdf70 ConcurrentGCThread "G1 Refine#7" [stack: 0x0000005c02500000,0x0000005c02600000] [id=47660]
  0x0000015fcc9cd990 ConcurrentGCThread "G1 Refine#8" [stack: 0x0000005c05c00000,0x0000005c05d00000] [id=62936]
  0x0000015fcc9cf110 ConcurrentGCThread "G1 Refine#9" [stack: 0x0000005c05d00000,0x0000005c05e00000] [id=74620]
  0x0000015fcc9ce550 ConcurrentGCThread "G1 Refine#10" [stack: 0x0000005c07400000,0x0000005c07500000] [id=10920]
  0x0000015fcc9cf9e0 ConcurrentGCThread "G1 Refine#11" [stack: 0x0000005c07500000,0x0000005c07600000] [id=78324]
  0x0000015fcbaf4500 ConcurrentGCThread "G1 Refine#12" [stack: 0x0000005c06000000,0x0000005c06100000] [id=76016]
  0x0000015fc7523dc0 ConcurrentGCThread "G1 Refine#13" [stack: 0x0000005c06100000,0x0000005c06200000] [id=78272]
  0x0000015fb99716d0 ConcurrentGCThread "G1 Refine#14" [stack: 0x0000005c06200000,0x0000005c06300000] [id=71712]
  0x0000015f491c7750 ConcurrentGCThread "G1 Service" [stack: 0x0000005c7ec00000,0x0000005c7ed00000] [id=18288]

Threads with active compile tasks:
C2 CompilerThread1  1617865 23180       4       net.minecraft.server.level.ChunkMap::schedule (153 bytes)
C2 CompilerThread2  1617865 23043 %     4       net.minecraft.server.level.ChunkMap::getChunkRangeFuture @ 84 (293 bytes)
C2 CompilerThread4  1617865 23170       4       net.minecraft.server.level.ChunkMap::scheduleChunkGeneration (69 bytes)
C2 CompilerThread7  1617865 23218       4       net.minecraft.nbt.ByteArrayTag$1::load (8 bytes)
C2 CompilerThread9  1617865 23022       4       net.minecraft.server.level.ChunkHolder::getOrScheduleFuture (153 bytes)

VM state: at safepoint (normal execution)

VM Mutex/Monitor currently owned by a thread:  ([mutex/lock_event])
[0x0000015f30aadcc0] Threads_lock - owner thread: 0x0000015f72582190
[0x0000015f30aae530] Heap_lock - owner thread: 0x0000015fc755b860

Heap address: 0x000000040d800000, size: 16168 MB, Compressed Oops mode: Zero based, Oop shift amount: 3

CDS archive(s) mapped at: [0x0000015f73000000-0x0000015f73bb0000-0x0000015f73bb0000), size 12255232, SharedBaseAddress: 0x0000015f73000000, ArchiveRelocationMode: 1.
Compressed class space mapped at: 0x0000015f74000000-0x0000015fb4000000, reserved size: 1073741824
Narrow klass base: 0x0000015f73000000, Narrow klass shift: 0, Narrow klass range: 0x100000000

GC Precious Log:
 CPUs: 32 total, 32 available
 Memory: 64650M
 Large Page Support: Disabled
 NUMA Support: Disabled
 Compressed Oops: Enabled (Zero based)
 Heap Region Size: 8M
 Heap Min Capacity: 8M
 Heap Initial Capacity: 1016M
 Heap Max Capacity: 16168M
 Pre-touch: Disabled
 Parallel Workers: 23
 Concurrent Workers: 6
 Concurrent Refinement Workers: 23
 Periodic GC: Disabled

Heap:
 garbage-first heap   total 1220608K, used 928678K [0x000000040d800000, 0x0000000800000000)
  region size 8192K, 3 young (24576K), 3 survivors (24576K)
 Metaspace       used 130805K, committed 132608K, reserved 1179648K
  class space    used 20276K, committed 21120K, reserved 1048576K

Heap Regions: E=young(eden), S=young(survivor), O=old, HS=humongous(starts), HC=humongous(continues), CS=collection set, F=free, OA=open archive, CA=closed archive, TAMS=top-at-mark-start (previous, next)
|   0|0x000000040d800000, 0x000000040e000000, 0x000000040e000000|100%| O|  |TAMS 0x000000040e000000, 0x000000040e000000| Untracked 
|   1|0x000000040e000000, 0x000000040e6a8400, 0x000000040e800000| 83%| O|  |TAMS 0x000000040e6a8400, 0x000000040e6a8400| Untracked 
|   2|0x000000040e800000, 0x000000040f000000, 0x000000040f000000|100%| O|  |TAMS 0x000000040f000000, 0x000000040f000000| Untracked 
|   3|0x000000040f000000, 0x000000040f800000, 0x000000040f800000|100%| O|  |TAMS 0x000000040f800000, 0x000000040f800000| Untracked 
|   4|0x000000040f800000, 0x0000000410000000, 0x0000000410000000|100%| O|  |TAMS 0x0000000410000000, 0x0000000410000000| Untracked 
|   5|0x0000000410000000, 0x0000000410800000, 0x0000000410800000|100%| O|  |TAMS 0x0000000410800000, 0x0000000410800000| Untracked 
|   6|0x0000000410800000, 0x0000000411000000, 0x0000000411000000|100%| O|  |TAMS 0x0000000411000000, 0x0000000411000000| Untracked 
|   7|0x0000000411000000, 0x0000000411800000, 0x0000000411800000|100%| O|  |TAMS 0x0000000411800000, 0x0000000411800000| Untracked 
|   8|0x0000000411800000, 0x0000000412000000, 0x0000000412000000|100%| O|  |TAMS 0x0000000412000000, 0x0000000412000000| Untracked 
|   9|0x0000000412000000, 0x0000000412800000, 0x0000000412800000|100%| O|  |TAMS 0x0000000412800000, 0x0000000412800000| Untracked 
|  10|0x0000000412800000, 0x0000000413000000, 0x0000000413000000|100%| O|  |TAMS 0x0000000413000000, 0x0000000413000000| Untracked 
|  11|0x0000000413000000, 0x00000004135ebc00, 0x0000000413800000| 74%| O|  |TAMS 0x00000004135ebc00, 0x00000004135ebc00| Untracked 
|  12|0x0000000413800000, 0x0000000414000000, 0x0000000414000000|100%|HS|  |TAMS 0x0000000414000000, 0x0000000414000000| Complete 
|  13|0x0000000414000000, 0x0000000414800000, 0x0000000414800000|100%|HC|  |TAMS 0x0000000414800000, 0x0000000414800000| Complete 
|  14|0x0000000414800000, 0x0000000415000000, 0x0000000415000000|100%| O|  |TAMS 0x0000000415000000, 0x0000000415000000| Untracked 
|  15|0x0000000415000000, 0x0000000415800000, 0x0000000415800000|100%| O|  |TAMS 0x0000000415800000, 0x0000000415800000| Untracked 
|  16|0x0000000415800000, 0x0000000416000000, 0x0000000416000000|100%| O|  |TAMS 0x0000000416000000, 0x0000000416000000| Untracked 
|  17|0x0000000416000000, 0x0000000416800000, 0x0000000416800000|100%| O|  |TAMS 0x0000000416800000, 0x0000000416800000| Untracked 
|  18|0x0000000416800000, 0x0000000417000000, 0x0000000417000000|100%| O|  |TAMS 0x0000000417000000, 0x0000000417000000| Untracked 
|  19|0x0000000417000000, 0x0000000417800000, 0x0000000417800000|100%| O|  |TAMS 0x0000000417800000, 0x0000000417800000| Untracked 
|  20|0x0000000417800000, 0x0000000418000000, 0x0000000418000000|100%| O|  |TAMS 0x0000000418000000, 0x0000000418000000| Untracked 
|  21|0x0000000418000000, 0x0000000418800000, 0x0000000418800000|100%| O|  |TAMS 0x0000000418800000, 0x0000000418800000| Untracked 
|  22|0x0000000418800000, 0x0000000419000000, 0x0000000419000000|100%| O|  |TAMS 0x0000000419000000, 0x0000000419000000| Untracked 
|  23|0x0000000419000000, 0x0000000419800000, 0x0000000419800000|100%| O|  |TAMS 0x0000000419800000, 0x0000000419800000| Untracked 
|  24|0x0000000419800000, 0x000000041a000000, 0x000000041a000000|100%| O|  |TAMS 0x000000041a000000, 0x000000041a000000| Untracked 
|  25|0x000000041a000000, 0x000000041a800000, 0x000000041a800000|100%| O|  |TAMS 0x000000041a800000, 0x000000041a800000| Untracked 
|  26|0x000000041a800000, 0x000000041b000000, 0x000000041b000000|100%| O|  |TAMS 0x000000041b000000, 0x000000041b000000| Untracked 
|  27|0x000000041b000000, 0x000000041b800000, 0x000000041b800000|100%| O|  |TAMS 0x000000041b800000, 0x000000041b800000| Untracked 
|  28|0x000000041b800000, 0x000000041c000000, 0x000000041c000000|100%| O|  |TAMS 0x000000041c000000, 0x000000041c000000| Untracked 
|  29|0x000000041c000000, 0x000000041c800000, 0x000000041c800000|100%| O|  |TAMS 0x000000041c800000, 0x000000041c800000| Untracked 
|  30|0x000000041c800000, 0x000000041d000000, 0x000000041d000000|100%| O|  |TAMS 0x000000041d000000, 0x000000041d000000| Untracked 
|  31|0x000000041d000000, 0x000000041d800000, 0x000000041d800000|100%| O|  |TAMS 0x000000041d800000, 0x000000041d800000| Untracked 
|  32|0x000000041d800000, 0x000000041e000000, 0x000000041e000000|100%| O|  |TAMS 0x000000041e000000, 0x000000041e000000| Untracked 
|  33|0x000000041e000000, 0x000000041e800000, 0x000000041e800000|100%| O|  |TAMS 0x000000041e800000, 0x000000041e800000| Untracked 
|  34|0x000000041e800000, 0x000000041f000000, 0x000000041f000000|100%| O|  |TAMS 0x000000041e800000, 0x000000041f000000| Untracked 
|  35|0x000000041f000000, 0x000000041f800000, 0x000000041f800000|100%| O|  |TAMS 0x000000041f800000, 0x000000041f800000| Untracked 
|  36|0x000000041f800000, 0x0000000420000000, 0x0000000420000000|100%| O|  |TAMS 0x0000000420000000, 0x0000000420000000| Untracked 
|  37|0x0000000420000000, 0x0000000420800000, 0x0000000420800000|100%| O|  |TAMS 0x0000000420800000, 0x0000000420800000| Untracked 
|  38|0x0000000420800000, 0x0000000421000000, 0x0000000421000000|100%| O|  |TAMS 0x0000000421000000, 0x0000000421000000| Untracked 
|  39|0x0000000421000000, 0x0000000421800000, 0x0000000421800000|100%| O|  |TAMS 0x0000000421800000, 0x0000000421800000| Untracked 
|  40|0x0000000421800000, 0x0000000422000000, 0x0000000422000000|100%| O|  |TAMS 0x0000000422000000, 0x0000000422000000| Untracked 
|  41|0x0000000422000000, 0x0000000422800000, 0x0000000422800000|100%| O|  |TAMS 0x0000000422800000, 0x0000000422800000| Untracked 
|  42|0x0000000422800000, 0x0000000423000000, 0x0000000423000000|100%| O|  |TAMS 0x0000000423000000, 0x0000000423000000| Untracked 
|  43|0x0000000423000000, 0x0000000423800000, 0x0000000423800000|100%| O|  |TAMS 0x0000000423800000, 0x0000000423800000| Untracked 
|  44|0x0000000423800000, 0x0000000424000000, 0x0000000424000000|100%| O|  |TAMS 0x0000000424000000, 0x0000000424000000| Untracked 
|  45|0x0000000424000000, 0x0000000424800000, 0x0000000424800000|100%| O|  |TAMS 0x0000000424800000, 0x0000000424800000| Untracked 
|  46|0x0000000424800000, 0x0000000425000000, 0x0000000425000000|100%| O|  |TAMS 0x0000000425000000, 0x0000000425000000| Untracked 
|  47|0x0000000425000000, 0x0000000425800000, 0x0000000425800000|100%| O|  |TAMS 0x0000000425800000, 0x0000000425800000| Untracked 
|  48|0x0000000425800000, 0x0000000426000000, 0x0000000426000000|100%| O|  |TAMS 0x0000000426000000, 0x0000000426000000| Untracked 
|  49|0x0000000426000000, 0x0000000426800000, 0x0000000426800000|100%| O|  |TAMS 0x0000000426800000, 0x0000000426800000| Untracked 
|  50|0x0000000426800000, 0x0000000427000000, 0x0000000427000000|100%| O|  |TAMS 0x0000000427000000, 0x0000000427000000| Untracked 
|  51|0x0000000427000000, 0x0000000427800000, 0x0000000427800000|100%| O|  |TAMS 0x0000000427800000, 0x0000000427800000| Untracked 
|  52|0x0000000427800000, 0x0000000428000000, 0x0000000428000000|100%| O|  |TAMS 0x0000000428000000, 0x0000000428000000| Untracked 
|  53|0x0000000428000000, 0x0000000428800000, 0x0000000428800000|100%| O|  |TAMS 0x0000000428800000, 0x0000000428800000| Untracked 
|  54|0x0000000428800000, 0x0000000429000000, 0x0000000429000000|100%| O|  |TAMS 0x0000000429000000, 0x0000000429000000| Untracked 
|  55|0x0000000429000000, 0x0000000429800000, 0x0000000429800000|100%| O|  |TAMS 0x0000000429800000, 0x0000000429800000| Untracked 
|  56|0x0000000429800000, 0x000000042a000000, 0x000000042a000000|100%| O|  |TAMS 0x000000042a000000, 0x000000042a000000| Untracked 
|  57|0x000000042a000000, 0x000000042a800000, 0x000000042a800000|100%| O|  |TAMS 0x000000042a800000, 0x000000042a800000| Untracked 
|  58|0x000000042a800000, 0x000000042b000000, 0x000000042b000000|100%| O|  |TAMS 0x000000042b000000, 0x000000042b000000| Untracked 
|  59|0x000000042b000000, 0x000000042b800000, 0x000000042b800000|100%| O|  |TAMS 0x000000042b000000, 0x000000042b000000| Untracked 
|  60|0x000000042b800000, 0x000000042c000000, 0x000000042c000000|100%| O|  |TAMS 0x000000042c000000, 0x000000042c000000| Untracked 
|  61|0x000000042c000000, 0x000000042c800000, 0x000000042c800000|100%| O|  |TAMS 0x000000042c800000, 0x000000042c800000| Untracked 
|  62|0x000000042c800000, 0x000000042d000000, 0x000000042d000000|100%| O|  |TAMS 0x000000042d000000, 0x000000042d000000| Untracked 
|  63|0x000000042d000000, 0x000000042d800000, 0x000000042d800000|100%| O|  |TAMS 0x000000042d800000, 0x000000042d800000| Untracked 
|  64|0x000000042d800000, 0x000000042e000000, 0x000000042e000000|100%| O|  |TAMS 0x000000042e000000, 0x000000042e000000| Untracked 
|  65|0x000000042e000000, 0x000000042e800000, 0x000000042e800000|100%| O|  |TAMS 0x000000042e000000, 0x000000042e000000| Untracked 
|  66|0x000000042e800000, 0x000000042f000000, 0x000000042f000000|100%| O|  |TAMS 0x000000042f000000, 0x000000042f000000| Untracked 
|  67|0x000000042f000000, 0x000000042f800000, 0x000000042f800000|100%| O|  |TAMS 0x000000042f800000, 0x000000042f800000| Untracked 
|  68|0x000000042f800000, 0x0000000430000000, 0x0000000430000000|100%| O|  |TAMS 0x0000000430000000, 0x0000000430000000| Untracked 
|  69|0x0000000430000000, 0x0000000430800000, 0x0000000430800000|100%| O|  |TAMS 0x0000000430800000, 0x0000000430800000| Untracked 
|  70|0x0000000430800000, 0x0000000431000000, 0x0000000431000000|100%| O|  |TAMS 0x0000000430c37000, 0x0000000431000000| Untracked 
|  71|0x0000000431000000, 0x0000000431800000, 0x0000000431800000|100%| O|  |TAMS 0x0000000431000000, 0x0000000431800000| Untracked 
|  72|0x0000000431800000, 0x0000000432000000, 0x0000000432000000|100%| O|  |TAMS 0x0000000431800000, 0x0000000432000000| Untracked 
|  73|0x0000000432000000, 0x0000000432800000, 0x0000000432800000|100%| O|  |TAMS 0x0000000432000000, 0x0000000432800000| Untracked 
|  74|0x0000000432800000, 0x0000000433000000, 0x0000000433000000|100%| O|  |TAMS 0x0000000432800000, 0x0000000433000000| Untracked 
|  75|0x0000000433000000, 0x0000000433800000, 0x0000000433800000|100%| O|  |TAMS 0x0000000433000000, 0x0000000433800000| Untracked 
|  76|0x0000000433800000, 0x0000000434000000, 0x0000000434000000|100%| O|  |TAMS 0x0000000433800000, 0x0000000434000000| Untracked 
|  77|0x0000000434000000, 0x0000000434800000, 0x0000000434800000|100%| O|  |TAMS 0x0000000434000000, 0x0000000434800000| Untracked 
|  78|0x0000000434800000, 0x0000000435000000, 0x0000000435000000|100%| O|  |TAMS 0x0000000434800000, 0x0000000435000000| Untracked 
|  79|0x0000000435000000, 0x0000000435800000, 0x0000000435800000|100%| O|  |TAMS 0x0000000435000000, 0x0000000435800000| Untracked 
|  80|0x0000000435800000, 0x0000000436000000, 0x0000000436000000|100%| O|  |TAMS 0x0000000435800000, 0x0000000436000000| Untracked 
|  81|0x0000000436000000, 0x0000000436800000, 0x0000000436800000|100%| O|  |TAMS 0x0000000436000000, 0x0000000436000000| Untracked 
|  82|0x0000000436800000, 0x0000000437000000, 0x0000000437000000|100%| O|  |TAMS 0x0000000436800000, 0x0000000436800000| Untracked 
|  83|0x0000000437000000, 0x0000000437800000, 0x0000000437800000|100%| O|  |TAMS 0x0000000437000000, 0x0000000437000000| Untracked 
|  84|0x0000000437800000, 0x0000000438000000, 0x0000000438000000|100%| O|  |TAMS 0x0000000437800000, 0x0000000437800000| Untracked 
|  85|0x0000000438000000, 0x0000000438800000, 0x0000000438800000|100%| O|  |TAMS 0x0000000438000000, 0x0000000438000000| Untracked 
|  86|0x0000000438800000, 0x0000000439000000, 0x0000000439000000|100%| O|  |TAMS 0x0000000438800000, 0x0000000438ab1e00| Untracked 
|  87|0x0000000439000000, 0x0000000439800000, 0x0000000439800000|100%| O|  |TAMS 0x0000000439000000, 0x0000000439000000| Untracked 
|  88|0x0000000439800000, 0x000000043a000000, 0x000000043a000000|100%| O|  |TAMS 0x0000000439800000, 0x0000000439800000| Untracked 
|  89|0x000000043a000000, 0x000000043a800000, 0x000000043a800000|100%| O|  |TAMS 0x000000043a000000, 0x000000043a000000| Untracked 
|  90|0x000000043a800000, 0x000000043b000000, 0x000000043b000000|100%| O|  |TAMS 0x000000043a800000, 0x000000043a800000| Untracked 
|  91|0x000000043b000000, 0x000000043b800000, 0x000000043b800000|100%| O|  |TAMS 0x000000043b000000, 0x000000043b000000| Untracked 
|  92|0x000000043b800000, 0x000000043c000000, 0x000000043c000000|100%| O|  |TAMS 0x000000043b800000, 0x000000043b800000| Untracked 
|  93|0x000000043c000000, 0x000000043c800000, 0x000000043c800000|100%| O|  |TAMS 0x000000043c000000, 0x000000043c000000| Untracked 
|  94|0x000000043c800000, 0x000000043d000000, 0x000000043d000000|100%| O|  |TAMS 0x000000043c800000, 0x000000043c800000| Untracked 
|  95|0x000000043d000000, 0x000000043d800000, 0x000000043d800000|100%| O|  |TAMS 0x000000043d000000, 0x000000043d000000| Untracked 
|  96|0x000000043d800000, 0x000000043e000000, 0x000000043e000000|100%| O|  |TAMS 0x000000043d800000, 0x000000043d800000| Untracked 
|  97|0x000000043e000000, 0x000000043e800000, 0x000000043e800000|100%| O|  |TAMS 0x000000043e000000, 0x000000043e000000| Untracked 
|  98|0x000000043e800000, 0x000000043f000000, 0x000000043f000000|100%| O|  |TAMS 0x000000043e800000, 0x000000043e800000| Untracked 
|  99|0x000000043f000000, 0x000000043f800000, 0x000000043f800000|100%| O|  |TAMS 0x000000043f000000, 0x000000043f000000| Untracked 
| 100|0x000000043f800000, 0x0000000440000000, 0x0000000440000000|100%| O|  |TAMS 0x000000043f800000, 0x000000043f800000| Untracked 
| 101|0x0000000440000000, 0x0000000440000000, 0x0000000440800000|  0%| F|  |TAMS 0x0000000440000000, 0x0000000440000000| Untracked 
| 102|0x0000000440800000, 0x0000000440800000, 0x0000000441000000|  0%| F|  |TAMS 0x0000000440800000, 0x0000000440800000| Untracked 
| 103|0x0000000441000000, 0x0000000441000000, 0x0000000441800000|  0%| F|  |TAMS 0x0000000441000000, 0x0000000441000000| Untracked 
| 104|0x0000000441800000, 0x0000000441800000, 0x0000000442000000|  0%| F|  |TAMS 0x0000000441800000, 0x0000000441800000| Untracked 
| 105|0x0000000442000000, 0x0000000442000000, 0x0000000442800000|  0%| F|  |TAMS 0x0000000442000000, 0x0000000442000000| Untracked 
| 106|0x0000000442800000, 0x0000000442800000, 0x0000000443000000|  0%| F|  |TAMS 0x0000000442800000, 0x0000000442800000| Untracked 
| 107|0x0000000443000000, 0x0000000443800000, 0x0000000443800000|100%| O|  |TAMS 0x0000000443000000, 0x0000000443000000| Untracked 
| 108|0x0000000443800000, 0x0000000444000000, 0x0000000444000000|100%| O|  |TAMS 0x0000000443800000, 0x0000000443800000| Untracked 
| 109|0x0000000444000000, 0x0000000444800000, 0x0000000444800000|100%| O|  |TAMS 0x0000000444000000, 0x0000000444000000| Untracked 
| 110|0x0000000444800000, 0x0000000445000000, 0x0000000445000000|100%| O|  |TAMS 0x0000000444800000, 0x0000000444800000| Untracked 
| 111|0x0000000445000000, 0x0000000445800000, 0x0000000445800000|100%| O|  |TAMS 0x0000000445000000, 0x0000000445000000| Untracked 
| 112|0x0000000445800000, 0x0000000446000000, 0x0000000446000000|100%| O|  |TAMS 0x0000000445800000, 0x0000000445800000| Untracked 
| 113|0x0000000446000000, 0x0000000446800000, 0x0000000446800000|100%| O|  |TAMS 0x0000000446000000, 0x0000000446000000| Untracked 
| 114|0x0000000446800000, 0x0000000447000000, 0x0000000447000000|100%| O|  |TAMS 0x0000000446800000, 0x0000000446800000| Untracked 
| 115|0x0000000447000000, 0x0000000447800000, 0x0000000447800000|100%| O|  |TAMS 0x0000000447000000, 0x0000000447000000| Untracked 
| 116|0x0000000447800000, 0x0000000447e55a00, 0x0000000448000000| 79%| O|  |TAMS 0x0000000447800000, 0x0000000447800000| Untracked 
| 117|0x0000000448000000, 0x0000000448000000, 0x0000000448800000|  0%| F|  |TAMS 0x0000000448000000, 0x0000000448000000| Untracked 
| 118|0x0000000448800000, 0x0000000448800000, 0x0000000449000000|  0%| F|  |TAMS 0x0000000448800000, 0x0000000448800000| Untracked 
| 119|0x0000000449000000, 0x0000000449000000, 0x0000000449800000|  0%| F|  |TAMS 0x0000000449000000, 0x0000000449000000| Untracked 
| 120|0x0000000449800000, 0x0000000449800000, 0x000000044a000000|  0%| F|  |TAMS 0x0000000449800000, 0x0000000449800000| Untracked 
| 121|0x000000044a000000, 0x000000044a000000, 0x000000044a800000|  0%| F|  |TAMS 0x000000044a000000, 0x000000044a000000| Untracked 
| 122|0x000000044a800000, 0x000000044a800000, 0x000000044b000000|  0%| F|  |TAMS 0x000000044a800000, 0x000000044a800000| Untracked 
| 123|0x000000044b000000, 0x000000044b000000, 0x000000044b800000|  0%| F|  |TAMS 0x000000044b000000, 0x000000044b000000| Untracked 
| 124|0x000000044b800000, 0x000000044b800000, 0x000000044c000000|  0%| F|  |TAMS 0x000000044b800000, 0x000000044b800000| Untracked 
| 125|0x000000044c000000, 0x000000044c000000, 0x000000044c800000|  0%| F|  |TAMS 0x000000044c000000, 0x000000044c000000| Untracked 
| 126|0x000000044c800000, 0x000000044c800000, 0x000000044d000000|  0%| F|  |TAMS 0x000000044c800000, 0x000000044c800000| Untracked 
| 127|0x000000044d000000, 0x000000044d000000, 0x000000044d800000|  0%| F|  |TAMS 0x000000044d000000, 0x000000044d000000| Untracked 
| 128|0x000000044d800000, 0x000000044d800000, 0x000000044e000000|  0%| F|  |TAMS 0x000000044d800000, 0x000000044d800000| Untracked 
| 129|0x000000044e000000, 0x000000044e000000, 0x000000044e800000|  0%| F|  |TAMS 0x000000044e000000, 0x000000044e000000| Untracked 
| 130|0x000000044e800000, 0x000000044e800000, 0x000000044f000000|  0%| F|  |TAMS 0x000000044e800000, 0x000000044e800000| Untracked 
| 131|0x000000044f000000, 0x000000044f000000, 0x000000044f800000|  0%| F|  |TAMS 0x000000044f000000, 0x000000044f000000| Untracked 
| 132|0x000000044f800000, 0x0000000450000000, 0x0000000450000000|100%| S|CS|TAMS 0x000000044f800000, 0x000000044f800000| Complete 
| 133|0x0000000450000000, 0x0000000450800000, 0x0000000450800000|100%| S|CS|TAMS 0x0000000450000000, 0x0000000450000000| Complete 
| 134|0x0000000450800000, 0x0000000451000000, 0x0000000451000000|100%| S|CS|TAMS 0x0000000450800000, 0x0000000450800000| Complete 
| 135|0x0000000451000000, 0x0000000451000000, 0x0000000451800000|  0%| F|  |TAMS 0x0000000451000000, 0x0000000451000000| Untracked 
| 136|0x0000000451800000, 0x0000000451800000, 0x0000000452000000|  0%| F|  |TAMS 0x0000000451800000, 0x0000000451800000| Untracked 
| 137|0x0000000452000000, 0x0000000452000000, 0x0000000452800000|  0%| F|  |TAMS 0x0000000452000000, 0x0000000452000000| Untracked 
| 138|0x0000000452800000, 0x0000000452800000, 0x0000000453000000|  0%| F|  |TAMS 0x0000000452800000, 0x0000000452800000| Untracked 
| 139|0x0000000453000000, 0x0000000453000000, 0x0000000453800000|  0%| F|  |TAMS 0x0000000453000000, 0x0000000453000000| Untracked 
| 140|0x0000000453800000, 0x0000000453800000, 0x0000000454000000|  0%| F|  |TAMS 0x0000000453800000, 0x0000000453800000| Untracked 
| 141|0x0000000454000000, 0x0000000454000000, 0x0000000454800000|  0%| F|  |TAMS 0x0000000454000000, 0x0000000454000000| Untracked 
| 142|0x0000000454800000, 0x0000000454800000, 0x0000000455000000|  0%| F|  |TAMS 0x0000000454800000, 0x0000000454800000| Untracked 
| 143|0x0000000455000000, 0x0000000455000000, 0x0000000455800000|  0%| F|  |TAMS 0x0000000455000000, 0x0000000455000000| Untracked 
| 144|0x0000000455800000, 0x0000000455800000, 0x0000000456000000|  0%| F|  |TAMS 0x0000000455800000, 0x0000000455800000| Untracked 
| 145|0x0000000456000000, 0x0000000456000000, 0x0000000456800000|  0%| F|  |TAMS 0x0000000456000000, 0x0000000456000000| Untracked 
| 146|0x0000000456800000, 0x0000000456800000, 0x0000000457000000|  0%| F|  |TAMS 0x0000000456800000, 0x0000000456800000| Untracked 
| 147|0x0000000457000000, 0x0000000457000000, 0x0000000457800000|  0%| F|  |TAMS 0x0000000457000000, 0x0000000457000000| Untracked 
| 148|0x0000000457800000, 0x0000000457800000, 0x0000000458000000|  0%| F|  |TAMS 0x0000000457800000, 0x0000000457800000| Untracked 

Card table byte_map: [0x0000015f4b180000,0x0000015f4d120000] _byte_map_base: 0x0000015f49114000

Marking Bits (Prev, Next): (CMBitMap*) 0x0000015f30ae4e40, (CMBitMap*) 0x0000015f30ae4e00
 Prev Bits: [0x0000015f5ed60000, 0x0000015f6ea00000)
 Next Bits: [0x0000015f4f0c0000, 0x0000015f5ed60000)

Polling page: 0x0000015f2f1e0000

Metaspace:

Usage:
  Non-class:    107.94 MB used.
      Class:     19.80 MB used.
       Both:    127.74 MB used.

Virtual space:
  Non-class space:      128.00 MB reserved,     108.88 MB ( 85%) committed,  2 nodes.
      Class space:        1.00 GB reserved,      20.62 MB (  2%) committed,  1 nodes.
             Both:        1.12 GB reserved,     129.50 MB ( 11%) committed. 

Chunk freelists:
   Non-Class:  2.89 MB
       Class:  11.28 MB
        Both:  14.17 MB

MaxMetaspaceSize: unlimited
CompressedClassSpaceSize: 1.00 GB
Initial GC threshold: 21.00 MB
Current GC threshold: 206.56 MB
CDS: on
MetaspaceReclaimPolicy: balanced
 - commit_granule_bytes: 65536.
 - commit_granule_words: 8192.
 - virtual_space_node_default_size: 8388608.
 - enlarge_chunks_in_place: 1.
 - new_chunks_are_fully_committed: 0.
 - uncommit_free_chunks: 1.
 - use_allocation_guard: 0.
 - handle_deallocations: 1.


Internal statistics:

num_allocs_failed_limit: 9.
num_arena_births: 2856.
num_arena_deaths: 20.
num_vsnodes_births: 3.
num_vsnodes_deaths: 0.
num_space_committed: 2067.
num_space_uncommitted: 0.
num_chunks_returned_to_freelist: 39.
num_chunks_taken_from_freelist: 8459.
num_chunk_merges: 20.
num_chunk_splits: 5458.
num_chunks_enlarged: 3483.
num_inconsistent_stats: 0.

CodeHeap 'non-profiled nmethods': size=118848Kb used=18354Kb max_used=18354Kb free=100493Kb
 bounds [0x0000015f40180000, 0x0000015f41380000, 0x0000015f47590000]
CodeHeap 'profiled nmethods': size=118848Kb used=25974Kb max_used=26318Kb free=92873Kb
 bounds [0x0000015f38590000, 0x0000015f39f50000, 0x0000015f3f9a0000]
CodeHeap 'non-nmethods': size=8064Kb used=4654Kb max_used=4740Kb free=3409Kb
 bounds [0x0000015f3f9a0000, 0x0000015f3fe50000, 0x0000015f40180000]
 total_blobs=18312 nmethods=16281 adapters=1938
 compilation: enabled
              stopped_count=0, restarted_count=0
 full_count=0

Compilation events (20 events):
Event: 1617.796 Thread 0x0000015f725b3240 23210       3       net.minecraft.server.level.ChunkTaskPriorityQueue::resortChunkTasks (151 bytes)
Event: 1617.796 Thread 0x0000015fbc463710 23211       4       java.util.concurrent.CompletableFuture::postFire (69 bytes)
Event: 1617.796 Thread 0x0000015fbc4641b0 nmethod 23209 0x0000015f39514190 code [0x0000015f39514340, 0x0000015f39514488]
Event: 1617.797 Thread 0x0000015fbc45d770 nmethod 23208 0x0000015f391aa490 code [0x0000015f391aa640, 0x0000015f391aa908]
Event: 1617.797 Thread 0x0000015f725b3240 nmethod 23210 0x0000015f38dc6a10 code [0x0000015f38dc6ce0, 0x0000015f38dc7e58]
Event: 1617.798 Thread 0x0000015fbc4621d0 nmethod 23205% 0x0000015f4092d390 code [0x0000015f4092d540, 0x0000015f4092db08]
Event: 1617.799 Thread 0x0000015fbc461730 23212       3       net.minecraft.server.level.ChunkMap$$Lambda$10987/0x0000015f754ab8d8::apply (5 bytes)
Event: 1617.799 Thread 0x0000015fbc461730 nmethod 23212 0x0000015f39499390 code [0x0000015f39499520, 0x0000015f39499668]
Event: 1617.799 Thread 0x0000015fbc45fca0 23213       3       java.lang.invoke.LambdaForm$DMH/0x0000015f75098400::newInvokeSpecial (32 bytes)
Event: 1617.799 Thread 0x0000015fbc45d770 23214       3       java.lang.invoke.LambdaForm$MH/0x0000015f75098c00::linkToTargetMethod (15 bytes)
Event: 1617.799 Thread 0x0000015fbc45d770 nmethod 23214 0x0000015f39446310 code [0x0000015f394464c0, 0x0000015f394467d8]
Event: 1617.800 Thread 0x0000015fbc45fca0 nmethod 23213 0x0000015f38f9b910 code [0x0000015f38f9bb00, 0x0000015f38f9c128]
Event: 1617.800 Thread 0x0000015fbc463710 nmethod 23211 0x0000015f40c03710 code [0x0000015f40c038a0, 0x0000015f40c03bf8]
Event: 1617.800 Thread 0x0000015fbc461730 23215       3       net.minecraft.server.level.ChunkLevel::fullStatus (34 bytes)
Event: 1617.801 Thread 0x0000015fbc461730 nmethod 23215 0x0000015f38ebcb10 code [0x0000015f38ebccc0, 0x0000015f38ebcef8]
Event: 1617.801 Thread 0x0000015fbc461730 23217       1       net.minecraft.server.level.ChunkHolder::setQueueLevel (6 bytes)
Event: 1617.801 Thread 0x0000015f725b3240 23216       1       net.minecraft.server.level.ChunkHolder::getQueueLevel (5 bytes)
Event: 1617.801 Thread 0x0000015fbc461730 nmethod 23217 0x0000015f40f50310 code [0x0000015f40f504a0, 0x0000015f40f50578]
Event: 1617.801 Thread 0x0000015f725b3240 nmethod 23216 0x0000015f411f4090 code [0x0000015f411f4220, 0x0000015f411f42f8]
Event: 1617.802 Thread 0x0000015fbc4621d0 23218       4       net.minecraft.nbt.ByteArrayTag$1::load (8 bytes)

GC Heap History (20 events):
Event: 1288.550 GC heap after
{Heap after GC invocations=54 (full 0):
 garbage-first heap   total 1220608K, used 551453K [0x000000040d800000, 0x0000000800000000)
  region size 8192K, 4 young (32768K), 4 survivors (32768K)
 Metaspace       used 116721K, committed 118336K, reserved 1179648K
  class space    used 18039K, committed 18752K, reserved 1048576K
}
Event: 1390.530 GC heap before
{Heap before GC invocations=54 (full 0):
 garbage-first heap   total 1220608K, used 1051165K [0x000000040d800000, 0x0000000800000000)
  region size 8192K, 65 young (532480K), 4 survivors (32768K)
 Metaspace       used 116721K, committed 118336K, reserved 1179648K
  class space    used 18039K, committed 18752K, reserved 1048576K
}
Event: 1390.534 GC heap after
{Heap after GC invocations=55 (full 0):
 garbage-first heap   total 1220608K, used 552199K [0x000000040d800000, 0x0000000800000000)
  region size 8192K, 4 young (32768K), 4 survivors (32768K)
 Metaspace       used 116721K, committed 118336K, reserved 1179648K
  class space    used 18039K, committed 18752K, reserved 1048576K
}
Event: 1492.504 GC heap before
{Heap before GC invocations=55 (full 0):
 garbage-first heap   total 1220608K, used 1051911K [0x000000040d800000, 0x0000000800000000)
  region size 8192K, 65 young (532480K), 4 survivors (32768K)
 Metaspace       used 116721K, committed 118336K, reserved 1179648K
  class space    used 18039K, committed 18752K, reserved 1048576K
}
Event: 1492.511 GC heap after
{Heap after GC invocations=56 (full 0):
 garbage-first heap   total 1220608K, used 553505K [0x000000040d800000, 0x0000000800000000)
  region size 8192K, 1 young (8192K), 1 survivors (8192K)
 Metaspace       used 116721K, committed 118336K, reserved 1179648K
  class space    used 18039K, committed 18752K, reserved 1048576K
}
Event: 1600.140 GC heap before
{Heap before GC invocations=56 (full 0):
 garbage-first heap   total 1220608K, used 1077793K [0x000000040d800000, 0x0000000800000000)
  region size 8192K, 65 young (532480K), 1 survivors (8192K)
 Metaspace       used 116722K, committed 118336K, reserved 1179648K
  class space    used 18039K, committed 18752K, reserved 1048576K
}
Event: 1600.141 GC heap after
{Heap after GC invocations=57 (full 0):
 garbage-first heap   total 1220608K, used 553231K [0x000000040d800000, 0x0000000800000000)
  region size 8192K, 1 young (8192K), 1 survivors (8192K)
 Metaspace       used 116722K, committed 118336K, reserved 1179648K
  class space    used 18039K, committed 18752K, reserved 1048576K
}
Event: 1614.784 GC heap before
{Heap before GC invocations=58 (full 0):
 garbage-first heap   total 1220608K, used 1077519K [0x000000040d800000, 0x0000000800000000)
  region size 8192K, 65 young (532480K), 1 survivors (8192K)
 Metaspace       used 118915K, committed 120576K, reserved 1179648K
  class space    used 18389K, committed 19136K, reserved 1048576K
}
Event: 1614.793 GC heap after
{Heap after GC invocations=59 (full 0):
 garbage-first heap   total 1220608K, used 570001K [0x000000040d800000, 0x0000000800000000)
  region size 8192K, 3 young (24576K), 3 survivors (24576K)
 Metaspace       used 118915K, committed 120576K, reserved 1179648K
  class space    used 18389K, committed 19136K, reserved 1048576K
}
Event: 1614.991 GC heap before
{Heap before GC invocations=59 (full 0):
 garbage-first heap   total 1220608K, used 602769K [0x000000040d800000, 0x0000000800000000)
  region size 8192K, 7 young (57344K), 3 survivors (24576K)
 Metaspace       used 119442K, committed 121024K, reserved 1179648K
  class space    used 18477K, committed 19200K, reserved 1048576K
}
Event: 1614.997 GC heap after
{Heap after GC invocations=60 (full 0):
 garbage-first heap   total 1220608K, used 568738K [0x000000040d800000, 0x0000000800000000)
  region size 8192K, 1 young (8192K), 1 survivors (8192K)
 Metaspace       used 119442K, committed 121024K, reserved 1179648K
  class space    used 18477K, committed 19200K, reserved 1048576K
}
Event: 1616.141 GC heap before
{Heap before GC invocations=60 (full 0):
 garbage-first heap   total 1220608K, used 1060258K [0x000000040d800000, 0x0000000800000000)
  region size 8192K, 61 young (499712K), 1 survivors (8192K)
 Metaspace       used 125239K, committed 126912K, reserved 1179648K
  class space    used 19519K, committed 20288K, reserved 1048576K
}
Event: 1616.146 GC heap after
{Heap after GC invocations=61 (full 0):
 garbage-first heap   total 1220608K, used 577936K [0x000000040d800000, 0x0000000800000000)
  region size 8192K, 2 young (16384K), 2 survivors (16384K)
 Metaspace       used 125239K, committed 126912K, reserved 1179648K
  class space    used 19519K, committed 20288K, reserved 1048576K
}
Event: 1617.491 GC heap before
{Heap before GC invocations=62 (full 0):
 garbage-first heap   total 1220608K, used 1053072K [0x000000040d800000, 0x0000000800000000)
  region size 8192K, 60 young (491520K), 2 survivors (16384K)
 Metaspace       used 130737K, committed 132544K, reserved 1179648K
  class space    used 20275K, committed 21120K, reserved 1048576K
}
Event: 1617.509 GC heap after
{Heap after GC invocations=63 (full 0):
 garbage-first heap   total 1220608K, used 653026K [0x000000040d800000, 0x0000000800000000)
  region size 8192K, 8 young (65536K), 8 survivors (65536K)
 Metaspace       used 130737K, committed 132544K, reserved 1179648K
  class space    used 20275K, committed 21120K, reserved 1048576K
}
Event: 1617.516 GC heap before
{Heap before GC invocations=63 (full 0):
 garbage-first heap   total 1220608K, used 661218K [0x000000040d800000, 0x0000000800000000)
  region size 8192K, 9 young (73728K), 8 survivors (65536K)
 Metaspace       used 130737K, committed 132544K, reserved 1179648K
  class space    used 20275K, committed 21120K, reserved 1048576K
}
Event: 1617.530 GC heap after
{Heap after GC invocations=64 (full 0):
 garbage-first heap   total 1220608K, used 658187K [0x000000040d800000, 0x0000000800000000)
  region size 8192K, 2 young (16384K), 2 survivors (16384K)
 Metaspace       used 130737K, committed 132544K, reserved 1179648K
  class space    used 20275K, committed 21120K, reserved 1048576K
}
Event: 1617.680 GC heap before
{Heap before GC invocations=64 (full 0):
 garbage-first heap   total 1220608K, used 985867K [0x000000040d800000, 0x0000000800000000)
  region size 8192K, 42 young (344064K), 2 survivors (16384K)
 Metaspace       used 130791K, committed 132608K, reserved 1179648K
  class space    used 20276K, committed 21120K, reserved 1048576K
}
Event: 1617.721 GC heap after
{Heap after GC invocations=65 (full 0):
 garbage-first heap   total 1220608K, used 847490K [0x000000040d800000, 0x0000000800000000)
  region size 8192K, 6 young (49152K), 6 survivors (49152K)
 Metaspace       used 130791K, committed 132608K, reserved 1179648K
  class space    used 20276K, committed 21120K, reserved 1048576K
}
Event: 1617.804 GC heap before
{Heap before GC invocations=65 (full 0):
 garbage-first heap   total 1220608K, used 962178K [0x000000040d800000, 0x0000000800000000)
  region size 8192K, 20 young (163840K), 6 survivors (49152K)
 Metaspace       used 130805K, committed 132608K, reserved 1179648K
  class space    used 20276K, committed 21120K, reserved 1048576K
}

Dll operation events (15 events):
Event: 0.006 Loaded shared library C:\Users\paulm\.jdks\temurin-17.0.14\bin\java.dll
Event: 0.018 Loaded shared library C:\Users\paulm\.jdks\temurin-17.0.14\bin\jsvml.dll
Event: 0.106 Loaded shared library C:\Users\paulm\.jdks\temurin-17.0.14\bin\net.dll
Event: 0.107 Loaded shared library C:\Users\paulm\.jdks\temurin-17.0.14\bin\nio.dll
Event: 0.109 Loaded shared library C:\Users\paulm\.jdks\temurin-17.0.14\bin\zip.dll
Event: 0.146 Loaded shared library C:\Users\paulm\.jdks\temurin-17.0.14\bin\jimage.dll
Event: 0.377 Loaded shared library C:\Users\paulm\.jdks\temurin-17.0.14\bin\verify.dll
Event: 1.994 Loaded shared library C:\Users\paulm\.jdks\temurin-17.0.14\bin\management.dll
Event: 1.996 Loaded shared library C:\Users\paulm\.jdks\temurin-17.0.14\bin\management_ext.dll
Event: 2.594 Loaded shared library C:\Users\paulm\AppData\Local\Temp\lwjglpaulm\3.3.1-build-7\lwjgl.dll
Event: 2.958 Loaded shared library C:\Users\paulm\AppData\Local\Temp\lwjglpaulm\3.3.1-build-7\lwjgl_opengl.dll
Event: 3.034 Loaded shared library C:\Users\paulm\AppData\Local\Temp\lwjglpaulm\3.3.1-build-7\lwjgl_stb.dll
Event: 8.874 Loaded shared library C:\Users\paulm\AppData\Local\Temp\jna-106439973\jna14463982781458007714.dll
Event: 14.683 Loaded shared library C:\Users\paulm\.jdks\temurin-17.0.14\bin\sunmscapi.dll
Event: 14.766 Loaded shared library C:\Users\paulm\.jdks\temurin-17.0.14\bin\extnet.dll

Deoptimization events (20 events):
Event: 1617.551 Thread 0x0000015fc755e5f0 DEOPT PACKING pc=0x0000015f39ef6874 sp=0x0000005c05ffec40
Event: 1617.551 Thread 0x0000015fc755e5f0 DEOPT UNPACKING pc=0x0000015f3f9face3 sp=0x0000005c05ffe130 mode 0
Event: 1617.553 Thread 0x0000015fc755e5f0 DEOPT PACKING pc=0x0000015f39ef6874 sp=0x0000005c05ffec40
Event: 1617.553 Thread 0x0000015fc755e5f0 DEOPT UNPACKING pc=0x0000015f3f9face3 sp=0x0000005c05ffe130 mode 0
Event: 1617.554 Thread 0x0000015fb9e082b0 DEOPT PACKING pc=0x0000015f39ef6874 sp=0x0000005c070feaf0
Event: 1617.554 Thread 0x0000015fb9e082b0 DEOPT UNPACKING pc=0x0000015f3f9face3 sp=0x0000005c070fdfe0 mode 0
Event: 1617.555 Thread 0x0000015fc755e5f0 DEOPT PACKING pc=0x0000015f39ef6874 sp=0x0000005c05ffec40
Event: 1617.555 Thread 0x0000015fc755e5f0 DEOPT UNPACKING pc=0x0000015f3f9face3 sp=0x0000005c05ffe130 mode 0
Event: 1617.557 Thread 0x0000015fc755e5f0 DEOPT PACKING pc=0x0000015f39ef6874 sp=0x0000005c05ffec40
Event: 1617.557 Thread 0x0000015fc755e5f0 DEOPT UNPACKING pc=0x0000015f3f9face3 sp=0x0000005c05ffe130 mode 0
Event: 1617.558 Thread 0x0000015fb9e082b0 DEOPT PACKING pc=0x0000015f39ef6874 sp=0x0000005c070feaf0
Event: 1617.558 Thread 0x0000015fb9e082b0 DEOPT UNPACKING pc=0x0000015f3f9face3 sp=0x0000005c070fdfe0 mode 0
Event: 1617.559 Thread 0x0000015fc755e5f0 DEOPT PACKING pc=0x0000015f39ef6874 sp=0x0000005c05ffec40
Event: 1617.559 Thread 0x0000015fc755e5f0 DEOPT UNPACKING pc=0x0000015f3f9face3 sp=0x0000005c05ffe130 mode 0
Event: 1617.561 Thread 0x0000015fc755e5f0 DEOPT PACKING pc=0x0000015f39ef6874 sp=0x0000005c05ffec40
Event: 1617.561 Thread 0x0000015fc755e5f0 DEOPT UNPACKING pc=0x0000015f3f9face3 sp=0x0000005c05ffe130 mode 0
Event: 1617.562 Thread 0x0000015fb9e082b0 DEOPT PACKING pc=0x0000015f39ef6874 sp=0x0000005c070feaf0
Event: 1617.562 Thread 0x0000015fb9e082b0 DEOPT UNPACKING pc=0x0000015f3f9face3 sp=0x0000005c070fdfe0 mode 0
Event: 1617.563 Thread 0x0000015fb9e082b0 DEOPT PACKING pc=0x0000015f39ef6874 sp=0x0000005c070feaf0
Event: 1617.563 Thread 0x0000015fb9e082b0 DEOPT UNPACKING pc=0x0000015f3f9face3 sp=0x0000005c070fdfe0 mode 0

Classes loaded (20 events):
Event: 1616.998 Loading class java/util/stream/LongPipeline$Head
Event: 1616.998 Loading class java/util/stream/LongPipeline$Head done
Event: 1616.998 Loading class java/util/stream/SliceOps$3
Event: 1616.998 Loading class java/util/stream/LongPipeline$StatefulOp
Event: 1616.998 Loading class java/util/stream/LongPipeline$StatefulOp done
Event: 1616.998 Loading class java/util/stream/SliceOps$3 done
Event: 1616.998 Loading class java/util/stream/Nodes$LongFixedNodeBuilder
Event: 1616.999 Loading class java/util/stream/Node$Builder$OfLong
Event: 1616.999 Loading class java/util/stream/Node$Builder$OfLong done
Event: 1616.999 Loading class java/util/stream/Nodes$LongArrayNode
Event: 1616.999 Loading class java/util/stream/Nodes$LongArrayNode done
Event: 1616.999 Loading class java/util/stream/Nodes$LongFixedNodeBuilder done
Event: 1616.999 Loading class java/util/stream/SliceOps$3$1
Event: 1616.999 Loading class java/util/stream/Sink$ChainedLong
Event: 1616.999 Loading class java/util/stream/Sink$ChainedLong done
Event: 1616.999 Loading class java/util/stream/SliceOps$3$1 done
Event: 1617.198 Loading class java/util/concurrent/ConcurrentHashMap$KeySpliterator
Event: 1617.199 Loading class java/util/concurrent/ConcurrentHashMap$KeySpliterator done
Event: 1617.425 Loading class java/nio/DirectIntBufferS
Event: 1617.425 Loading class java/nio/DirectIntBufferS done

Classes unloaded (10 events):
Event: 1600.218 Thread 0x0000015f72582190 Unloading class 0x0000015f75122800 'java/lang/invoke/LambdaForm$DMH+0x0000015f75122800'
Event: 1600.218 Thread 0x0000015f72582190 Unloading class 0x0000015f75122400 'java/lang/invoke/LambdaForm$DMH+0x0000015f75122400'
Event: 1600.218 Thread 0x0000015f72582190 Unloading class 0x0000015f75122000 'java/lang/invoke/LambdaForm$DMH+0x0000015f75122000'
Event: 1600.218 Thread 0x0000015f72582190 Unloading class 0x0000015f75121c00 'java/lang/invoke/LambdaForm$DMH+0x0000015f75121c00'
Event: 1600.218 Thread 0x0000015f72582190 Unloading class 0x0000015f75121800 'java/lang/invoke/LambdaForm$DMH+0x0000015f75121800'
Event: 1600.218 Thread 0x0000015f72582190 Unloading class 0x0000015f75121400 'java/lang/invoke/LambdaForm$DMH+0x0000015f75121400'
Event: 1600.218 Thread 0x0000015f72582190 Unloading class 0x0000015f75121000 'java/lang/invoke/LambdaForm$DMH+0x0000015f75121000'
Event: 1600.218 Thread 0x0000015f72582190 Unloading class 0x0000015f75120400 'java/lang/invoke/LambdaForm$DMH+0x0000015f75120400'
Event: 1600.218 Thread 0x0000015f72582190 Unloading class 0x0000015f75120c00 'java/lang/invoke/LambdaForm$DMH+0x0000015f75120c00'
Event: 1616.267 Thread 0x0000015f72582190 Unloading class 0x0000015f75254800 'java/lang/invoke/LambdaForm$DMH+0x0000015f75254800'

Classes redefined (0 events):
No events

Internal exceptions (20 events):
Event: 1616.980 Thread 0x0000015fbc4730a0 Exception <a 'java/lang/NoSuchMethodError'{0x00000004462584b8}: 'long java.lang.invoke.DirectMethodHandle$Holder.invokeVirtual(java.lang.Object, java.lang.Object, java.lang.Object)'> (0x00000004462584b8) 
thrown [s\src\hotspot\share\interpreter\linkResolver.cpp, line 759]
Event: 1616.980 Thread 0x0000015fc755c790 Exception <a 'java/lang/NoSuchMethodError'{0x0000000446412168}: 'long java.lang.invoke.DirectMethodHandle$Holder.invokeVirtual(java.lang.Object, java.lang.Object, java.lang.Object)'> (0x0000000446412168) 
thrown [s\src\hotspot\share\interpreter\linkResolver.cpp, line 759]
Event: 1616.980 Thread 0x0000015fb9e05f40 Exception <a 'java/lang/NoSuchMethodError'{0x00000004468cc578}: 'long java.lang.invoke.DirectMethodHandle$Holder.invokeVirtual(java.lang.Object, java.lang.Object, java.lang.Object)'> (0x00000004468cc578) 
thrown [s\src\hotspot\share\interpreter\linkResolver.cpp, line 759]
Event: 1616.980 Thread 0x0000015fb9e040e0 Exception <a 'java/lang/NoSuchMethodError'{0x000000044753ddf0}: 'long java.lang.invoke.DirectMethodHandle$Holder.invokeVirtual(java.lang.Object, java.lang.Object, java.lang.Object)'> (0x000000044753ddf0) 
thrown [s\src\hotspot\share\interpreter\linkResolver.cpp, line 759]
Event: 1616.980 Thread 0x0000015fb9e091e0 Exception <a 'java/lang/NoSuchMethodError'{0x00000004468065d8}: 'long java.lang.invoke.DirectMethodHandle$Holder.invokeVirtual(java.lang.Object, java.lang.Object, java.lang.Object)'> (0x00000004468065d8) 
thrown [s\src\hotspot\share\interpreter\linkResolver.cpp, line 759]
Event: 1616.980 Thread 0x0000015fb9e0a110 Exception <a 'java/lang/NoSuchMethodError'{0x0000000446f62b30}: 'long java.lang.invoke.DirectMethodHandle$Holder.invokeVirtual(java.lang.Object, java.lang.Object, java.lang.Object)'> (0x0000000446f62b30) 
thrown [s\src\hotspot\share\interpreter\linkResolver.cpp, line 759]
Event: 1616.980 Thread 0x0000015fbc471c60 Exception <a 'java/lang/NoSuchMethodError'{0x00000004473d8db0}: 'long java.lang.invoke.DirectMethodHandle$Holder.invokeVirtual(java.lang.Object, java.lang.Object, java.lang.Object)'> (0x00000004473d8db0) 
thrown [s\src\hotspot\share\interpreter\linkResolver.cpp, line 759]
Event: 1616.980 Thread 0x0000015fb9e08cd0 Exception <a 'java/lang/NoSuchMethodError'{0x0000000447b0f908}: 'long java.lang.invoke.DirectMethodHandle$Holder.invokeVirtual(java.lang.Object, java.lang.Object, java.lang.Object)'> (0x0000000447b0f908) 
thrown [s\src\hotspot\share\interpreter\linkResolver.cpp, line 759]
Event: 1616.980 Thread 0x0000015fbc475410 Exception <a 'java/lang/NoSuchMethodError'{0x0000000447d2fdc0}: 'long java.lang.invoke.DirectMethodHandle$Holder.invokeVirtual(java.lang.Object, java.lang.Object, java.lang.Object)'> (0x0000000447d2fdc0) 
thrown [s\src\hotspot\share\interpreter\linkResolver.cpp, line 759]
Event: 1616.980 Thread 0x0000015fc755cca0 Exception <a 'java/lang/NoSuchMethodError'{0x00000004464a9e98}: 'long java.lang.invoke.DirectMethodHandle$Holder.invokeVirtual(java.lang.Object, java.lang.Object, java.lang.Object)'> (0x00000004464a9e98) 
thrown [s\src\hotspot\share\interpreter\linkResolver.cpp, line 759]
Event: 1616.980 Thread 0x0000015fbc4744e0 Exception <a 'java/lang/NoSuchMethodError'{0x000000044761e3d8}: 'long java.lang.invoke.DirectMethodHandle$Holder.invokeVirtual(java.lang.Object, java.lang.Object, java.lang.Object)'> (0x000000044761e3d8) 
thrown [s\src\hotspot\share\interpreter\linkResolver.cpp, line 759]
Event: 1617.201 Thread 0x0000015fc755b860 Exception <a 'java/lang/NoSuchMethodError'{0x0000000443663e50}: 'java.lang.Object java.lang.invoke.DirectMethodHandle$Holder.invokeSpecial(java.lang.Object, java.lang.Object, int, int, int)'> (0x0000000443663e50) 
thrown [s\src\hotspot\share\interpreter\linkResolver.cpp, line 759]
Event: 1617.361 Thread 0x0000015fc755b860 Exception <a 'java/lang/NoSuchMethodError'{0x000000044101fdd0}: 'java.lang.Object java.lang.invoke.DirectMethodHandle$Holder.invokeSpecial(java.lang.Object, java.lang.Object, double, double, double, double)'> (0x000000044101fdd0) 
thrown [s\src\hotspot\share\interpreter\linkResolver.cpp, line 759]
Event: 1617.410 Thread 0x0000015fb9e082b0 Exception <a 'sun/nio/fs/WindowsException'{0x000000044137f918}> (0x000000044137f918) 
thrown [s\src\hotspot\share\prims\jni.cpp, line 516]
Event: 1617.418 Thread 0x0000015fc755b860 Exception <a 'java/lang/NoSuchMethodError'{0x0000000441439ad8}: 'java.lang.Object java.lang.invoke.DirectMethodHandle$Holder.invokeSpecial(java.lang.Object, java.lang.Object, int, int, int, java.lang.Object)'> (0x0000000441439ad8) 
thrown [s\src\hotspot\share\interpreter\linkResolver.cpp, line 759]
Event: 1617.419 Thread 0x0000015fc755b860 Exception <a 'java/lang/NoSuchMethodError'{0x0000000441444558}: 'java.lang.Object java.lang.invoke.Invokers$Holder.linkToTargetMethod(java.lang.Object, int, int, int, java.lang.Object)'> (0x0000000441444558) 
thrown [s\src\hotspot\share\interpreter\linkResolver.cpp, line 759]
Event: 1617.461 Thread 0x0000015fb9e091e0 Exception <a 'java/lang/NoSuchMethodError'{0x0000000441acfb48}: 'java.lang.Object java.lang.invoke.DirectMethodHandle$Holder.newInvokeSpecial(java.lang.Object, int, java.lang.Object, int)'> (0x0000000441acfb48) 
thrown [s\src\hotspot\share\interpreter\linkResolver.cpp, line 759]
Event: 1617.538 Thread 0x0000015fb9e082b0 Exception <a 'sun/nio/fs/WindowsException'{0x00000004565e2f18}> (0x00000004565e2f18) 
thrown [s\src\hotspot\share\prims\jni.cpp, line 516]
Event: 1617.611 Thread 0x0000015fc755e5f0 Exception <a 'sun/nio/fs/WindowsException'{0x000000044de37310}> (0x000000044de37310) 
thrown [s\src\hotspot\share\prims\jni.cpp, line 516]
Event: 1617.622 Thread 0x0000015fc755e5f0 Exception <a 'sun/nio/fs/WindowsException'{0x000000044b8b7460}> (0x000000044b8b7460) 
thrown [s\src\hotspot\share\prims\jni.cpp, line 516]

VM Operations (20 events):
Event: 1617.042 Executing VM operation: ICBufferFull done
Event: 1617.042 Executing VM operation: ICBufferFull
Event: 1617.042 Executing VM operation: ICBufferFull done
Event: 1617.042 Executing VM operation: ICBufferFull
Event: 1617.042 Executing VM operation: ICBufferFull done
Event: 1617.042 Executing VM operation: ICBufferFull
Event: 1617.042 Executing VM operation: ICBufferFull done
Event: 1617.047 Executing VM operation: ICBufferFull
Event: 1617.052 Executing VM operation: ICBufferFull done
Event: 1617.336 Executing VM operation: ICBufferFull
Event: 1617.339 Executing VM operation: ICBufferFull done
Event: 1617.491 Executing VM operation: G1CollectForAllocation
Event: 1617.509 Executing VM operation: G1CollectForAllocation done
Event: 1617.516 Executing VM operation: G1CollectForAllocation
Event: 1617.530 Executing VM operation: G1CollectForAllocation done
Event: 1617.663 Executing VM operation: HandshakeAllThreads
Event: 1617.664 Executing VM operation: HandshakeAllThreads done
Event: 1617.680 Executing VM operation: G1CollectForAllocation
Event: 1617.721 Executing VM operation: G1CollectForAllocation done
Event: 1617.804 Executing VM operation: G1CollectForAllocation

Memory protections (0 events):
No events

Nmethod flushes (20 events):
Event: 1617.743 Thread 0x0000015f725bbb60 flushing  nmethod 0x0000015f39ca1190
Event: 1617.743 Thread 0x0000015f725bbb60 flushing  nmethod 0x0000015f39cb5f10
Event: 1617.743 Thread 0x0000015f725bbb60 flushing  nmethod 0x0000015f39cc6310
Event: 1617.743 Thread 0x0000015f725bbb60 flushing  nmethod 0x0000015f39cc7b90
Event: 1617.743 Thread 0x0000015f725bbb60 flushing  nmethod 0x0000015f39cf2c10
Event: 1617.743 Thread 0x0000015f725bbb60 flushing  nmethod 0x0000015f39cf6f10
Event: 1617.743 Thread 0x0000015f725bbb60 flushing  nmethod 0x0000015f39d46e90
Event: 1617.743 Thread 0x0000015f725bbb60 flushing  nmethod 0x0000015f39d4e510
Event: 1617.743 Thread 0x0000015f725bbb60 flushing  nmethod 0x0000015f39d52090
Event: 1617.743 Thread 0x0000015f725bbb60 flushing  nmethod 0x0000015f39d61d90
Event: 1617.744 Thread 0x0000015f725bbb60 flushing  nmethod 0x0000015f39e87e10
Event: 1617.744 Thread 0x0000015f725bbb60 flushing  nmethod 0x0000015f39e88790
Event: 1617.744 Thread 0x0000015f725bbb60 flushing  nmethod 0x0000015f39e88d90
Event: 1617.744 Thread 0x0000015f725bbb60 flushing  nmethod 0x0000015f39e8c690
Event: 1617.744 Thread 0x0000015f725bbb60 flushing  nmethod 0x0000015f39e8d010
Event: 1617.744 Thread 0x0000015f725bbb60 flushing  nmethod 0x0000015f39e91a10
Event: 1617.744 Thread 0x0000015f725bbb60 flushing  nmethod 0x0000015f39e99090
Event: 1617.744 Thread 0x0000015f725bbb60 flushing  nmethod 0x0000015f39e99490
Event: 1617.744 Thread 0x0000015f725bbb60 flushing  nmethod 0x0000015f39e99a10
Event: 1617.744 Thread 0x0000015f725bbb60 flushing  nmethod 0x0000015f39e9a310

Events (20 events):
Event: 1615.311 Thread 0x0000015fbc470d30 Thread added: 0x0000015fbc46f8f0
Event: 1615.312 Thread 0x0000015fbc46f8f0 Thread added: 0x0000015fbc471c60
Event: 1615.313 Thread 0x0000015fbc471c60 Thread added: 0x0000015fbc46eed0
Event: 1615.313 Thread 0x0000015fbc46eed0 Thread added: 0x0000015fbc46e4b0
Event: 1615.314 Thread 0x0000015fbc46e4b0 Thread added: 0x0000015fbc46e9c0
Event: 1615.315 Thread 0x0000015fbc46e9c0 Thread added: 0x0000015fbc4744e0
Event: 1615.315 Thread 0x0000015fbc4744e0 Thread added: 0x0000015fbc4735b0
Event: 1615.316 Thread 0x0000015fbc4735b0 Thread added: 0x0000015fbc473ac0
Event: 1615.316 Thread 0x0000015fbc473ac0 Thread added: 0x0000015fbc475410
Event: 1616.366 Thread 0x0000015fbc462c70 Thread exited: 0x0000015fbc462c70
Event: 1616.407 Thread 0x0000015fbc472170 Thread exited: 0x0000015fbc472170
Event: 1616.407 Thread 0x0000015f30ab2730 Thread added: 0x0000015fc755dbd0
Event: 1616.515 Thread 0x0000015f30ab2730 Thread added: 0x0000015fc755b860
Event: 1616.600 Thread 0x0000015fc755b860 Thread added: 0x0000015fc755bd70
Event: 1616.962 Thread 0x0000015fb9e06e70 Thread added: 0x0000015fc755c790
Event: 1616.963 Thread 0x0000015fc755c790 Thread added: 0x0000015fc755cca0
Event: 1616.963 Thread 0x0000015fc755cca0 Thread added: 0x0000015fc755a420
Event: 1616.964 Thread 0x0000015fc755a420 Thread added: 0x0000015fc755e0e0
Event: 1617.405 Thread 0x0000015f725b3240 Thread added: 0x0000015fccd2f760
Event: 1617.430 Thread 0x0000015fb9e082b0 Thread added: 0x0000015fc755e5f0


Dynamic libraries:
0x00007ff651440000 - 0x00007ff65144e000 	C:\Users\paulm\.jdks\temurin-17.0.14\bin\java.exe
0x00007ff8fc8e0000 - 0x00007ff8fcb40000 	C:\WINDOWS\SYSTEM32\ntdll.dll
0x00007ff8fb6c0000 - 0x00007ff8fb787000 	C:\WINDOWS\System32\KERNEL32.DLL
0x00007ff8f9d70000 - 0x00007ff8fa13a000 	C:\WINDOWS\System32\KERNELBASE.dll
0x00007ff8fa560000 - 0x00007ff8fa6ab000 	C:\WINDOWS\System32\ucrtbase.dll
0x00007ff8f4510000 - 0x00007ff8f452e000 	C:\Users\paulm\.jdks\temurin-17.0.14\bin\VCRUNTIME140.dll
0x00007ff8d40f0000 - 0x00007ff8d4107000 	C:\Users\paulm\.jdks\temurin-17.0.14\bin\jli.dll
0x00007ff8fac40000 - 0x00007ff8fae0c000 	C:\WINDOWS\System32\USER32.dll
0x00007ff8fa6b0000 - 0x00007ff8fa6d7000 	C:\WINDOWS\System32\win32u.dll
0x00007ff8d4b90000 - 0x00007ff8d4e27000 	C:\WINDOWS\WinSxS\amd64_microsoft.windows.common-controls_6595b64144ccf1df_6.0.26100.3624_none_3e086962e3345f24\COMCTL32.dll
0x00007ff8fb790000 - 0x00007ff8fb7ba000 	C:\WINDOWS\System32\GDI32.dll
0x00007ff8fa6f0000 - 0x00007ff8fa799000 	C:\WINDOWS\System32\msvcrt.dll
0x00007ff8f9c30000 - 0x00007ff8f9d61000 	C:\WINDOWS\System32\gdi32full.dll
0x00007ff8f9ac0000 - 0x00007ff8f9b63000 	C:\WINDOWS\System32\msvcp_win.dll
0x00007ff8fae80000 - 0x00007ff8faeaf000 	C:\WINDOWS\System32\IMM32.DLL
0x00007ff8c6c50000 - 0x00007ff8c6c5c000 	C:\Users\paulm\.jdks\temurin-17.0.14\bin\vcruntime140_1.dll
0x00007ff89dd80000 - 0x00007ff89de0d000 	C:\Users\paulm\.jdks\temurin-17.0.14\bin\msvcp140.dll
0x00007fffde880000 - 0x00007fffdf4eb000 	C:\Users\paulm\.jdks\temurin-17.0.14\bin\server\jvm.dll
0x00007ff8fb5f0000 - 0x00007ff8fb6a2000 	C:\WINDOWS\System32\ADVAPI32.dll
0x00007ff8fa800000 - 0x00007ff8fa8a6000 	C:\WINDOWS\System32\sechost.dll
0x00007ff8fa8b0000 - 0x00007ff8fa9c6000 	C:\WINDOWS\System32\RPCRT4.dll
0x00007ff8fc6c0000 - 0x00007ff8fc734000 	C:\WINDOWS\System32\WS2_32.dll
0x00007ff8f8a80000 - 0x00007ff8f8ade000 	C:\WINDOWS\SYSTEM32\POWRPROF.dll
0x00007ff8f2890000 - 0x00007ff8f289b000 	C:\WINDOWS\SYSTEM32\VERSION.dll
0x00007ff8f2750000 - 0x00007ff8f2786000 	C:\WINDOWS\SYSTEM32\WINMM.dll
0x00007ff8f8960000 - 0x00007ff8f8974000 	C:\WINDOWS\SYSTEM32\UMPDC.dll
0x00007ff8f8940000 - 0x00007ff8f895a000 	C:\WINDOWS\SYSTEM32\kernel.appcore.dll
0x00007ff8c6c40000 - 0x00007ff8c6c4a000 	C:\Users\paulm\.jdks\temurin-17.0.14\bin\jimage.dll
0x00007ff8f6e90000 - 0x00007ff8f70d1000 	C:\WINDOWS\SYSTEM32\DBGHELP.DLL
0x00007ff8fc330000 - 0x00007ff8fc6b2000 	C:\WINDOWS\System32\combase.dll
0x00007ff8fb7c0000 - 0x00007ff8fb896000 	C:\WINDOWS\System32\OLEAUT32.dll
0x00007ff8d4f40000 - 0x00007ff8d4f79000 	C:\WINDOWS\SYSTEM32\dbgcore.DLL
0x00007ff8fa140000 - 0x00007ff8fa1d9000 	C:\WINDOWS\System32\bcryptPrimitives.dll
0x00007ff8c4d60000 - 0x00007ff8c4d85000 	C:\Users\paulm\.jdks\temurin-17.0.14\bin\java.dll
0x00007ff876ee0000 - 0x00007ff876fb7000 	C:\Users\paulm\.jdks\temurin-17.0.14\bin\jsvml.dll
0x00007ff8faec0000 - 0x00007ff8fb5e9000 	C:\WINDOWS\System32\SHELL32.dll
0x00007ff8fa3f0000 - 0x00007ff8fa558000 	C:\WINDOWS\System32\wintypes.dll
0x00007ff8f7740000 - 0x00007ff8f7f92000 	C:\WINDOWS\SYSTEM32\windows.storage.dll
0x00007ff8faad0000 - 0x00007ff8fabbd000 	C:\WINDOWS\System32\SHCORE.dll
0x00007ff8fae10000 - 0x00007ff8fae74000 	C:\WINDOWS\System32\shlwapi.dll
0x00007ff8f99d0000 - 0x00007ff8f99ff000 	C:\WINDOWS\SYSTEM32\profapi.dll
0x00007ff8c4cc0000 - 0x00007ff8c4cd9000 	C:\Users\paulm\.jdks\temurin-17.0.14\bin\net.dll
0x00007ff8f21f0000 - 0x00007ff8f230d000 	C:\WINDOWS\SYSTEM32\WINHTTP.dll
0x00007ff8f8f10000 - 0x00007ff8f8f7a000 	C:\WINDOWS\system32\mswsock.dll
0x00007ff8c4bd0000 - 0x00007ff8c4be6000 	C:\Users\paulm\.jdks\temurin-17.0.14\bin\nio.dll
0x00007ff8c6580000 - 0x00007ff8c6598000 	C:\Users\paulm\.jdks\temurin-17.0.14\bin\zip.dll
0x00007ff8c6c20000 - 0x00007ff8c6c30000 	C:\Users\paulm\.jdks\temurin-17.0.14\bin\verify.dll
0x00007ff8c4d50000 - 0x00007ff8c4d5a000 	C:\Users\paulm\.jdks\temurin-17.0.14\bin\management.dll
0x00007ff8c4cb0000 - 0x00007ff8c4cbb000 	C:\Users\paulm\.jdks\temurin-17.0.14\bin\management_ext.dll
0x00007ff8fc290000 - 0x00007ff8fc298000 	C:\WINDOWS\System32\PSAPI.DLL
0x00007ff8c6760000 - 0x00007ff8c6778000 	C:\WINDOWS\system32\napinsp.dll
0x00007ff8f83a0000 - 0x00007ff8f84c5000 	C:\WINDOWS\SYSTEM32\DNSAPI.dll
0x00007ff8f8300000 - 0x00007ff8f8333000 	C:\WINDOWS\SYSTEM32\IPHLPAPI.DLL
0x00007ff8fb6b0000 - 0x00007ff8fb6ba000 	C:\WINDOWS\System32\NSI.dll
0x00007ff8c6740000 - 0x00007ff8c6752000 	C:\WINDOWS\System32\winrnr.dll
0x00007ff8c6700000 - 0x00007ff8c6730000 	C:\WINDOWS\system32\nlansp_c.dll
0x00007ff8eeaf0000 - 0x00007ff8eeb06000 	C:\WINDOWS\system32\wshbth.dll
0x00007ff8f2520000 - 0x00007ff8f252b000 	C:\Windows\System32\rasadhlp.dll
0x00007ff8edd30000 - 0x00007ff8eddb5000 	C:\WINDOWS\System32\fwpuclnt.dll
0x00007ff8a5930000 - 0x00007ff8a59a5000 	C:\Users\paulm\AppData\Local\Temp\lwjglpaulm\3.3.1-build-7\lwjgl.dll
0x00007ff89df70000 - 0x00007ff89dfd1000 	C:\Users\paulm\AppData\Local\Temp\lwjglpaulm\3.3.1-build-7\glfw.dll
0x00007ff89dfe0000 - 0x00007ff89e02b000 	C:\WINDOWS\SYSTEM32\dinput8.dll
0x00007ff85f280000 - 0x00007ff85f292000 	C:\WINDOWS\SYSTEM32\xinput1_4.dll
0x00007ff8f96f0000 - 0x00007ff8f974f000 	C:\WINDOWS\SYSTEM32\cfgmgr32.dll
0x00007ff8f9760000 - 0x00007ff8f978d000 	C:\WINDOWS\SYSTEM32\DEVOBJ.dll
0x00007ff8f5f90000 - 0x00007ff8f5fc6000 	C:\WINDOWS\SYSTEM32\dwmapi.dll
0x00007ff8b4e00000 - 0x00007ff8b4fe0000 	C:\WINDOWS\SYSTEM32\inputhost.dll
0x00007ff8f5830000 - 0x00007ff8f5956000 	C:\WINDOWS\SYSTEM32\CoreMessaging.dll
0x00007ff8f5e50000 - 0x00007ff8f5efe000 	C:\WINDOWS\system32\uxtheme.dll
0x00007ff8f91d0000 - 0x00007ff8f91dc000 	C:\WINDOWS\SYSTEM32\CRYPTBASE.DLL
0x00007ff8fc740000 - 0x00007ff8fc89d000 	C:\WINDOWS\System32\MSCTF.dll
0x00007ff8589b0000 - 0x00007ff858abc000 	C:\WINDOWS\SYSTEM32\opengl32.dll
0x00007ff858980000 - 0x00007ff8589ad000 	C:\WINDOWS\SYSTEM32\GLU32.dll
0x00007ff8f6b30000 - 0x00007ff8f6b77000 	C:\WINDOWS\SYSTEM32\dxcore.dll
0x00007ff8da1e0000 - 0x00007ff8da1fa000 	C:\WINDOWS\SYSTEM32\windows.staterepositorycore.dll
0x00007ff82fa60000 - 0x00007ff832098000 	C:\WINDOWS\System32\DriverStore\FileRepository\nv_dispi.inf_amd64_9425e4c3b1ac1c47\nvoglv64.dll
0x00007ff8fbdf0000 - 0x00007ff8fc276000 	C:\WINDOWS\System32\SETUPAPI.dll
0x00007ff8fbc50000 - 0x00007ff8fbde6000 	C:\WINDOWS\System32\ole32.dll
0x00007ff8f5cc0000 - 0x00007ff8f5cd6000 	C:\WINDOWS\SYSTEM32\WTSAPI32.dll
0x00007ff8f9220000 - 0x00007ff8f9233000 	C:\WINDOWS\SYSTEM32\msasn1.dll
0x00007ff8f2560000 - 0x00007ff8f259b000 	C:\WINDOWS\SYSTEM32\cryptnet.dll
0x00007ff8fa1e0000 - 0x00007ff8fa357000 	C:\WINDOWS\System32\CRYPT32.dll
0x00007ff8f9290000 - 0x00007ff8f92ed000 	C:\WINDOWS\SYSTEM32\wldp.dll
0x00007ff8f2360000 - 0x00007ff8f24dc000 	C:\WINDOWS\SYSTEM32\drvstore.dll
0x00007ff8fa360000 - 0x00007ff8fa3df000 	C:\WINDOWS\System32\WINTRUST.dll
0x00007ff8f8b10000 - 0x00007ff8f8b45000 	C:\WINDOWS\SYSTEM32\ntmarta.dll
0x00007ff8fbb20000 - 0x00007ff8fbb40000 	C:\WINDOWS\System32\imagehlp.dll
0x00007ff8f91b0000 - 0x00007ff8f91cc000 	C:\WINDOWS\SYSTEM32\CRYPTSP.dll
0x00007ff8f8880000 - 0x00007ff8f88ba000 	C:\WINDOWS\system32\rsaenh.dll
0x00007ff8f99a0000 - 0x00007ff8f99c6000 	C:\WINDOWS\SYSTEM32\bcrypt.dll
0x00007ff8eee60000 - 0x00007ff8f1b70000 	C:\WINDOWS\System32\DriverStore\FileRepository\nv_dispi.inf_amd64_9425e4c3b1ac1c47\nvgpucomp64.dll
0x00007ff8a6ec0000 - 0x00007ff8a71c6000 	C:\WINDOWS\system32\nvspcap64.dll
0x00007ff8f8650000 - 0x00007ff8f86b7000 	C:\WINDOWS\SYSTEM32\WINSTA.dll
0x00007ff821740000 - 0x00007ff821999000 	C:\Users\paulm\AppData\Local\Temp\lwjglpaulm\3.3.1-build-7\jemalloc.dll
0x00007ff8c0f10000 - 0x00007ff8c1059000 	C:\WINDOWS\SYSTEM32\textinputframework.dll
0x00007ff89df10000 - 0x00007ff89df6d000 	C:\Users\paulm\AppData\Local\Temp\lwjglpaulm\3.3.1-build-7\lwjgl_opengl.dll
0x00007ff89de80000 - 0x00007ff89df01000 	C:\Users\paulm\AppData\Local\Temp\lwjglpaulm\3.3.1-build-7\lwjgl_stb.dll
0x00007ff8f8fb0000 - 0x00007ff8f8fdb000 	C:\WINDOWS\SYSTEM32\USERENV.dll
0x00007ff8f2530000 - 0x00007ff8f254f000 	C:\WINDOWS\SYSTEM32\dhcpcsvc6.DLL
0x00007ff8f2330000 - 0x00007ff8f2355000 	C:\WINDOWS\SYSTEM32\dhcpcsvc.DLL
0x00007ff8c65a0000 - 0x00007ff8c65e0000 	C:\Users\paulm\AppData\Local\Temp\jna-106439973\jna14463982781458007714.dll
0x00007ff8fbba0000 - 0x00007ff8fbc48000 	C:\WINDOWS\System32\clbcatq.dll
0x00007ff8dc5b0000 - 0x00007ff8dc5cd000 	C:\WINDOWS\SYSTEM32\amsi.dll
0x00007ff875b20000 - 0x00007ff875beb000 	C:\Program Files\Bitdefender\Bitdefender Security\bdamsi\dlls_267059357120000000\antimalware_provider64.dll
0x00007ff8e5740000 - 0x00007ff8e578e000 	C:\WINDOWS\SYSTEM32\Pdh.dll
0x00007ff8c23f0000 - 0x00007ff8c2401000 	C:\WINDOWS\System32\perfos.dll
0x00007ff8f5e30000 - 0x00007ff8f5e42000 	C:\WINDOWS\SYSTEM32\pfclient.dll
0x00007ff8c4bb0000 - 0x00007ff8c4bbe000 	C:\Users\paulm\.jdks\temurin-17.0.14\bin\sunmscapi.dll
0x00007ff8f93b0000 - 0x00007ff8f93e0000 	C:\WINDOWS\SYSTEM32\ncrypt.dll
0x00007ff8f9360000 - 0x00007ff8f939f000 	C:\WINDOWS\SYSTEM32\NTASN1.dll
0x00007ff8c4bc0000 - 0x00007ff8c4bc9000 	C:\Users\paulm\.jdks\temurin-17.0.14\bin\extnet.dll
0x00007ff8e03e0000 - 0x00007ff8e04a8000 	C:\WINDOWS\SYSTEM32\mscms.dll
0x00007ff8a4b30000 - 0x00007ff8a4b79000 	C:\WINDOWS\SYSTEM32\icm32.dll
0x00007ff876c90000 - 0x00007ff876e27000 	C:\Users\paulm\AppData\Local\Temp\lwjglpaulm\3.3.1-build-7\OpenAL.dll
0x00007ff8f2040000 - 0x00007ff8f20da000 	C:\WINDOWS\System32\MMDevApi.dll
0x00007ff853150000 - 0x00007ff8532c3000 	C:\WINDOWS\System32\Speech\Common\sapi.dll
0x00007ff8c5590000 - 0x00007ff8c5598000 	C:\WINDOWS\system32\wshunix.dll
0x00007ff8db4f0000 - 0x00007ff8db6ad000 	C:\WINDOWS\SYSTEM32\AUDIOSES.DLL
0x00007ff8f6cb0000 - 0x00007ff8f6cc4000 	C:\WINDOWS\SYSTEM32\resourcepolicyclient.dll
0x00007ff8e3c10000 - 0x00007ff8e3dec000 	C:\WINDOWS\system32\urlmon.dll
0x00007ff8e3940000 - 0x00007ff8e3c0b000 	C:\WINDOWS\SYSTEM32\iertutil.dll
0x00007ff8f8270000 - 0x00007ff8f827d000 	C:\WINDOWS\SYSTEM32\netutils.dll
0x00007ff8ed7d0000 - 0x00007ff8ed7f9000 	C:\WINDOWS\SYSTEM32\srvcli.dll
0x00007ff8f3890000 - 0x00007ff8f3b73000 	C:\WINDOWS\SYSTEM32\CoreUIComponents.dll

dbghelp: loaded successfully - version: 4.0.5 - missing functions: none
symbol engine: initialized successfully - sym options: 0x614 - pdb path: .;C:\Users\paulm\.jdks\temurin-17.0.14\bin;C:\WINDOWS\SYSTEM32;C:\WINDOWS\WinSxS\amd64_microsoft.windows.common-controls_6595b64144ccf1df_6.0.26100.3624_none_3e086962e3345f24;C:\Users\paulm\.jdks\temurin-17.0.14\bin\server;C:\Users\paulm\AppData\Local\Temp\lwjglpaulm\3.3.1-build-7;C:\WINDOWS\System32\DriverStore\FileRepository\nv_dispi.inf_amd64_9425e4c3b1ac1c47;C:\Users\paulm\AppData\Local\Temp\jna-106439973;C:\Program Files\Bitdefender\Bitdefender Security\bdamsi\dlls_267059357120000000;C:\WINDOWS\System32\Speech\Common

VM Arguments:
jvm_args: -Dforge.enableGameTest=true -Dforge.enabledGameTestNamespaces=minecolonytax -Dforge.logging.console.level=debug -Dforge.logging.markers=REGISTRIES -DignoreList=bootstraplauncher,securejarhandler,asm-commons,asm-util,asm-analysis,asm-tree,asm,JarJarFileSystems,client-extra,fmlcore,javafmllanguage,lowcodelanguage,mclanguage,forge- -Djava.net.preferIPv6Addresses=system -DlegacyClassPath.file=C:\Users\paulm\Desktop\MinecolonyTaxAddon - Kopie\build\classpath\runClient_minecraftClasspath.txt -DmergeModules=jna-5.10.0.jar,jna-platform-5.10.0.jar -Dmixin.env.refMapRemappingFile=C:\Users\paulm\Desktop\MinecolonyTaxAddon - Kopie/build/createSrgToMcp/output.srg -Dmixin.env.remapRefMap=true --module-path=C:\Users\paulm\.gradle\caches\modules-2\files-2.1\cpw.mods\bootstraplauncher\1.1.2\c546e00443d8432cda6baa1c860346980742628\bootstraplauncher-1.1.2.jar;C:\Users\paulm\.gradle\caches\modules-2\files-2.1\cpw.mods\securejarhandler\2.1.10\51e6a22c6c716beb11e244bf5b8be480f51dd6b5\securejarhandler-2.1.10.jar;C:\Users\paulm\.gradle\caches\modules-2\files-2.1\org.ow2.asm\asm-commons\9.7\e86dda4696d3c185fcc95d8d311904e7ce38a53f\asm-commons-9.7.jar;C:\Users\paulm\.gradle\caches\modules-2\files-2.1\org.ow2.asm\asm-util\9.7\c0655519f24d92af2202cb681cd7c1569df6ead6\asm-util-9.7.jar;C:\Users\paulm\.gradle\caches\modules-2\files-2.1\org.ow2.asm\asm-analysis\9.7\e4a258b7eb96107106c0599f0061cfc1832fe07a\asm-analysis-9.7.jar;C:\Users\paulm\.gradle\caches\modules-2\files-2.1\org.ow2.asm\asm-tree\9.7\e446a17b175bfb733b87c5c2560ccb4e57d69f1a\asm-tree-9.7.jar;C:\Users\paulm\.gradle\caches\modules-2\files-2.1\org.ow2.asm\asm\9.7\73d7b3086e14beb604ced229c302feff6449723\asm-9.7.jar;C:\Users\paulm\.gradle\caches\modules-2\files-2.1\net.minecraftforge\JarJarFileSystems\0.3.19\2464eb7d6b9ddb9db36a82cf8a95193e5c6fe020\JarJarFileSystems-0.3.19.jar --add-modules=ALL-MODULE-PATH --add-opens=java.base/java.util.jar=cpw.mods.securejarhandler --add-opens=java.base/java.lang.invoke=cpw.mods.securejarhandler --add-exports=java.base/sun.security.util=cpw.mods.securejarhandler --add-exports=jdk.naming.dns/com.sun.jndi.dns=java.naming -XX:HeapDumpPath=MojangTricksIntelDriversForPerformance_javaw.exe_minecraft.exe.heapdump -Dfile.encoding=UTF-8 -Duser.country=DE -Duser.language=de -Duser.variant 
java_command: cpw.mods.bootstraplauncher.BootstrapLauncher --launchTarget forgeclientuserdev --version MOD_DEV --assetIndex 5 --assetsDir C:\Users\paulm\.gradle\caches\forge_gradle\assets --gameDir . --fml.forgeVersion 47.3.10 --fml.mcVersion 1.20.1 --fml.forgeGroup net.minecraftforge --fml.mcpVersion 20230612.114412
java_class_path (initial): C:\Users\paulm\Desktop\MinecolonyTaxAddon - Kopie\build\classes\java\main;C:\Users\paulm\Desktop\MinecolonyTaxAddon - Kopie\build\resources\main;C:\Users\paulm\.gradle\caches\forge_gradle\deobf_dependencies\curse\maven\minecolonies-245506\5761248_mapped_parchment_2023.09.03-1.20.1\minecolonies-245506-5761248_mapped_parchment_2023.09.03-1.20.1.jar;C:\Users\paulm\.gradle\caches\forge_gradle\deobf_dependencies\curse\maven\sdm-shop-948942\5777543_mapped_parchment_2023.09.03-1.20.1\sdm-shop-948942-5777543_mapped_parchment_2023.09.03-1.20.1.jar;C:\Users\paulm\.gradle\caches\forge_gradle\deobf_dependencies\curse\maven\ftb-teams-forge-404468\5267190_mapped_parchment_2023.09.03-1.20.1\ftb-teams-forge-404468-5267190_mapped_parchment_2023.09.03-1.20.1.jar;C:\Users\paulm\.gradle\caches\forge_gradle\minecraft_user_repo\net\minecraftforge\forge\1.20.1-47.3.10_mapped_parchment_2023.09.03-1.20.1\forge-1.20.1-47.3.10_mapped_parchment_2023.09.03-1.20.1.jar;C:\Users\paulm\.gradle\caches\forge_gradle\deobf_dependencies\curse\maven\blockui-522992\5658253_mapped_parchment_2023.09.03-1.20.1\blockui-522992-5658253_mapped_parchment_2023.09.03-1.20.1.jar;C:\Users\paulm\.gradle\caches\forge_gradle\deobf_dependencies\curse\maven\multi-piston-303278\5204918_mapped_parchment_2023.09.03-1.20.1\multi-piston-303278-5204918_mapped_parchment_2023.09.03-1.20.1.jar;C:\Users\paulm\.gradle\caches\forge_gradle\deobf_dependencies\curse\maven\domum-ornamentum-527361\5764067_mapped_parchment_2023.09.03-1.20.1\domum-ornamentum-527361-5764067_mapped_parchment_2023.09.03-1.20.1.jar;C:\Users\paulm\.gradle\caches\forge_gradle\deobf_dependencies\curse\maven\structurize-298744\5676596_mapped_parchment_2023.09.03-1.20.1\structurize-298744-5676596_mapped_parchment_2023.09.03-1.20.1.jar;C:\Users\paulm\.gradle\caches\forge_gradle\deobf_dependencies\curse\maven\jei-238222\5739402_mapped_parchment_2023.09.03-1.20.1\jei-238222-5739402_mapped_parchment_2023.09.03-1.20.1.jar;C:\Users\paulm\.grad
Launcher Type: SUN_STANDARD

[Global flags]
     intx CICompilerCount                          = 15                                        {product} {ergonomic}
     uint ConcGCThreads                            = 6                                         {product} {ergonomic}
     uint G1ConcRefinementThreads                  = 23                                        {product} {ergonomic}
   size_t G1HeapRegionSize                         = 8388608                                   {product} {ergonomic}
    uintx GCDrainStackTargetSize                   = 64                                        {product} {ergonomic}
    ccstr HeapDumpPath                             = MojangTricksIntelDriversForPerformance_javaw.exe_minecraft.exe.heapdump         {manageable} {command line}
   size_t InitialHeapSize                          = 1065353216                                {product} {ergonomic}
   size_t MarkStackSize                            = 4194304                                   {product} {ergonomic}
   size_t MaxHeapSize                              = 16953376768                               {product} {ergonomic}
   size_t MaxNewSize                               = 10166992896                               {product} {ergonomic}
   size_t MinHeapDeltaBytes                        = 8388608                                   {product} {ergonomic}
   size_t MinHeapSize                              = 8388608                                   {product} {ergonomic}
    uintx NonNMethodCodeHeapSize                   = 8192380                                {pd product} {ergonomic}
    uintx NonProfiledCodeHeapSize                  = 121732930                              {pd product} {ergonomic}
    uintx ProfiledCodeHeapSize                     = 121732930                              {pd product} {ergonomic}
    uintx ReservedCodeCacheSize                    = 251658240                              {pd product} {ergonomic}
     bool SegmentedCodeCache                       = true                                      {product} {ergonomic}
   size_t SoftMaxHeapSize                          = 16953376768                            {manageable} {ergonomic}
     bool UseCompressedClassPointers               = true                           {product lp64_product} {ergonomic}
     bool UseCompressedOops                        = true                           {product lp64_product} {ergonomic}
     bool UseG1GC                                  = true                                      {product} {ergonomic}
     bool UseLargePagesIndividualAllocation        = false                                  {pd product} {ergonomic}

Logging:
Log output configuration:
 #0: stdout all=warning uptime,level,tags
 #1: stderr all=off uptime,level,tags

Environment Variables:
PATH=C:\Program Files\Common Files\Oracle\Java\javapath;C:\WINDOWS\system32;C:\WINDOWS;C:\WINDOWS\System32\Wbem;C:\WINDOWS\System32\WindowsPowerShell\v1.0\;C:\WINDOWS\System32\OpenSSH\;C:\Program Files\NVIDIA Corporation\NVIDIA app\NvDLISR;C:\Program Files (x86)\NVIDIA Corporation\PhysX\Common;C:\Program Files\dotnet\;C:\Program Files\Git\cmd;C:\Program Files\nodejs\;C:\ProgramData\chocolatey\bin;C:\Users\paulm\AppData\Local\Programs\Python\Launcher\;C:\Users\paulm\AppData\Local\Microsoft\WindowsApps;C:\Users\paulm\AppData\Local\Programs\Microsoft VS Code\bin;C:\Users\paulm\.dotnet\tools;C:\Users\paulm\AppData\Local\GitHubDesktop\bin;C:\Users\paulm\AppData\Roaming\npm;C:\Users\paulm\AppData\Local\Programs\Windsurf\bin;C:\Users\paulm\AppData\Local\Programs\cursor\resources\app\bin
USERNAME=paulm
OS=Windows_NT
PROCESSOR_IDENTIFIER=AMD64 Family 25 Model 97 Stepping 2, AuthenticAMD
TMP=C:\Users\paulm\AppData\Local\Temp
TEMP=C:\Users\paulm\AppData\Local\Temp



Periodic native trim disabled


---------------  S Y S T E M  ---------------

OS:
 Windows 11 , 64 bit Build 26100 (10.0.26100.3775)
OS uptime: 7 days 12:38 hours
Hyper-V role detected

CPU: total 32 (initial active 32) (32 cores per cpu, 2 threads per core) family 25 model 97 stepping 2 microcode 0xa601209, cx8, cmov, fxsr, ht, mmx, 3dnowpref, sse, sse2, sse3, ssse3, sse4a, sse4.1, sse4.2, popcnt, lzcnt, tsc, tscinvbit, avx, avx2, aes, erms, clmul, bmi1, bmi2, adx, avx512f, avx512dq, avx512cd, avx512bw, avx512vl, sha, fma, vzeroupper, avx512_vpopcntdq, avx512_vpclmulqdq, avx512_vaes, avx512_vnni, clflush, clflushopt, avx512_vbmi2, avx512_vbmi, hv
Processor Information for all 32 processors :
  Max Mhz: 4501, Current Mhz: 4501, Mhz Limit: 4501

Memory: 4k page, system-wide physical 64650M (10160M free)
TotalPageFile size 89173M (AvailPageFile size 320M)
current process WorkingSet (physical memory assigned to process): 1814M, peak: 1888M
current process commit charge ("private bytes"): 2091M, peak: 4051M

vm_info: OpenJDK 64-Bit Server VM (17.0.14+7) for windows-amd64 JRE (17.0.14+7), built on Jan 21 2025 23:40:15 by "admin" with MS VC++ 17.7 (VS2022)

END.
