#
# There is insufficient memory for the Java Runtime Environment to continue.
# Native memory allocation (malloc) failed to allocate 1055312 bytes. Error detail: Chunk::new
# Possible reasons:
#   The system is out of physical RAM or swap space
#   This process is running with CompressedOops enabled, and the Java Heap may be blocking the growth of the native heap
# Possible solutions:
#   Reduce memory load on the system
#   Increase physical memory or swap space
#   Check if swap backing store is full
#   Decrease Java heap size (-Xmx/-Xms)
#   Decrease number of Java threads
#   Decrease Java thread stack sizes (-Xss)
#   Set larger code cache with -XX:ReservedCodeCacheSize=
#   JVM is running with Zero Based Compressed Oops mode in which the Java heap is
#     placed in the first 32GB address space. The Java Heap base address is the
#     maximum limit for the native heap growth. Please use -XX:HeapBaseMinAddress
#     to set the Java Heap base and to place the Java Heap above 32GB virtual address.
# This output file may be truncated or incomplete.
#
#  Out of Memory Error (arena.cpp:191), pid=66380, tid=76780
#
# JRE version: OpenJDK Runtime Environment Temurin-17.0.14+7 (17.0.14+7) (build 17.0.14+7)
# Java VM: OpenJDK 64-Bit Server VM Temurin-17.0.14+7 (17.0.14+7, mixed mode, sharing, tiered, compressed oops, compressed class ptrs, g1 gc, windows-amd64)
# No core dump will be written. Minidumps are not enabled by default on client versions of Windows
#

---------------  S U M M A R Y ------------

Command Line: -Dforge.enableGameTest=true -Dforge.enabledGameTestNamespaces=minecolonytax -Dforge.logging.console.level=debug -Dforge.logging.markers=REGISTRIES -DignoreList=bootstraplauncher,securejarhandler,asm-commons,asm-util,asm-analysis,asm-tree,asm,JarJarFileSystems,client-extra,fmlcore,javafmllanguage,lowcodelanguage,mclanguage,forge- -Djava.net.preferIPv6Addresses=system -DlegacyClassPath.file=C:\Users\paulm\Desktop\MinecolonyTaxAddon - Kopie\build\classpath\runClient_minecraftClasspath.txt -DmergeModules=jna-5.10.0.jar,jna-platform-5.10.0.jar -Dmixin.env.refMapRemappingFile=C:\Users\paulm\Desktop\MinecolonyTaxAddon - Kopie/build/createSrgToMcp/output.srg -Dmixin.env.remapRefMap=true --module-path=C:\Users\paulm\.gradle\caches\modules-2\files-2.1\cpw.mods\bootstraplauncher\1.1.2\c546e00443d8432cda6baa1c860346980742628\bootstraplauncher-1.1.2.jar;C:\Users\paulm\.gradle\caches\modules-2\files-2.1\cpw.mods\securejarhandler\2.1.10\51e6a22c6c716beb11e244bf5b8be480f51dd6b5\securejarhandler-2.1.10.jar;C:\Users\paulm\.gradle\caches\modules-2\files-2.1\org.ow2.asm\asm-commons\9.7\e86dda4696d3c185fcc95d8d311904e7ce38a53f\asm-commons-9.7.jar;C:\Users\paulm\.gradle\caches\modules-2\files-2.1\org.ow2.asm\asm-util\9.7\c0655519f24d92af2202cb681cd7c1569df6ead6\asm-util-9.7.jar;C:\Users\paulm\.gradle\caches\modules-2\files-2.1\org.ow2.asm\asm-analysis\9.7\e4a258b7eb96107106c0599f0061cfc1832fe07a\asm-analysis-9.7.jar;C:\Users\paulm\.gradle\caches\modules-2\files-2.1\org.ow2.asm\asm-tree\9.7\e446a17b175bfb733b87c5c2560ccb4e57d69f1a\asm-tree-9.7.jar;C:\Users\paulm\.gradle\caches\modules-2\files-2.1\org.ow2.asm\asm\9.7\73d7b3086e14beb604ced229c302feff6449723\asm-9.7.jar;C:\Users\paulm\.gradle\caches\modules-2\files-2.1\net.minecraftforge\JarJarFileSystems\0.3.19\2464eb7d6b9ddb9db36a82cf8a95193e5c6fe020\JarJarFileSystems-0.3.19.jar --add-modules=ALL-MODULE-PATH --add-opens=java.base/java.util.jar=cpw.mods.securejarhandler --add-opens=java.base/java.lang.invoke=cpw.mods.securejarhandler --add-exports=java.base/sun.security.util=cpw.mods.securejarhandler --add-exports=jdk.naming.dns/com.sun.jndi.dns=java.naming -XX:HeapDumpPath=MojangTricksIntelDriversForPerformance_javaw.exe_minecraft.exe.heapdump -Dfile.encoding=UTF-8 -Duser.country=DE -Duser.language=de -Duser.variant cpw.mods.bootstraplauncher.BootstrapLauncher --launchTarget forgeclientuserdev --version MOD_DEV --assetIndex 5 --assetsDir C:\Users\paulm\.gradle\caches\forge_gradle\assets --gameDir . --fml.forgeVersion 47.3.10 --fml.mcVersion 1.20.1 --fml.forgeGroup net.minecraftforge --fml.mcpVersion 20230612.114412

Host: AMD Ryzen 9 7950X 16-Core Processor            , 32 cores, 63G,  Windows 11 , 64 bit Build 26100 (10.0.26100.3775)
Time: Tue May  6 05:36:33 2025 Mitteleuropäische Sommerzeit elapsed time: 25.593856 seconds (0d 0h 0m 25s)

---------------  T H R E A D  ---------------

Current thread (0x000002bbae1d7980):  JavaThread "C2 CompilerThread7" daemon [_thread_in_native, id=76780, stack(0x000000bcdd600000,0x000000bcdd700000)]


Current CompileTask:
C2:  25593 14268       4       net.minecraft.server.packs.linkfs.LinkFSPath::pathToString (58 bytes)

Stack: [0x000000bcdd600000,0x000000bcdd700000]
Native frames: (J=compiled Java code, j=interpreted, Vv=VM code, C=native code)
V  [jvm.dll+0x682eb9]
V  [jvm.dll+0x8399c8]
V  [jvm.dll+0x83b473]
V  [jvm.dll+0x83bae3]
V  [jvm.dll+0x24715f]
V  [jvm.dll+0xace44]
V  [jvm.dll+0xad4dc]
V  [jvm.dll+0x365b5e]
V  [jvm.dll+0x32fd58]
V  [jvm.dll+0x32f1da]
V  [jvm.dll+0x21814f]
V  [jvm.dll+0x21758f]
V  [jvm.dll+0x1a3150]
V  [jvm.dll+0x22799c]
V  [jvm.dll+0x225afb]
V  [jvm.dll+0x7ef128]
V  [jvm.dll+0x7e948c]
V  [jvm.dll+0x681d97]
C  [ucrtbase.dll+0x37b0]
C  [KERNEL32.DLL+0x2e8d7]
C  [ntdll.dll+0xb14fc]


---------------  P R O C E S S  ---------------

Threads class SMR info:
_java_thread_list=0x000002bbb0b73010, length=88, elements={
0x000002bb22d7f700, 0x000002bb6415a460, 0x000002bb6415c340, 0x000002bb64171490,
0x000002bb64173d70, 0x000002bb64175650, 0x000002bb64175f20, 0x000002bb64178b30,
0x000002bb64179440, 0x000002bb64185260, 0x000002bb645623b0, 0x000002bb645c4040,
0x000002bb64c676b0, 0x000002bbb0d39160, 0x000002bbb0d3d120, 0x000002bbb0d3c130,
0x000002bbb0f2b090, 0x000002bbaaacf5f0, 0x000002bbaaace0b0, 0x000002bbace158d0,
0x000002bbace15de0, 0x000002bbace13f80, 0x000002bbace17c40, 0x000002bbace18150,
0x000002bbace149a0, 0x000002bbace18b70, 0x000002bbace18660, 0x000002bbace1a9d0,
0x000002bbace19080, 0x000002bbace19590, 0x000002bbace1aee0, 0x000002bbace19aa0,
0x000002bbace19fb0, 0x000002bbace1a4c0, 0x000002bbafbee2b0, 0x000002bbafbf0b30,
0x000002bbafbed890, 0x000002bbb0f2bab0, 0x000002bb644e9a10, 0x000002bb644e9f20,
0x000002bb644ea430, 0x000002bb644eae50, 0x000002bbb0d3a150, 0x000002bb644e80c0,
0x000002bb644e8ae0, 0x000002bb644ec7a0, 0x000002bb644eccb0, 0x000002bb644e9500,
0x000002bb644efa40, 0x000002bb644ed1c0, 0x000002bb644ef020, 0x000002bb644ed6d0,
0x000002bb644edbe0, 0x000002bb644ee0f0, 0x000002bb644ee600, 0x000002bbb0d39c00,
0x000002bbb0d3dbc0, 0x000002bbae1da400, 0x000002bbae1d7980, 0x000002bbae1d9960,
0x000002bb644ef530, 0x000002bb644eeb10, 0x000002bbace162f0, 0x000002bbace17220,
0x000002bbb0f28810, 0x000002bbaf2daa80, 0x000002bbaf2daf90, 0x000002bbaf2dd300,
0x000002bbaf2db4a0, 0x000002bbae1d6990, 0x000002bbaf2db9b0, 0x000002bbaf2ddd20,
0x000002bbaf2dbec0, 0x000002bbaf2dc3d0, 0x000002bbaf2da570, 0x000002bbaf2df670,
0x000002bbaf2dc8e0, 0x000002bbaf2de230, 0x000002bbaf2de740, 0x000002bbaf2dfb80,
0x000002bbaf2dec50, 0x000002bbaf2dcdf0, 0x000002bbaf2df160, 0x000002bbaf2e0090,
0x000002bbaf2e05a0, 0x000002bbaf2e0ab0, 0x000002bbb1817f40, 0x000002bbb1816b00
}

Java Threads: ( => current thread )
  0x000002bb22d7f700 JavaThread "Render thread" [_thread_in_native, id=77416, stack(0x000000bcd6e00000,0x000000bcd6f00000)]
  0x000002bb6415a460 JavaThread "Reference Handler" daemon [_thread_blocked, id=4352, stack(0x000000bcd7500000,0x000000bcd7600000)]
  0x000002bb6415c340 JavaThread "Finalizer" daemon [_thread_blocked, id=33540, stack(0x000000bcd7600000,0x000000bcd7700000)]
  0x000002bb64171490 JavaThread "Signal Dispatcher" daemon [_thread_blocked, id=61904, stack(0x000000bcd7700000,0x000000bcd7800000)]
  0x000002bb64173d70 JavaThread "Attach Listener" daemon [_thread_blocked, id=70460, stack(0x000000bcd7800000,0x000000bcd7900000)]
  0x000002bb64175650 JavaThread "Service Thread" daemon [_thread_blocked, id=47744, stack(0x000000bcd7900000,0x000000bcd7a00000)]
  0x000002bb64175f20 JavaThread "Monitor Deflation Thread" daemon [_thread_blocked, id=61644, stack(0x000000bcd7a00000,0x000000bcd7b00000)]
  0x000002bb64178b30 JavaThread "C2 CompilerThread0" daemon [_thread_in_native, id=18176, stack(0x000000bcd7b00000,0x000000bcd7c00000)]
  0x000002bb64179440 JavaThread "C1 CompilerThread0" daemon [_thread_blocked, id=17016, stack(0x000000bcd7c00000,0x000000bcd7d00000)]
  0x000002bb64185260 JavaThread "Sweeper thread" daemon [_thread_blocked, id=75196, stack(0x000000bcd7d00000,0x000000bcd7e00000)]
  0x000002bb645623b0 JavaThread "Common-Cleaner" daemon [_thread_blocked, id=66016, stack(0x000000bcd7f00000,0x000000bcd8000000)]
  0x000002bb645c4040 JavaThread "Notification Thread" daemon [_thread_blocked, id=78464, stack(0x000000bcd8200000,0x000000bcd8300000)]
  0x000002bb64c676b0 JavaThread "pool-2-thread-1" daemon [_thread_blocked, id=63336, stack(0x000000bcda600000,0x000000bcda700000)]
  0x000002bbb0d39160 JavaThread "C1 CompilerThread1" daemon [_thread_blocked, id=79604, stack(0x000000bcd8500000,0x000000bcd8600000)]
  0x000002bbb0d3d120 JavaThread "C1 CompilerThread2" daemon [_thread_blocked, id=79612, stack(0x000000bcd8600000,0x000000bcd8700000)]
  0x000002bbb0d3c130 JavaThread "C1 CompilerThread3" daemon [_thread_blocked, id=79616, stack(0x000000bcd8700000,0x000000bcd8800000)]
  0x000002bbb0f2b090 JavaThread "JNA Cleaner" daemon [_thread_blocked, id=79108, stack(0x000000bcdac00000,0x000000bcdad00000)]
  0x000002bbaaacf5f0 JavaThread "C2 CompilerThread1" daemon [_thread_in_native, id=72084, stack(0x000000bcd7e00000,0x000000bcd7f00000)]
  0x000002bbaaace0b0 JavaThread "C2 CompilerThread2" daemon [_thread_in_native, id=79532, stack(0x000000bcd8100000,0x000000bcd8200000)]
  0x000002bbace158d0 JavaThread "Timer hack thread" daemon [_thread_blocked, id=79712, stack(0x000000bcd8000000,0x000000bcd8100000)]
  0x000002bbace15de0 JavaThread "Yggdrasil Key Fetcher" daemon [_thread_blocked, id=29264, stack(0x000000bcdb600000,0x000000bcdb700000)]
  0x000002bbace13f80 JavaThread "Keep-Alive-Timer" daemon [_thread_blocked, id=35904, stack(0x000000bcdb400000,0x000000bcdb500000)]
  0x000002bbace17c40 JavaThread "modloading-worker-0" daemon [_thread_blocked, id=56796, stack(0x000000bcdb200000,0x000000bcdb300000)]
  0x000002bbace18150 JavaThread "modloading-worker-0" daemon [_thread_blocked, id=78544, stack(0x000000bcdb500000,0x000000bcdb600000)]
  0x000002bbace149a0 JavaThread "modloading-worker-0" daemon [_thread_blocked, id=75200, stack(0x000000bcdb800000,0x000000bcdb900000)]
  0x000002bbace18b70 JavaThread "modloading-worker-0" daemon [_thread_blocked, id=79124, stack(0x000000bcdb900000,0x000000bcdba00000)]
  0x000002bbace18660 JavaThread "modloading-worker-0" daemon [_thread_blocked, id=79668, stack(0x000000bcdba00000,0x000000bcdbb00000)]
  0x000002bbace1a9d0 JavaThread "modloading-worker-0" daemon [_thread_blocked, id=79740, stack(0x000000bcdbb00000,0x000000bcdbc00000)]
  0x000002bbace19080 JavaThread "modloading-worker-0" daemon [_thread_blocked, id=78028, stack(0x000000bcdbc00000,0x000000bcdbd00000)]
  0x000002bbace19590 JavaThread "modloading-worker-0" daemon [_thread_blocked, id=15352, stack(0x000000bcdbd00000,0x000000bcdbe00000)]
  0x000002bbace1aee0 JavaThread "modloading-worker-0" daemon [_thread_blocked, id=33280, stack(0x000000bcdbe00000,0x000000bcdbf00000)]
  0x000002bbace19aa0 JavaThread "modloading-worker-0" daemon [_thread_blocked, id=79808, stack(0x000000bcdbf00000,0x000000bcdc000000)]
  0x000002bbace19fb0 JavaThread "modloading-worker-0" daemon [_thread_blocked, id=79256, stack(0x000000bcdc000000,0x000000bcdc100000)]
  0x000002bbace1a4c0 JavaThread "modloading-worker-0" daemon [_thread_blocked, id=44992, stack(0x000000bcdc100000,0x000000bcdc200000)]
  0x000002bbafbee2b0 JavaThread "modloading-worker-0" daemon [_thread_blocked, id=79804, stack(0x000000bcdc200000,0x000000bcdc300000)]
  0x000002bbafbf0b30 JavaThread "modloading-worker-0" daemon [_thread_blocked, id=79624, stack(0x000000bcdc300000,0x000000bcdc400000)]
  0x000002bbafbed890 JavaThread "modloading-worker-0" daemon [_thread_blocked, id=77356, stack(0x000000bcdc400000,0x000000bcdc500000)]
  0x000002bbb0f2bab0 JavaThread "modloading-worker-0" daemon [_thread_blocked, id=35996, stack(0x000000bcdc500000,0x000000bcdc600000)]
  0x000002bb644e9a10 JavaThread "modloading-worker-0" daemon [_thread_blocked, id=78920, stack(0x000000bcdc600000,0x000000bcdc700000)]
  0x000002bb644e9f20 JavaThread "Structurize IO Worker #0" daemon [_thread_blocked, id=79016, stack(0x000000bcdc700000,0x000000bcdc800000)]
  0x000002bb644ea430 JavaThread "FileSystemWatchService" daemon [_thread_in_native, id=21396, stack(0x000000bcdc800000,0x000000bcdc900000)]
  0x000002bb644eae50 JavaThread "JEI Config File Watcher" daemon [_thread_blocked, id=79788, stack(0x000000bcdcb00000,0x000000bcdcc00000)]
  0x000002bbb0d3a150 JavaThread "C2 CompilerThread3" daemon [_thread_in_native, id=78996, stack(0x000000bcd8400000,0x000000bcd8500000)]
  0x000002bb644e80c0 JavaThread "Sound engine" daemon [_thread_blocked, id=79380, stack(0x000000bcd8b00000,0x000000bcd8c00000)]
  0x000002bb644e8ae0 JavaThread "Worker-Main-1" daemon [_thread_blocked, id=63572, stack(0x000000bcd8c00000,0x000000bcd8d00000)]
  0x000002bb644ec7a0 JavaThread "Thread-3" daemon [_thread_blocked, id=6980, stack(0x000000bcdab00000,0x000000bcdac00000)]
  0x000002bb644eccb0 JavaThread "FileSystemWatchService" daemon [_thread_in_native, id=62216, stack(0x000000bcdc900000,0x000000bcdca00000)]
  0x000002bb644e9500 JavaThread "Worker-Main-2" daemon [_thread_blocked, id=68492, stack(0x000000bcdca00000,0x000000bcdcb00000)]
  0x000002bb644efa40 JavaThread "Worker-Main-3" daemon [_thread_blocked, id=43828, stack(0x000000bcdcc00000,0x000000bcdcd00000)]
  0x000002bb644ed1c0 JavaThread "Worker-Main-4" daemon [_thread_blocked, id=79436, stack(0x000000bcdcd00000,0x000000bcdce00000)]
  0x000002bb644ef020 JavaThread "Worker-Main-5" daemon [_thread_blocked, id=79152, stack(0x000000bcdce00000,0x000000bcdcf00000)]
  0x000002bb644ed6d0 JavaThread "Worker-Main-6" daemon [_thread_blocked, id=79092, stack(0x000000bcdcf00000,0x000000bcdd000000)]
  0x000002bb644edbe0 JavaThread "Worker-Main-7" daemon [_thread_blocked, id=33960, stack(0x000000bcdd000000,0x000000bcdd100000)]
  0x000002bb644ee0f0 JavaThread "Worker-Main-8" daemon [_thread_blocked, id=79156, stack(0x000000bcdd100000,0x000000bcdd200000)]
  0x000002bb644ee600 JavaThread "Worker-Main-9" daemon [_thread_blocked, id=79852, stack(0x000000bcdd200000,0x000000bcdd300000)]
  0x000002bbb0d39c00 JavaThread "C2 CompilerThread4" daemon [_thread_in_native, id=71472, stack(0x000000bcdd300000,0x000000bcdd400000)]
  0x000002bbb0d3dbc0 JavaThread "C2 CompilerThread5" daemon [_thread_in_native, id=79844, stack(0x000000bcdd400000,0x000000bcdd500000)]
  0x000002bbae1da400 JavaThread "C2 CompilerThread6" daemon [_thread_in_native, id=74412, stack(0x000000bcdd500000,0x000000bcdd600000)]
=>0x000002bbae1d7980 JavaThread "C2 CompilerThread7" daemon [_thread_in_native, id=76780, stack(0x000000bcdd600000,0x000000bcdd700000)]
  0x000002bbae1d9960 JavaThread "C2 CompilerThread8" daemon [_thread_in_native, id=79832, stack(0x000000bcdd700000,0x000000bcdd800000)]
  0x000002bb644ef530 JavaThread "Worker-Main-10" daemon [_thread_blocked, id=79848, stack(0x000000bcdd800000,0x000000bcdd900000)]
  0x000002bb644eeb10 JavaThread "Worker-Main-11" daemon [_thread_blocked, id=79512, stack(0x000000bcdd900000,0x000000bcdda00000)]
  0x000002bbace162f0 JavaThread "Worker-Main-12" daemon [_thread_blocked, id=79508, stack(0x000000bcdda00000,0x000000bcddb00000)]
  0x000002bbace17220 JavaThread "Worker-Main-13" daemon [_thread_blocked, id=30768, stack(0x000000bcddb00000,0x000000bcddc00000)]
  0x000002bbb0f28810 JavaThread "Worker-Main-14" daemon [_thread_in_vm, id=79484, stack(0x000000bcddc00000,0x000000bcddd00000)]
  0x000002bbaf2daa80 JavaThread "Worker-Main-15" daemon [_thread_blocked, id=77984, stack(0x000000bcddd00000,0x000000bcdde00000)]
  0x000002bbaf2daf90 JavaThread "Worker-Main-16" daemon [_thread_blocked, id=64044, stack(0x000000bcdde00000,0x000000bcddf00000)]
  0x000002bbaf2dd300 JavaThread "Worker-Main-17" daemon [_thread_in_vm, id=79760, stack(0x000000bcddf00000,0x000000bcde000000)]
  0x000002bbaf2db4a0 JavaThread "Worker-Main-18" daemon [_thread_blocked, id=54492, stack(0x000000bcde000000,0x000000bcde100000)]
  0x000002bbae1d6990 JavaThread "C2 CompilerThread9" daemon [_thread_in_native, id=79384, stack(0x000000bcde100000,0x000000bcde200000)]
  0x000002bbaf2db9b0 JavaThread "Forge Version Check" daemon [_thread_blocked, id=79388, stack(0x000000bcde200000,0x000000bcde300000)]
  0x000002bbaf2ddd20 JavaThread "Worker-Main-19" daemon [_thread_blocked, id=79828, stack(0x000000bcde300000,0x000000bcde400000)]
  0x000002bbaf2dbec0 JavaThread "Worker-Main-20" daemon [_thread_blocked, id=79356, stack(0x000000bcde400000,0x000000bcde500000)]
  0x000002bbaf2dc3d0 JavaThread "Worker-Main-21" daemon [_thread_blocked, id=79688, stack(0x000000bcde500000,0x000000bcde600000)]
  0x000002bbaf2da570 JavaThread "Worker-Main-22" daemon [_thread_blocked, id=79756, stack(0x000000bcde600000,0x000000bcde700000)]
  0x000002bbaf2df670 JavaThread "Worker-Main-23" daemon [_thread_blocked, id=35872, stack(0x000000bcde700000,0x000000bcde800000)]
  0x000002bbaf2dc8e0 JavaThread "Worker-Main-24" daemon [_thread_blocked, id=77804, stack(0x000000bcde800000,0x000000bcde900000)]
  0x000002bbaf2de230 JavaThread "Worker-Main-25" daemon [_thread_blocked, id=55144, stack(0x000000bcde900000,0x000000bcdea00000)]
  0x000002bbaf2de740 JavaThread "Worker-Main-26" daemon [_thread_blocked, id=77520, stack(0x000000bcdea00000,0x000000bcdeb00000)]
  0x000002bbaf2dfb80 JavaThread "Worker-Main-27" daemon [_thread_blocked, id=78928, stack(0x000000bcdeb00000,0x000000bcdec00000)]
  0x000002bbaf2dec50 JavaThread "Worker-Main-28" daemon [_thread_blocked, id=26328, stack(0x000000bcdec00000,0x000000bcded00000)]
  0x000002bbaf2dcdf0 JavaThread "Worker-Main-29" daemon [_thread_blocked, id=41500, stack(0x000000bcded00000,0x000000bcdee00000)]
  0x000002bbaf2df160 JavaThread "Worker-Main-30" daemon [_thread_blocked, id=75692, stack(0x000000bcdee00000,0x000000bcdef00000)]
  0x000002bbaf2e0090 JavaThread "Worker-Main-31" daemon [_thread_blocked, id=73620, stack(0x000000bcdef00000,0x000000bcdf000000)]
  0x000002bbaf2e05a0 JavaThread "IO-Worker-32" [_thread_blocked, id=79596, stack(0x000000bcdf000000,0x000000bcdf100000)]
  0x000002bbaf2e0ab0 JavaThread "HttpClient-1-SelectorManager" daemon [_thread_in_native, id=29340, stack(0x000000bcdf100000,0x000000bcdf200000)]
  0x000002bbb1817f40 JavaThread "HttpClient-1-Worker-0" daemon [_thread_in_vm, id=23448, stack(0x000000bcdf200000,0x000000bcdf300000)]
  0x000002bbb1816b00 JavaThread "HttpClient-1-Worker-1" daemon [_thread_blocked, id=78916, stack(0x000000bcdf300000,0x000000bcdf400000)]

Other Threads:
  0x000002bb64157380 VMThread "VM Thread" [stack: 0x000000bcd7400000,0x000000bcd7500000] [id=56864]
  0x000002bb22d80130 WatcherThread [stack: 0x000000bcd8300000,0x000000bcd8400000] [id=55824]
  0x000002bb3ac4f9a0 GCTaskThread "GC Thread#0" [stack: 0x000000bcd6f00000,0x000000bcd7000000] [id=55028]
  0x000002bbaacb3a00 GCTaskThread "GC Thread#1" [stack: 0x000000bcd8e00000,0x000000bcd8f00000] [id=56808]
  0x000002bbaac3c7b0 GCTaskThread "GC Thread#2" [stack: 0x000000bcd8f00000,0x000000bcd9000000] [id=71664]
  0x000002bbaa354ca0 GCTaskThread "GC Thread#3" [stack: 0x000000bcd9000000,0x000000bcd9100000] [id=42316]
  0x000002bbaa49baf0 GCTaskThread "GC Thread#4" [stack: 0x000000bcd9100000,0x000000bcd9200000] [id=77388]
  0x000002bbaa49c1c0 GCTaskThread "GC Thread#5" [stack: 0x000000bcd9200000,0x000000bcd9300000] [id=44156]
  0x000002bbaa2c64e0 GCTaskThread "GC Thread#6" [stack: 0x000000bcd9300000,0x000000bcd9400000] [id=64684]
  0x000002bbaa2c67a0 GCTaskThread "GC Thread#7" [stack: 0x000000bcd9400000,0x000000bcd9500000] [id=33408]
  0x000002bbaa2c6a60 GCTaskThread "GC Thread#8" [stack: 0x000000bcd9500000,0x000000bcd9600000] [id=44684]
  0x000002bbaa2c6d20 GCTaskThread "GC Thread#9" [stack: 0x000000bcd9600000,0x000000bcd9700000] [id=46804]
  0x000002bbaa20e620 GCTaskThread "GC Thread#10" [stack: 0x000000bcd9700000,0x000000bcd9800000] [id=51328]
  0x000002bbaa20ecf0 GCTaskThread "GC Thread#11" [stack: 0x000000bcd9800000,0x000000bcd9900000] [id=70952]
  0x000002bbaa20efb0 GCTaskThread "GC Thread#12" [stack: 0x000000bcd9900000,0x000000bcd9a00000] [id=41732]
  0x000002bbaa65ab50 GCTaskThread "GC Thread#13" [stack: 0x000000bcd9a00000,0x000000bcd9b00000] [id=19764]
  0x000002bbaa5af8f0 GCTaskThread "GC Thread#14" [stack: 0x000000bcd9b00000,0x000000bcd9c00000] [id=71532]
  0x000002bbaa5b0970 GCTaskThread "GC Thread#15" [stack: 0x000000bcd9c00000,0x000000bcd9d00000] [id=64212]
  0x000002bbaa5af370 GCTaskThread "GC Thread#16" [stack: 0x000000bcd9d00000,0x000000bcd9e00000] [id=69616]
  0x000002bbaa5b06b0 GCTaskThread "GC Thread#17" [stack: 0x000000bcd9e00000,0x000000bcd9f00000] [id=26920]
  0x000002bbaa5af630 GCTaskThread "GC Thread#18" [stack: 0x000000bcd9f00000,0x000000bcda000000] [id=64016]
  0x000002bbaa5b0130 GCTaskThread "GC Thread#19" [stack: 0x000000bcda000000,0x000000bcda100000] [id=62172]
  0x000002bbaa5b03f0 GCTaskThread "GC Thread#20" [stack: 0x000000bcda100000,0x000000bcda200000] [id=36100]
  0x000002bbaa5afbb0 GCTaskThread "GC Thread#21" [stack: 0x000000bcda200000,0x000000bcda300000] [id=25112]
  0x000002bbaa5afe70 GCTaskThread "GC Thread#22" [stack: 0x000000bcda300000,0x000000bcda400000] [id=33576]
  0x000002bb22e04600 ConcurrentGCThread "G1 Main Marker" [stack: 0x000000bcd7000000,0x000000bcd7100000] [id=75168]
  0x000002bb22e06850 ConcurrentGCThread "G1 Conc#0" [stack: 0x000000bcd7100000,0x000000bcd7200000] [id=76684]
  0x000002bbaeb94a80 ConcurrentGCThread "G1 Conc#1" [stack: 0x000000bcdad00000,0x000000bcdae00000] [id=69516]
  0x000002bbaeb94d40 ConcurrentGCThread "G1 Conc#2" [stack: 0x000000bcdae00000,0x000000bcdaf00000] [id=11084]
  0x000002bbaeb93740 ConcurrentGCThread "G1 Conc#3" [stack: 0x000000bcdaf00000,0x000000bcdb000000] [id=73660]
  0x000002bbaeb93a00 ConcurrentGCThread "G1 Conc#4" [stack: 0x000000bcdb000000,0x000000bcdb100000] [id=70340]
  0x000002bbaeb92140 ConcurrentGCThread "G1 Conc#5" [stack: 0x000000bcdb100000,0x000000bcdb200000] [id=46780]
  0x000002bb3adb6070 ConcurrentGCThread "G1 Refine#0" [stack: 0x000000bcd7200000,0x000000bcd7300000] [id=29600]
  0x000002bb3adb6850 ConcurrentGCThread "G1 Service" [stack: 0x000000bcd7300000,0x000000bcd7400000] [id=74768]

Threads with active compile tasks:
C2 CompilerThread0    25626 16118   !   4       net.minecraft.client.resources.model.ModelBakery::lambda$loadModel$22 (113 bytes)
C2 CompilerThread1    25626 16158       4       net.minecraft.client.resources.model.ModelBakery$ModelGroupKey::equals (55 bytes)
C2 CompilerThread2    25627 14476       4       net.minecraft.client.resources.sounds.SoundEventRegistrationSerializer::getSound (160 bytes)
C2 CompilerThread3    25627 15753       4       net.minecraft.client.renderer.block.model.multipart.AndCondition$$Lambda$8367/0x000002bb67171fd0::test (12 bytes)
C2 CompilerThread4    25627 15757       4       net.minecraft.client.resources.model.ModelBakery$ModelGroupKey$$Lambda$8360/0x000002bb67170b40::test (16 bytes)
C2 CompilerThread5    25627 16116       4       net.minecraft.client.resources.model.ModelBakery$$Lambda$8329/0x000002bb671693b0::accept (32 bytes)
C2 CompilerThread6    25628 15149       4       net.minecraft.client.renderer.texture.Stitcher$Region::add (415 bytes)
C2 CompilerThread7    25628 14268       4       net.minecraft.server.packs.linkfs.LinkFSPath::pathToString (58 bytes)
C2 CompilerThread8    25628 16159       4       java.util.HashMap::computeIfAbsent (330 bytes)
C2 CompilerThread9    25629 14269       4       net.minecraft.server.packs.linkfs.LinkFSPath::toString (5 bytes)

VM state: not at safepoint (normal execution)

VM Mutex/Monitor currently owned by a thread: None

Heap address: 0x000000040d800000, size: 16168 MB, Compressed Oops mode: Zero based, Oop shift amount: 3

CDS archive(s) mapped at: [0x000002bb65000000-0x000002bb65bb0000-0x000002bb65bb0000), size 12255232, SharedBaseAddress: 0x000002bb65000000, ArchiveRelocationMode: 1.
Compressed class space mapped at: 0x000002bb66000000-0x000002bba6000000, reserved size: 1073741824
Narrow klass base: 0x000002bb65000000, Narrow klass shift: 0, Narrow klass range: 0x100000000

GC Precious Log:
 CPUs: 32 total, 32 available
 Memory: 64650M
 Large Page Support: Disabled
 NUMA Support: Disabled
 Compressed Oops: Enabled (Zero based)
 Heap Region Size: 8M
 Heap Min Capacity: 8M
 Heap Initial Capacity: 1016M
 Heap Max Capacity: 16168M
 Pre-touch: Disabled
 Parallel Workers: 23
 Concurrent Workers: 6
 Concurrent Refinement Workers: 23
 Periodic GC: Disabled

Heap:
 garbage-first heap   total 876544K, used 611614K [0x000000040d800000, 0x0000000800000000)
  region size 8192K, 42 young (344064K), 4 survivors (32768K)
 Metaspace       used 111703K, committed 113280K, reserved 1179648K
  class space    used 17383K, committed 18112K, reserved 1048576K

Heap Regions: E=young(eden), S=young(survivor), O=old, HS=humongous(starts), HC=humongous(continues), CS=collection set, F=free, OA=open archive, CA=closed archive, TAMS=top-at-mark-start (previous, next)
|   0|0x000000040d800000, 0x000000040e000000, 0x000000040e000000|100%| O|  |TAMS 0x000000040e000000, 0x000000040d800000| Untracked 
|   1|0x000000040e000000, 0x000000040e800000, 0x000000040e800000|100%| O|  |TAMS 0x000000040e800000, 0x000000040e000000| Untracked 
|   2|0x000000040e800000, 0x000000040f000000, 0x000000040f000000|100%| O|  |TAMS 0x000000040f000000, 0x000000040e800000| Untracked 
|   3|0x000000040f000000, 0x000000040f800000, 0x000000040f800000|100%| O|  |TAMS 0x000000040f800000, 0x000000040f000000| Untracked 
|   4|0x000000040f800000, 0x0000000410000000, 0x0000000410000000|100%| O|  |TAMS 0x0000000410000000, 0x000000040f800000| Untracked 
|   5|0x0000000410000000, 0x0000000410800000, 0x0000000410800000|100%| O|  |TAMS 0x0000000410800000, 0x0000000410000000| Untracked 
|   6|0x0000000410800000, 0x0000000411000000, 0x0000000411000000|100%| O|  |TAMS 0x0000000411000000, 0x0000000410800000| Untracked 
|   7|0x0000000411000000, 0x0000000411800000, 0x0000000411800000|100%| O|  |TAMS 0x0000000411800000, 0x0000000411000000| Untracked 
|   8|0x0000000411800000, 0x0000000412000000, 0x0000000412000000|100%| O|  |TAMS 0x0000000412000000, 0x0000000411800000| Untracked 
|   9|0x0000000412000000, 0x0000000412800000, 0x0000000412800000|100%| O|  |TAMS 0x0000000412800000, 0x0000000412000000| Untracked 
|  10|0x0000000412800000, 0x0000000413000000, 0x0000000413000000|100%| O|  |TAMS 0x0000000413000000, 0x0000000412800000| Untracked 
|  11|0x0000000413000000, 0x0000000413800000, 0x0000000413800000|100%| O|  |TAMS 0x0000000413800000, 0x0000000413000000| Untracked 
|  12|0x0000000413800000, 0x0000000414000000, 0x0000000414000000|100%|HS|  |TAMS 0x0000000414000000, 0x0000000413800000| Complete 
|  13|0x0000000414000000, 0x0000000414800000, 0x0000000414800000|100%|HC|  |TAMS 0x0000000414800000, 0x0000000414000000| Complete 
|  14|0x0000000414800000, 0x0000000415000000, 0x0000000415000000|100%| O|  |TAMS 0x0000000415000000, 0x0000000414800000| Untracked 
|  15|0x0000000415000000, 0x0000000415800000, 0x0000000415800000|100%| O|  |TAMS 0x0000000415800000, 0x0000000415000000| Untracked 
|  16|0x0000000415800000, 0x0000000416000000, 0x0000000416000000|100%| O|  |TAMS 0x0000000416000000, 0x0000000415800000| Untracked 
|  17|0x0000000416000000, 0x0000000416800000, 0x0000000416800000|100%| O|  |TAMS 0x0000000416800000, 0x0000000416000000| Untracked 
|  18|0x0000000416800000, 0x0000000417000000, 0x0000000417000000|100%| O|  |TAMS 0x0000000417000000, 0x0000000416800000| Untracked 
|  19|0x0000000417000000, 0x0000000417800000, 0x0000000417800000|100%| O|  |TAMS 0x0000000417800000, 0x0000000417000000| Untracked 
|  20|0x0000000417800000, 0x0000000418000000, 0x0000000418000000|100%| O|  |TAMS 0x0000000418000000, 0x0000000417800000| Untracked 
|  21|0x0000000418000000, 0x0000000418800000, 0x0000000418800000|100%| O|  |TAMS 0x00000004182acc00, 0x0000000418000000| Untracked 
|  22|0x0000000418800000, 0x0000000419000000, 0x0000000419000000|100%| O|  |TAMS 0x0000000419000000, 0x0000000418800000| Untracked 
|  23|0x0000000419000000, 0x0000000419800000, 0x0000000419800000|100%| O|  |TAMS 0x0000000419000000, 0x0000000419000000| Untracked 
|  24|0x0000000419800000, 0x000000041a000000, 0x000000041a000000|100%| O|  |TAMS 0x0000000419800000, 0x0000000419800000| Untracked 
|  25|0x000000041a000000, 0x000000041a800000, 0x000000041a800000|100%| O|  |TAMS 0x000000041a000000, 0x000000041a000000| Untracked 
|  26|0x000000041a800000, 0x000000041b000000, 0x000000041b000000|100%| O|  |TAMS 0x000000041a800000, 0x000000041a800000| Untracked 
|  27|0x000000041b000000, 0x000000041b800000, 0x000000041b800000|100%| O|  |TAMS 0x000000041b000000, 0x000000041b000000| Untracked 
|  28|0x000000041b800000, 0x000000041c000000, 0x000000041c000000|100%| O|  |TAMS 0x000000041b800000, 0x000000041b800000| Untracked 
|  29|0x000000041c000000, 0x000000041c800000, 0x000000041c800000|100%| O|  |TAMS 0x000000041c000000, 0x000000041c000000| Untracked 
|  30|0x000000041c800000, 0x000000041d000000, 0x000000041d000000|100%| O|  |TAMS 0x000000041c800000, 0x000000041c800000| Untracked 
|  31|0x000000041d000000, 0x000000041d800000, 0x000000041d800000|100%| O|  |TAMS 0x000000041d000000, 0x000000041d000000| Untracked 
|  32|0x000000041d800000, 0x000000041e000000, 0x000000041e000000|100%| O|  |TAMS 0x000000041d800000, 0x000000041d800000| Untracked 
|  33|0x000000041e000000, 0x000000041e800000, 0x000000041e800000|100%| O|  |TAMS 0x000000041e000000, 0x000000041e000000| Untracked 
|  34|0x000000041e800000, 0x000000041e82fc00, 0x000000041f000000|  2%| O|  |TAMS 0x000000041e800000, 0x000000041e800000| Untracked 
|  35|0x000000041f000000, 0x000000041f000000, 0x000000041f800000|  0%| F|  |TAMS 0x000000041f000000, 0x000000041f000000| Untracked 
|  36|0x000000041f800000, 0x000000041f800000, 0x0000000420000000|  0%| F|  |TAMS 0x000000041f800000, 0x000000041f800000| Untracked 
|  37|0x0000000420000000, 0x0000000420000000, 0x0000000420800000|  0%| F|  |TAMS 0x0000000420000000, 0x0000000420000000| Untracked 
|  38|0x0000000420800000, 0x0000000420800000, 0x0000000421000000|  0%| F|  |TAMS 0x0000000420800000, 0x0000000420800000| Untracked 
|  39|0x0000000421000000, 0x0000000421000000, 0x0000000421800000|  0%| F|  |TAMS 0x0000000421000000, 0x0000000421000000| Untracked 
|  40|0x0000000421800000, 0x0000000421800000, 0x0000000422000000|  0%| F|  |TAMS 0x0000000421800000, 0x0000000421800000| Untracked 
|  41|0x0000000422000000, 0x0000000422000000, 0x0000000422800000|  0%| F|  |TAMS 0x0000000422000000, 0x0000000422000000| Untracked 
|  42|0x0000000422800000, 0x0000000422800000, 0x0000000423000000|  0%| F|  |TAMS 0x0000000422800000, 0x0000000422800000| Untracked 
|  43|0x0000000423000000, 0x0000000423000000, 0x0000000423800000|  0%| F|  |TAMS 0x0000000423000000, 0x0000000423000000| Untracked 
|  44|0x0000000423800000, 0x0000000423800000, 0x0000000424000000|  0%| F|  |TAMS 0x0000000423800000, 0x0000000423800000| Untracked 
|  45|0x0000000424000000, 0x0000000424000000, 0x0000000424800000|  0%| F|  |TAMS 0x0000000424000000, 0x0000000424000000| Untracked 
|  46|0x0000000424800000, 0x0000000424800000, 0x0000000425000000|  0%| F|  |TAMS 0x0000000424800000, 0x0000000424800000| Untracked 
|  47|0x0000000425000000, 0x0000000425000000, 0x0000000425800000|  0%| F|  |TAMS 0x0000000425000000, 0x0000000425000000| Untracked 
|  48|0x0000000425800000, 0x0000000425d17c38, 0x0000000426000000| 63%| S|CS|TAMS 0x0000000425800000, 0x0000000425800000| Complete 
|  49|0x0000000426000000, 0x0000000426000000, 0x0000000426800000|  0%| F|  |TAMS 0x0000000426000000, 0x0000000426000000| Untracked 
|  50|0x0000000426800000, 0x0000000426800000, 0x0000000427000000|  0%| F|  |TAMS 0x0000000426800000, 0x0000000426800000| Untracked 
|  51|0x0000000427000000, 0x0000000427800000, 0x0000000427800000|100%| S|CS|TAMS 0x0000000427000000, 0x0000000427000000| Complete 
|  52|0x0000000427800000, 0x0000000428000000, 0x0000000428000000|100%| S|CS|TAMS 0x0000000427800000, 0x0000000427800000| Complete 
|  53|0x0000000428000000, 0x0000000428800000, 0x0000000428800000|100%| S|CS|TAMS 0x0000000428000000, 0x0000000428000000| Complete 
|  54|0x0000000428800000, 0x0000000428800000, 0x0000000429000000|  0%| F|  |TAMS 0x0000000428800000, 0x0000000428800000| Untracked 
|  55|0x0000000429000000, 0x0000000429000000, 0x0000000429800000|  0%| F|  |TAMS 0x0000000429000000, 0x0000000429000000| Untracked 
|  56|0x0000000429800000, 0x0000000429800000, 0x000000042a000000|  0%| F|  |TAMS 0x0000000429800000, 0x0000000429800000| Untracked 
|  57|0x000000042a000000, 0x000000042a000000, 0x000000042a800000|  0%| F|  |TAMS 0x000000042a000000, 0x000000042a000000| Untracked 
|  58|0x000000042a800000, 0x000000042a800000, 0x000000042b000000|  0%| F|  |TAMS 0x000000042a800000, 0x000000042a800000| Untracked 
|  59|0x000000042b000000, 0x000000042b000000, 0x000000042b800000|  0%| F|  |TAMS 0x000000042b000000, 0x000000042b000000| Untracked 
|  60|0x000000042b800000, 0x000000042b800000, 0x000000042c000000|  0%| F|  |TAMS 0x000000042b800000, 0x000000042b800000| Untracked 
|  61|0x000000042c000000, 0x000000042c000000, 0x000000042c800000|  0%| F|  |TAMS 0x000000042c000000, 0x000000042c000000| Untracked 
|  62|0x000000042c800000, 0x000000042c800000, 0x000000042d000000|  0%| F|  |TAMS 0x000000042c800000, 0x000000042c800000| Untracked 
|  63|0x000000042d000000, 0x000000042d000000, 0x000000042d800000|  0%| F|  |TAMS 0x000000042d000000, 0x000000042d000000| Untracked 
|  64|0x000000042d800000, 0x000000042d800000, 0x000000042e000000|  0%| F|  |TAMS 0x000000042d800000, 0x000000042d800000| Untracked 
|  65|0x000000042e000000, 0x000000042e000000, 0x000000042e800000|  0%| F|  |TAMS 0x000000042e000000, 0x000000042e000000| Untracked 
|  66|0x000000042e800000, 0x000000042e800000, 0x000000042f000000|  0%| F|  |TAMS 0x000000042e800000, 0x000000042e800000| Untracked 
|  67|0x000000042f000000, 0x000000042f000000, 0x000000042f800000|  0%| F|  |TAMS 0x000000042f000000, 0x000000042f000000| Untracked 
|  68|0x000000042f800000, 0x000000042fe99730, 0x0000000430000000| 82%| E|  |TAMS 0x000000042f800000, 0x000000042f800000| Complete 
|  69|0x0000000430000000, 0x0000000430800000, 0x0000000430800000|100%| E|CS|TAMS 0x0000000430000000, 0x0000000430000000| Complete 
|  70|0x0000000430800000, 0x0000000431000000, 0x0000000431000000|100%| E|CS|TAMS 0x0000000430800000, 0x0000000430800000| Complete 
|  71|0x0000000431000000, 0x0000000431800000, 0x0000000431800000|100%| E|CS|TAMS 0x0000000431000000, 0x0000000431000000| Complete 
|  72|0x0000000431800000, 0x0000000432000000, 0x0000000432000000|100%| E|CS|TAMS 0x0000000431800000, 0x0000000431800000| Complete 
|  73|0x0000000432000000, 0x0000000432800000, 0x0000000432800000|100%| E|CS|TAMS 0x0000000432000000, 0x0000000432000000| Complete 
|  74|0x0000000432800000, 0x0000000433000000, 0x0000000433000000|100%| E|CS|TAMS 0x0000000432800000, 0x0000000432800000| Complete 
|  75|0x0000000433000000, 0x0000000433800000, 0x0000000433800000|100%| E|CS|TAMS 0x0000000433000000, 0x0000000433000000| Complete 
|  76|0x0000000433800000, 0x0000000434000000, 0x0000000434000000|100%| E|CS|TAMS 0x0000000433800000, 0x0000000433800000| Complete 
|  77|0x0000000434000000, 0x0000000434800000, 0x0000000434800000|100%| E|CS|TAMS 0x0000000434000000, 0x0000000434000000| Complete 
|  78|0x0000000434800000, 0x0000000435000000, 0x0000000435000000|100%| E|CS|TAMS 0x0000000434800000, 0x0000000434800000| Complete 
|  79|0x0000000435000000, 0x0000000435800000, 0x0000000435800000|100%| E|CS|TAMS 0x0000000435000000, 0x0000000435000000| Complete 
|  80|0x0000000435800000, 0x0000000436000000, 0x0000000436000000|100%| E|CS|TAMS 0x0000000435800000, 0x0000000435800000| Complete 
|  81|0x0000000436000000, 0x0000000436800000, 0x0000000436800000|100%| E|CS|TAMS 0x0000000436000000, 0x0000000436000000| Complete 
|  82|0x0000000436800000, 0x0000000437000000, 0x0000000437000000|100%| E|CS|TAMS 0x0000000436800000, 0x0000000436800000| Complete 
|  83|0x0000000437000000, 0x0000000437800000, 0x0000000437800000|100%| E|CS|TAMS 0x0000000437000000, 0x0000000437000000| Complete 
|  84|0x0000000437800000, 0x0000000438000000, 0x0000000438000000|100%| E|CS|TAMS 0x0000000437800000, 0x0000000437800000| Complete 
|  85|0x0000000438000000, 0x0000000438800000, 0x0000000438800000|100%| E|CS|TAMS 0x0000000438000000, 0x0000000438000000| Complete 
|  86|0x0000000438800000, 0x0000000439000000, 0x0000000439000000|100%| E|CS|TAMS 0x0000000438800000, 0x0000000438800000| Complete 
|  87|0x0000000439000000, 0x0000000439800000, 0x0000000439800000|100%| E|CS|TAMS 0x0000000439000000, 0x0000000439000000| Complete 
|  88|0x0000000439800000, 0x000000043a000000, 0x000000043a000000|100%| E|CS|TAMS 0x0000000439800000, 0x0000000439800000| Complete 
|  89|0x000000043a000000, 0x000000043a800000, 0x000000043a800000|100%| E|CS|TAMS 0x000000043a000000, 0x000000043a000000| Complete 
|  90|0x000000043a800000, 0x000000043b000000, 0x000000043b000000|100%| E|CS|TAMS 0x000000043a800000, 0x000000043a800000| Complete 
|  91|0x000000043b000000, 0x000000043b800000, 0x000000043b800000|100%| E|CS|TAMS 0x000000043b000000, 0x000000043b000000| Complete 
|  92|0x000000043b800000, 0x000000043c000000, 0x000000043c000000|100%| E|CS|TAMS 0x000000043b800000, 0x000000043b800000| Complete 
|  93|0x000000043c000000, 0x000000043c800000, 0x000000043c800000|100%| E|CS|TAMS 0x000000043c000000, 0x000000043c000000| Complete 
|  94|0x000000043c800000, 0x000000043d000000, 0x000000043d000000|100%| E|CS|TAMS 0x000000043c800000, 0x000000043c800000| Complete 
|  95|0x000000043d000000, 0x000000043d800000, 0x000000043d800000|100%| E|CS|TAMS 0x000000043d000000, 0x000000043d000000| Complete 
|  96|0x000000043d800000, 0x000000043e000000, 0x000000043e000000|100%| E|CS|TAMS 0x000000043d800000, 0x000000043d800000| Complete 
|  97|0x000000043e000000, 0x000000043e800000, 0x000000043e800000|100%| E|CS|TAMS 0x000000043e000000, 0x000000043e000000| Complete 
|  98|0x000000043e800000, 0x000000043f000000, 0x000000043f000000|100%| E|CS|TAMS 0x000000043e800000, 0x000000043e800000| Complete 
|  99|0x000000043f000000, 0x000000043f800000, 0x000000043f800000|100%| E|CS|TAMS 0x000000043f000000, 0x000000043f000000| Complete 
| 100|0x000000043f800000, 0x0000000440000000, 0x0000000440000000|100%| E|CS|TAMS 0x000000043f800000, 0x000000043f800000| Complete 
| 101|0x0000000440000000, 0x0000000440800000, 0x0000000440800000|100%| E|CS|TAMS 0x0000000440000000, 0x0000000440000000| Complete 
| 102|0x0000000440800000, 0x0000000441000000, 0x0000000441000000|100%| E|CS|TAMS 0x0000000440800000, 0x0000000440800000| Complete 
| 103|0x0000000441000000, 0x0000000441800000, 0x0000000441800000|100%| E|CS|TAMS 0x0000000441000000, 0x0000000441000000| Complete 
| 104|0x0000000441800000, 0x0000000442000000, 0x0000000442000000|100%| E|CS|TAMS 0x0000000441800000, 0x0000000441800000| Complete 
| 105|0x0000000442000000, 0x0000000442800000, 0x0000000442800000|100%| E|CS|TAMS 0x0000000442000000, 0x0000000442000000| Complete 
| 126|0x000000044c800000, 0x000000044d000000, 0x000000044d000000|100%| E|CS|TAMS 0x000000044c800000, 0x000000044c800000| Complete 

Card table byte_map: [0x000002bb3cd70000,0x000002bb3ed10000] _byte_map_base: 0x000002bb3ad04000

Marking Bits (Prev, Next): (CMBitMap*) 0x000002bb22df1ed0, (CMBitMap*) 0x000002bb22df1f10
 Prev Bits: [0x000002bb40cb0000, 0x000002bb50950000)
 Next Bits: [0x000002bb50950000, 0x000002bb605f0000)

Polling page: 0x000002bb20cf0000

Metaspace:

Usage:
  Non-class:     92.14 MB used.
      Class:     16.98 MB used.
       Both:    109.12 MB used.

Virtual space:
  Non-class space:      128.00 MB reserved,      93.00 MB ( 73%) committed,  2 nodes.
      Class space:        1.00 GB reserved,      17.69 MB (  2%) committed,  1 nodes.
             Both:        1.12 GB reserved,     110.69 MB ( 10%) committed. 

Chunk freelists:
   Non-Class:  2.92 MB
       Class:  14.33 MB
        Both:  17.25 MB

MaxMetaspaceSize: unlimited
CompressedClassSpaceSize: 1.00 GB
Initial GC threshold: 21.00 MB
Current GC threshold: 140.62 MB
CDS: on
MetaspaceReclaimPolicy: balanced
 - commit_granule_bytes: 65536.
 - commit_granule_words: 8192.
 - virtual_space_node_default_size: 8388608.
 - enlarge_chunks_in_place: 1.
 - new_chunks_are_fully_committed: 0.
 - uncommit_free_chunks: 1.
 - use_allocation_guard: 0.
 - handle_deallocations: 1.


Internal statistics:

num_allocs_failed_limit: 12.
num_arena_births: 2478.
num_arena_deaths: 0.
num_vsnodes_births: 3.
num_vsnodes_deaths: 0.
num_space_committed: 1766.
num_space_uncommitted: 0.
num_chunks_returned_to_freelist: 12.
num_chunks_taken_from_freelist: 7168.
num_chunk_merges: 12.
num_chunk_splits: 4631.
num_chunks_enlarged: 2988.
num_inconsistent_stats: 0.

CodeHeap 'non-profiled nmethods': size=118848Kb used=11570Kb max_used=11685Kb free=107277Kb
 bounds [0x000002bb32480000, 0x000002bb32ff0000, 0x000002bb39890000]
CodeHeap 'profiled nmethods': size=118848Kb used=20706Kb max_used=20706Kb free=98141Kb
 bounds [0x000002bb2a890000, 0x000002bb2bcd0000, 0x000002bb31ca0000]
CodeHeap 'non-nmethods': size=8064Kb used=3988Kb max_used=4632Kb free=4075Kb
 bounds [0x000002bb31ca0000, 0x000002bb32140000, 0x000002bb32480000]
 total_blobs=14148 nmethods=12247 adapters=1810
 compilation: enabled
              stopped_count=0, restarted_count=0
 full_count=0

Compilation events (20 events):
Event: 22.643 Thread 0x000002bbb0d39c00 15751       4       net.minecraft.client.renderer.block.model.multipart.KeyValueCondition$$Lambda$8363/0x000002bb67171438::test (16 bytes)
Event: 22.644 Thread 0x000002bb64179440 16134       2       com.google.common.reflect.TypeCapture::<init> (5 bytes)
Event: 22.644 Thread 0x000002bbb0d3d120 16135       2       com.google.common.reflect.TypeToken$SimpleTypeToken::<init> (7 bytes)
Event: 22.644 Thread 0x000002bbb0d3c130 16136       2       com.google.common.reflect.TypeToken::<init> (6 bytes)
Event: 22.644 Thread 0x000002bbb0d39160 16137       2       com.google.common.reflect.TypeToken::<init> (16 bytes)
Event: 22.644 Thread 0x000002bbb0d3d670 16138       1       com.google.common.reflect.Types$ParameterizedTypeImpl::getRawType (5 bytes)
Event: 22.644 Thread 0x000002bbae1d9960 nmethod 14932 0x000002bb32c9d790 code [0x000002bb32c9d920, 0x000002bb32c9dc58]
Event: 22.644 Thread 0x000002bb64179440 nmethod 16134 0x000002bb2bcbe710 code [0x000002bb2bcbe8a0, 0x000002bb2bcbe998]
Event: 22.645 Thread 0x000002bbb0d3d670 nmethod 16138 0x000002bb32c9d490 code [0x000002bb32c9d620, 0x000002bb32c9d6f8]
Event: 22.645 Thread 0x000002bbb0d3d120 nmethod 16135 0x000002bb2bcbea10 code [0x000002bb2bcbebc0, 0x000002bb2bcbee48]
Event: 22.645 Thread 0x000002bbb0d3c130 nmethod 16136 0x000002bb2bcbef90 code [0x000002bb2bcbf140, 0x000002bb2bcbf3c8]
Event: 22.645 Thread 0x000002bbb0d39160 nmethod 16137 0x000002bb2bcbf510 code [0x000002bb2bcbf6c0, 0x000002bb2bcbf948]
Event: 22.645 Thread 0x000002bbae1d9960 15459       4       net.minecraft.client.gui.font.FontManager$$Lambda$8249/0x000002bb6714f228::accept (9 bytes)
Event: 22.646 Thread 0x000002bbb0d3a150 nmethod 14938 0x000002bb32c9cd10 code [0x000002bb32c9cea0, 0x000002bb32c9d1b8]
Event: 22.646 Thread 0x000002bbb0d3a150 15756       4       net.minecraft.client.renderer.block.model.multipart.MultiPart$$Lambda$8358/0x000002bb67170908::apply (8 bytes)
Event: 22.658 Thread 0x000002bbae1d9960 nmethod 15459 0x000002bb32c9c210 code [0x000002bb32c9c3c0, 0x000002bb32c9c778]
Event: 22.659 Thread 0x000002bbae1d9960 16139       4       com.google.common.collect.Lists::equalsImpl (114 bytes)
Event: 22.660 Thread 0x000002bbb0d39c00 nmethod 15751 0x000002bb32c9b410 code [0x000002bb32c9b5e0, 0x000002bb32c9bcd8]
Event: 22.661 Thread 0x000002bbb0d39160 16141       2       net.minecraft.client.renderer.block.model.multipart.KeyValueCondition$$Lambda$8363/0x000002bb67171438::test (16 bytes)
Event: 22.665 Thread 0x000002bbaaacf5f0 nmethod 15823 0x000002bb32e3be10 code [0x000002bb32e3c160, 0x000002bb32e3f928]

GC Heap History (20 events):
Event: 14.473 GC heap before
{Heap before GC invocations=18 (full 0):
 garbage-first heap   total 442368K, used 350175K [0x000000040d800000, 0x0000000800000000)
  region size 8192K, 26 young (212992K), 1 survivors (8192K)
 Metaspace       used 50278K, committed 51584K, reserved 1114112K
  class space    used 6326K, committed 6912K, reserved 1048576K
}
Event: 14.481 GC heap after
{Heap after GC invocations=19 (full 0):
 garbage-first heap   total 442368K, used 166248K [0x000000040d800000, 0x0000000800000000)
  region size 8192K, 4 young (32768K), 4 survivors (32768K)
 Metaspace       used 50278K, committed 51584K, reserved 1114112K
  class space    used 6326K, committed 6912K, reserved 1048576K
}
Event: 15.296 GC heap before
{Heap before GC invocations=19 (full 0):
 garbage-first heap   total 442368K, used 338280K [0x000000040d800000, 0x0000000800000000)
  region size 8192K, 25 young (204800K), 4 survivors (32768K)
 Metaspace       used 54393K, committed 55680K, reserved 1114112K
  class space    used 6970K, committed 7552K, reserved 1048576K
}
Event: 15.308 GC heap after
{Heap after GC invocations=20 (full 0):
 garbage-first heap   total 442368K, used 182287K [0x000000040d800000, 0x0000000800000000)
  region size 8192K, 2 young (16384K), 2 survivors (16384K)
 Metaspace       used 54393K, committed 55680K, reserved 1114112K
  class space    used 6970K, committed 7552K, reserved 1048576K
}
Event: 16.369 GC heap before
{Heap before GC invocations=20 (full 0):
 garbage-first heap   total 442368K, used 296975K [0x000000040d800000, 0x0000000800000000)
  region size 8192K, 17 young (139264K), 2 survivors (16384K)
 Metaspace       used 59223K, committed 60480K, reserved 1114112K
  class space    used 8057K, committed 8640K, reserved 1048576K
}
Event: 16.454 GC heap after
{Heap after GC invocations=21 (full 0):
 garbage-first heap   total 729088K, used 202761K [0x000000040d800000, 0x0000000800000000)
  region size 8192K, 3 young (24576K), 3 survivors (24576K)
 Metaspace       used 59223K, committed 60480K, reserved 1114112K
  class space    used 8057K, committed 8640K, reserved 1048576K
}
Event: 18.804 GC heap before
{Heap before GC invocations=22 (full 0):
 garbage-first heap   total 729088K, used 563209K [0x000000040d800000, 0x0000000800000000)
  region size 8192K, 47 young (385024K), 3 survivors (24576K)
 Metaspace       used 84301K, committed 85824K, reserved 1179648K
  class space    used 12180K, committed 12864K, reserved 1048576K
}
Event: 18.814 GC heap after
{Heap after GC invocations=23 (full 0):
 garbage-first heap   total 729088K, used 218568K [0x000000040d800000, 0x0000000800000000)
  region size 8192K, 5 young (40960K), 5 survivors (40960K)
 Metaspace       used 84301K, committed 85824K, reserved 1179648K
  class space    used 12180K, committed 12864K, reserved 1048576K
}
Event: 20.347 GC heap before
{Heap before GC invocations=24 (full 0):
 garbage-first heap   total 729088K, used 570824K [0x000000040d800000, 0x0000000800000000)
  region size 8192K, 48 young (393216K), 5 survivors (40960K)
 Metaspace       used 94126K, committed 95552K, reserved 1179648K
  class space    used 14260K, committed 14912K, reserved 1048576K
}
Event: 20.361 GC heap after
{Heap after GC invocations=25 (full 0):
 garbage-first heap   total 729088K, used 245442K [0x000000040d800000, 0x0000000800000000)
  region size 8192K, 6 young (49152K), 6 survivors (49152K)
 Metaspace       used 94126K, committed 95552K, reserved 1179648K
  class space    used 14260K, committed 14912K, reserved 1048576K
}
Event: 21.650 GC heap before
{Heap before GC invocations=25 (full 0):
 garbage-first heap   total 729088K, used 573122K [0x000000040d800000, 0x0000000800000000)
  region size 8192K, 46 young (376832K), 6 survivors (49152K)
 Metaspace       used 106032K, committed 107648K, reserved 1179648K
  class space    used 16477K, committed 17216K, reserved 1048576K
}
Event: 21.664 GC heap after
{Heap after GC invocations=26 (full 0):
 garbage-first heap   total 729088K, used 269582K [0x000000040d800000, 0x0000000800000000)
  region size 8192K, 4 young (32768K), 4 survivors (32768K)
 Metaspace       used 106032K, committed 107648K, reserved 1179648K
  class space    used 16477K, committed 17216K, reserved 1048576K
}
Event: 21.879 GC heap before
{Heap before GC invocations=26 (full 0):
 garbage-first heap   total 729088K, used 572686K [0x000000040d800000, 0x0000000800000000)
  region size 8192K, 41 young (335872K), 4 survivors (32768K)
 Metaspace       used 108012K, committed 109632K, reserved 1179648K
  class space    used 16831K, committed 17536K, reserved 1048576K
}
Event: 21.887 GC heap after
{Heap after GC invocations=27 (full 0):
 garbage-first heap   total 729088K, used 289082K [0x000000040d800000, 0x0000000800000000)
  region size 8192K, 6 young (49152K), 6 survivors (49152K)
 Metaspace       used 108012K, committed 109632K, reserved 1179648K
  class space    used 16831K, committed 17536K, reserved 1048576K
}
Event: 22.033 GC heap before
{Heap before GC invocations=27 (full 0):
 garbage-first heap   total 729088K, used 567610K [0x000000040d800000, 0x0000000800000000)
  region size 8192K, 41 young (335872K), 6 survivors (49152K)
 Metaspace       used 108629K, committed 110208K, reserved 1179648K
  class space    used 16910K, committed 17600K, reserved 1048576K
}
Event: 22.039 GC heap after
{Heap after GC invocations=28 (full 0):
 garbage-first heap   total 729088K, used 292697K [0x000000040d800000, 0x0000000800000000)
  region size 8192K, 4 young (32768K), 4 survivors (32768K)
 Metaspace       used 108629K, committed 110208K, reserved 1179648K
  class space    used 16910K, committed 17600K, reserved 1048576K
}
Event: 22.355 GC heap before
{Heap before GC invocations=28 (full 0):
 garbage-first heap   total 729088K, used 579417K [0x000000040d800000, 0x0000000800000000)
  region size 8192K, 40 young (327680K), 4 survivors (32768K)
 Metaspace       used 110530K, committed 112128K, reserved 1179648K
  class space    used 17220K, committed 17984K, reserved 1048576K
}
Event: 22.360 GC heap after
{Heap after GC invocations=29 (full 0):
 garbage-first heap   total 729088K, used 300546K [0x000000040d800000, 0x0000000800000000)
  region size 8192K, 3 young (24576K), 3 survivors (24576K)
 Metaspace       used 110530K, committed 112128K, reserved 1179648K
  class space    used 17220K, committed 17984K, reserved 1048576K
}
Event: 22.554 GC heap before
{Heap before GC invocations=29 (full 0):
 garbage-first heap   total 729088K, used 587266K [0x000000040d800000, 0x0000000800000000)
  region size 8192K, 38 young (311296K), 3 survivors (24576K)
 Metaspace       used 111258K, committed 112832K, reserved 1179648K
  class space    used 17327K, committed 18048K, reserved 1048576K
}
Event: 22.560 GC heap after
{Heap after GC invocations=30 (full 0):
 garbage-first heap   total 876544K, used 308510K [0x000000040d800000, 0x0000000800000000)
  region size 8192K, 4 young (32768K), 4 survivors (32768K)
 Metaspace       used 111258K, committed 112832K, reserved 1179648K
  class space    used 17327K, committed 18048K, reserved 1048576K
}

Dll operation events (15 events):
Event: 0.007 Loaded shared library C:\Users\paulm\.jdks\temurin-17.0.14\bin\java.dll
Event: 0.019 Loaded shared library C:\Users\paulm\.jdks\temurin-17.0.14\bin\jsvml.dll
Event: 0.135 Loaded shared library C:\Users\paulm\.jdks\temurin-17.0.14\bin\net.dll
Event: 0.138 Loaded shared library C:\Users\paulm\.jdks\temurin-17.0.14\bin\nio.dll
Event: 0.141 Loaded shared library C:\Users\paulm\.jdks\temurin-17.0.14\bin\zip.dll
Event: 0.198 Loaded shared library C:\Users\paulm\.jdks\temurin-17.0.14\bin\jimage.dll
Event: 0.492 Loaded shared library C:\Users\paulm\.jdks\temurin-17.0.14\bin\verify.dll
Event: 2.139 Loaded shared library C:\Users\paulm\.jdks\temurin-17.0.14\bin\management.dll
Event: 2.141 Loaded shared library C:\Users\paulm\.jdks\temurin-17.0.14\bin\management_ext.dll
Event: 3.139 Loaded shared library C:\Users\paulm\AppData\Local\Temp\lwjglpaulm\3.3.1-build-7\lwjgl.dll
Event: 3.800 Loaded shared library C:\Users\paulm\AppData\Local\Temp\lwjglpaulm\3.3.1-build-7\lwjgl_opengl.dll
Event: 3.876 Loaded shared library C:\Users\paulm\AppData\Local\Temp\lwjglpaulm\3.3.1-build-7\lwjgl_stb.dll
Event: 11.841 Loaded shared library C:\Users\paulm\AppData\Local\Temp\jna-106439973\jna18372598768180718763.dll
Event: 18.012 Loaded shared library C:\Users\paulm\.jdks\temurin-17.0.14\bin\sunmscapi.dll
Event: 18.191 Loaded shared library C:\Users\paulm\.jdks\temurin-17.0.14\bin\extnet.dll

Deoptimization events (20 events):
Event: 22.634 Thread 0x000002bbb0f28810 DEOPT PACKING pc=0x000002bb32ca0504 sp=0x000000bcddcfde30
Event: 22.634 Thread 0x000002bbb0f28810 DEOPT UNPACKING pc=0x000002bb31cfa1a3 sp=0x000000bcddcfddc0 mode 2
Event: 22.659 Thread 0x000002bbb0f28810 Uncommon trap: trap_request=0xffffffc6 fr.pc=0x000002bb32c9bb5c relative=0x000000000000057c
Event: 22.659 Thread 0x000002bbb0f28810 Uncommon trap: reason=bimorphic_or_optimized_type_check action=maybe_recompile pc=0x000002bb32c9bb5c method=net.minecraft.client.renderer.block.model.multipart.KeyValueCondition.lambda$getBlockStatePredicate$3(Lnet/minecraft/world/level/block/state/proper
Event: 22.660 Thread 0x000002bbb0f28810 DEOPT PACKING pc=0x000002bb32c9bb5c sp=0x000000bcddcfdd60
Event: 22.660 Thread 0x000002bbb0f28810 DEOPT UNPACKING pc=0x000002bb31cfa1a3 sp=0x000000bcddcfdcc8 mode 2
Event: 22.660 Thread 0x000002bbb0f28810 Uncommon trap: trap_request=0xffffffc6 fr.pc=0x000002bb32c9bb5c relative=0x000000000000057c
Event: 22.660 Thread 0x000002bbb0f28810 Uncommon trap: reason=bimorphic_or_optimized_type_check action=maybe_recompile pc=0x000002bb32c9bb5c method=net.minecraft.client.renderer.block.model.multipart.KeyValueCondition.lambda$getBlockStatePredicate$3(Lnet/minecraft/world/level/block/state/proper
Event: 22.660 Thread 0x000002bbb0f28810 DEOPT PACKING pc=0x000002bb32c9bb5c sp=0x000000bcddcfdd60
Event: 22.660 Thread 0x000002bbb0f28810 DEOPT UNPACKING pc=0x000002bb31cfa1a3 sp=0x000000bcddcfdcc8 mode 2
Event: 22.660 Thread 0x000002bbb0f28810 Uncommon trap: trap_request=0xffffffc6 fr.pc=0x000002bb32c9bb5c relative=0x000000000000057c
Event: 22.660 Thread 0x000002bbb0f28810 Uncommon trap: reason=bimorphic_or_optimized_type_check action=maybe_recompile pc=0x000002bb32c9bb5c method=net.minecraft.client.renderer.block.model.multipart.KeyValueCondition.lambda$getBlockStatePredicate$3(Lnet/minecraft/world/level/block/state/proper
Event: 22.660 Thread 0x000002bbb0f28810 DEOPT PACKING pc=0x000002bb32c9bb5c sp=0x000000bcddcfdd60
Event: 22.660 Thread 0x000002bbb0f28810 DEOPT UNPACKING pc=0x000002bb31cfa1a3 sp=0x000000bcddcfdcc8 mode 2
Event: 22.660 Thread 0x000002bbb0f28810 Uncommon trap: trap_request=0xffffffc6 fr.pc=0x000002bb32c9bb5c relative=0x000000000000057c
Event: 22.660 Thread 0x000002bbb0f28810 Uncommon trap: reason=bimorphic_or_optimized_type_check action=maybe_recompile pc=0x000002bb32c9bb5c method=net.minecraft.client.renderer.block.model.multipart.KeyValueCondition.lambda$getBlockStatePredicate$3(Lnet/minecraft/world/level/block/state/proper
Event: 22.660 Thread 0x000002bbb0f28810 DEOPT PACKING pc=0x000002bb32c9bb5c sp=0x000000bcddcfdd60
Event: 22.660 Thread 0x000002bbb0f28810 DEOPT UNPACKING pc=0x000002bb31cfa1a3 sp=0x000000bcddcfdcc8 mode 2
Event: 22.838 Thread 0x000002bbb1817f40 Uncommon trap: trap_request=0xffffff45 fr.pc=0x000002bb32675d94 relative=0x0000000000000274
Event: 23.689 Thread 0x000002bbb1817f40 Uncommon trap: reason=unstable_if action=reinterpret pc=0x000002bb32675d94 method=jdk.internal.misc.Unsafe.copyMemory(Ljava/lang/Object;JLjava/lang/Object;JJ)V @ 16 c2

Classes loaded (20 events):
Event: 22.284 Loading class sun/security/util/DomainName$Rule
Event: 22.285 Loading class sun/security/util/DomainName$Rule done
Event: 22.285 Loading class sun/security/util/DomainName$Rule$Type
Event: 22.285 Loading class sun/security/util/DomainName$Rule$Type done
Event: 22.286 Loading class java/util/LinkedList$DescendingIterator
Event: 22.286 Loading class java/util/LinkedList$DescendingIterator done
Event: 22.287 Loading class sun/security/util/DomainName$1
Event: 22.287 Loading class sun/security/util/DomainName$1 done
Event: 22.287 Loading class sun/security/util/DomainName$CommonMatch
Event: 22.287 Loading class sun/security/util/DomainName$Match
Event: 22.287 Loading class sun/security/util/DomainName$Match done
Event: 22.287 Loading class sun/security/util/DomainName$CommonMatch done
Event: 22.288 Loading class sun/security/util/DomainName$RegisteredDomainImpl
Event: 22.288 Loading class sun/security/util/DomainName$RegisteredDomainImpl done
Event: 22.299 Loading class sun/security/ssl/CipherSuite$1
Event: 22.300 Loading class sun/security/ssl/CipherSuite$1 done
Event: 22.427 Loading class java/lang/ExceptionInInitializerError
Event: 22.427 Loading class java/lang/ExceptionInInitializerError done
Event: 22.506 Loading class sun/reflect/generics/tree/IntSignature
Event: 22.506 Loading class sun/reflect/generics/tree/IntSignature done

Classes unloaded (0 events):
No events

Classes redefined (0 events):
No events

Internal exceptions (20 events):
Event: 21.640 Thread 0x000002bb644e9500 Exception <a 'sun/nio/fs/WindowsException'{0x0000000426d22168}> (0x0000000426d22168) 
thrown [s\src\hotspot\share\prims\jni.cpp, line 516]
Event: 21.643 Thread 0x000002bbaf2de230 Exception <a 'sun/nio/fs/WindowsException'{0x0000000426df08e8}> (0x0000000426df08e8) 
thrown [s\src\hotspot\share\prims\jni.cpp, line 516]
Event: 21.643 Thread 0x000002bbaf2de230 Exception <a 'sun/nio/fs/WindowsException'{0x0000000426df1c78}> (0x0000000426df1c78) 
thrown [s\src\hotspot\share\prims\jni.cpp, line 516]
Event: 21.644 Thread 0x000002bbaf2dcdf0 Exception <a 'sun/nio/fs/WindowsException'{0x0000000426edd250}> (0x0000000426edd250) 
thrown [s\src\hotspot\share\prims\jni.cpp, line 516]
Event: 21.644 Thread 0x000002bbaf2dcdf0 Exception <a 'sun/nio/fs/WindowsException'{0x0000000426edea50}> (0x0000000426edea50) 
thrown [s\src\hotspot\share\prims\jni.cpp, line 516]
Event: 21.665 Thread 0x000002bbaf2df160 Exception <a 'java/lang/NoSuchMethodError'{0x000000044c9a9600}: 'java.lang.Object java.lang.invoke.DirectMethodHandle$Holder.invokeSpecialIFC(java.lang.Object, java.lang.Object, java.lang.Object, java.lang.Object, java.lang.Object, java.lang.Object, java.lang.Object)'> (0x000000044c9a9600) 
thrown [s\src\hotspot\share\interpreter\linkResolver.cpp, line 759]
Event: 21.681 Thread 0x000002bbaf2df160 Exception <a 'java/lang/IncompatibleClassChangeError'{0x000000044c9bb448}: Found class java.lang.Object, but interface was expected> (0x000000044c9bb448) 
thrown [s\src\hotspot\share\interpreter\linkResolver.cpp, line 826]
Event: 21.685 Thread 0x000002bbaf2df160 Exception <a 'java/lang/NoSuchMethodError'{0x000000044c9c1460}: 'java.lang.Object java.lang.invoke.DirectMethodHandle$Holder.invokeSpecialIFC(java.lang.Object, java.lang.Object, java.lang.Object, java.lang.Object, java.lang.Object, java.lang.Object)'> (0x000000044c9c1460) 
thrown [s\src\hotspot\share\interpreter\linkResolver.cpp, line 759]
Event: 21.712 Thread 0x000002bb22d7f700 Exception <a 'java/lang/IncompatibleClassChangeError'{0x000000044cd01c90}: Found class java.lang.Object, but interface was expected> (0x000000044cd01c90) 
thrown [s\src\hotspot\share\interpreter\linkResolver.cpp, line 826]
Event: 21.787 Thread 0x000002bbaf2daf90 Exception <a 'java/lang/NoSuchMethodError'{0x00000004324394a0}: 'void java.lang.invoke.DirectMethodHandle$Holder.invokeSpecial(java.lang.Object, java.lang.Object, int, int, java.lang.Object, java.lang.Object, int, int)'> (0x00000004324394a0) 
thrown [s\src\hotspot\share\interpreter\linkResolver.cpp, line 759]
Event: 21.787 Thread 0x000002bbaf2dc3d0 Exception <a 'java/lang/NoSuchMethodError'{0x000000043066b6b8}: 'void java.lang.invoke.DirectMethodHandle$Holder.invokeSpecial(java.lang.Object, java.lang.Object, int, int, java.lang.Object, java.lang.Object, int, int)'> (0x000000043066b6b8) 
thrown [s\src\hotspot\share\interpreter\linkResolver.cpp, line 759]
Event: 21.787 Thread 0x000002bb644e9500 Exception <a 'java/lang/NoSuchMethodError'{0x000000043191dd48}: 'void java.lang.invoke.DirectMethodHandle$Holder.invokeSpecial(java.lang.Object, java.lang.Object, int, int, java.lang.Object, java.lang.Object, int, int)'> (0x000000043191dd48) 
thrown [s\src\hotspot\share\interpreter\linkResolver.cpp, line 759]
Event: 21.787 Thread 0x000002bbaf2dbec0 Exception <a 'java/lang/NoSuchMethodError'{0x00000004322ced18}: 'void java.lang.invoke.DirectMethodHandle$Holder.invokeSpecial(java.lang.Object, java.lang.Object, int, int, java.lang.Object, java.lang.Object, int, int)'> (0x00000004322ced18) 
thrown [s\src\hotspot\share\interpreter\linkResolver.cpp, line 759]
Event: 21.787 Thread 0x000002bbaf2de230 Exception <a 'java/lang/NoSuchMethodError'{0x00000004318880f0}: 'void java.lang.invoke.DirectMethodHandle$Holder.invokeSpecial(java.lang.Object, java.lang.Object, int, int, java.lang.Object, java.lang.Object, int, int)'> (0x00000004318880f0) 
thrown [s\src\hotspot\share\interpreter\linkResolver.cpp, line 759]
Event: 21.787 Thread 0x000002bbace162f0 Exception <a 'java/lang/NoSuchMethodError'{0x00000004300b4f98}: 'void java.lang.invoke.DirectMethodHandle$Holder.invokeSpecial(java.lang.Object, java.lang.Object, int, int, java.lang.Object, java.lang.Object, int, int)'> (0x00000004300b4f98) 
thrown [s\src\hotspot\share\interpreter\linkResolver.cpp, line 759]
Event: 21.787 Thread 0x000002bbaf2db4a0 Exception <a 'java/lang/NoSuchMethodError'{0x0000000432137d78}: 'void java.lang.invoke.DirectMethodHandle$Holder.invokeSpecial(java.lang.Object, java.lang.Object, int, int, java.lang.Object, java.lang.Object, int, int)'> (0x0000000432137d78) 
thrown [s\src\hotspot\share\interpreter\linkResolver.cpp, line 759]
Event: 21.825 Thread 0x000002bb22d7f700 Exception <a 'java/lang/NoSuchMethodError'{0x000000044ce5bc50}: 'int java.lang.invoke.DirectMethodHandle$Holder.invokeSpecial(java.lang.Object, java.lang.Object, int, java.lang.Object, java.lang.Object)'> (0x000000044ce5bc50) 
thrown [s\src\hotspot\share\interpreter\linkResolver.cpp, line 759]
Event: 22.096 Thread 0x000002bb644e8ae0 Implicit null exception at 0x000002bb32b04948 to 0x000002bb32b05644
Event: 22.209 Thread 0x000002bbb0f28810 Exception <a 'java/lang/NoSuchMethodError'{0x000000042ded6968}: 'void java.lang.invoke.DirectMethodHandle$Holder.invokeSpecial(java.lang.Object, java.lang.Object, java.lang.Object, java.lang.Object, java.lang.Object, java.lang.Object, java.lang.Object, java.lang.Object)'> (0x000000042ded6968) 
thrown [s\src\hotspot\share\interpreter\linkResolver.cpp, line 759]
Event: 22.560 Thread 0x000002bbaf2dd300 Implicit null exception at 0x000002bb324de774 to 0x000002bb324de96c

VM Operations (20 events):
Event: 21.820 Executing VM operation: HandshakeAllThreads done
Event: 21.878 Executing VM operation: G1CollectForAllocation
Event: 21.887 Executing VM operation: G1CollectForAllocation done
Event: 22.032 Executing VM operation: G1CollectForAllocation
Event: 22.039 Executing VM operation: G1CollectForAllocation done
Event: 22.111 Executing VM operation: HandshakeAllThreads
Event: 22.111 Executing VM operation: HandshakeAllThreads done
Event: 22.253 Executing VM operation: ICBufferFull
Event: 22.253 Executing VM operation: ICBufferFull done
Event: 22.256 Executing VM operation: HandshakeAllThreads
Event: 22.256 Executing VM operation: HandshakeAllThreads done
Event: 22.355 Executing VM operation: G1CollectForAllocation
Event: 22.360 Executing VM operation: G1CollectForAllocation done
Event: 22.413 Executing VM operation: HandshakeAllThreads
Event: 22.413 Executing VM operation: HandshakeAllThreads done
Event: 22.493 Executing VM operation: HandshakeAllThreads
Event: 22.493 Executing VM operation: HandshakeAllThreads done
Event: 22.553 Executing VM operation: G1CollectForAllocation
Event: 22.560 Executing VM operation: G1CollectForAllocation done
Event: 23.560 Executing VM operation: Cleanup

Memory protections (0 events):
No events

Nmethod flushes (20 events):
Event: 21.150 Thread 0x000002bb64185260 flushing  nmethod 0x000002bb2b9ea810
Event: 22.272 Thread 0x000002bb64185260 flushing  nmethod 0x000002bb32fbae90
Event: 22.274 Thread 0x000002bb64185260 flushing  nmethod 0x000002bb2a95e410
Event: 22.276 Thread 0x000002bb64185260 flushing  nmethod 0x000002bb2aa64d90
Event: 22.276 Thread 0x000002bb64185260 flushing  nmethod 0x000002bb2aac6a90
Event: 22.278 Thread 0x000002bb64185260 flushing  nmethod 0x000002bb2abf7790
Event: 22.281 Thread 0x000002bb64185260 flushing  nmethod 0x000002bb2ad42490
Event: 22.282 Thread 0x000002bb64185260 flushing  nmethod 0x000002bb2ae10f10
Event: 22.284 Thread 0x000002bb64185260 flushing  nmethod 0x000002bb2af87990
Event: 22.290 Thread 0x000002bb64185260 flushing  nmethod 0x000002bb2b20c510
Event: 22.292 Thread 0x000002bb64185260 flushing  nmethod 0x000002bb2b3af310
Event: 22.296 Thread 0x000002bb64185260 flushing  nmethod 0x000002bb2b48ce90
Event: 22.296 Thread 0x000002bb64185260 flushing  nmethod 0x000002bb2b4a9a90
Event: 22.301 Thread 0x000002bb64185260 flushing  nmethod 0x000002bb2b769c10
Event: 22.302 Thread 0x000002bb64185260 flushing  nmethod 0x000002bb2b843190
Event: 22.302 Thread 0x000002bb64185260 flushing  nmethod 0x000002bb2b843510
Event: 22.302 Thread 0x000002bb64185260 flushing  nmethod 0x000002bb2b857610
Event: 22.302 Thread 0x000002bb64185260 flushing  nmethod 0x000002bb2b891110
Event: 22.303 Thread 0x000002bb64185260 flushing  nmethod 0x000002bb2b8e9c10
Event: 22.303 Thread 0x000002bb64185260 flushing  nmethod 0x000002bb2b8ea290

Events (20 events):
Event: 21.512 Thread 0x000002bbaf2dd300 Thread added: 0x000002bbaf2db4a0
Event: 21.520 Thread 0x000002bb64178b30 Thread added: 0x000002bbae1d6990
Event: 21.528 Thread 0x000002bbb0f28810 Thread added: 0x000002bbaf2db9b0
Event: 21.605 Thread 0x000002bb644efa40 Thread added: 0x000002bbaf2ddd20
Event: 21.606 Thread 0x000002bbaf2ddd20 Thread added: 0x000002bbaf2dbec0
Event: 21.606 Thread 0x000002bbaf2dbec0 Thread added: 0x000002bbaf2dc3d0
Event: 21.616 Thread 0x000002bb22d7f700 Thread added: 0x000002bbaf2da570
Event: 21.617 Thread 0x000002bbb0f28810 Thread added: 0x000002bbaf2df670
Event: 21.618 Thread 0x000002bbaf2df670 Thread added: 0x000002bbaf2dc8e0
Event: 21.618 Thread 0x000002bb22d7f700 Thread added: 0x000002bbaf2de230
Event: 21.619 Thread 0x000002bbb0f28810 Thread added: 0x000002bbaf2de740
Event: 21.619 Thread 0x000002bbaf2de230 Thread added: 0x000002bbaf2dfb80
Event: 21.619 Thread 0x000002bbaf2de740 Thread added: 0x000002bbaf2dec50
Event: 21.620 Thread 0x000002bbb0f28810 Thread added: 0x000002bbaf2dcdf0
Event: 21.620 Thread 0x000002bbaf2dfb80 Thread added: 0x000002bbaf2df160
Event: 21.621 Thread 0x000002bbaf2dec50 Thread added: 0x000002bbaf2e0090
Event: 21.711 Thread 0x000002bb22d7f700 Thread added: 0x000002bbaf2e05a0
Event: 21.800 Thread 0x000002bbaf2db9b0 Thread added: 0x000002bbaf2e0ab0
Event: 22.117 Thread 0x000002bbaf2e0ab0 Thread added: 0x000002bbb1817f40
Event: 22.179 Thread 0x000002bbaf2e0ab0 Thread added: 0x000002bbb1816b00


Dynamic libraries:
0x00007ff651440000 - 0x00007ff65144e000 	C:\Users\paulm\.jdks\temurin-17.0.14\bin\java.exe
0x00007ff8fc8e0000 - 0x00007ff8fcb40000 	C:\WINDOWS\SYSTEM32\ntdll.dll
0x00007ff8fb6c0000 - 0x00007ff8fb787000 	C:\WINDOWS\System32\KERNEL32.DLL
0x00007ff8f9d70000 - 0x00007ff8fa13a000 	C:\WINDOWS\System32\KERNELBASE.dll
0x00007ff8fa560000 - 0x00007ff8fa6ab000 	C:\WINDOWS\System32\ucrtbase.dll
0x00007ff8f4510000 - 0x00007ff8f452e000 	C:\Users\paulm\.jdks\temurin-17.0.14\bin\VCRUNTIME140.dll
0x00007ff8d40f0000 - 0x00007ff8d4107000 	C:\Users\paulm\.jdks\temurin-17.0.14\bin\jli.dll
0x00007ff8fac40000 - 0x00007ff8fae0c000 	C:\WINDOWS\System32\USER32.dll
0x00007ff8fa6b0000 - 0x00007ff8fa6d7000 	C:\WINDOWS\System32\win32u.dll
0x00007ff8d4b90000 - 0x00007ff8d4e27000 	C:\WINDOWS\WinSxS\amd64_microsoft.windows.common-controls_6595b64144ccf1df_6.0.26100.3624_none_3e086962e3345f24\COMCTL32.dll
0x00007ff8fb790000 - 0x00007ff8fb7ba000 	C:\WINDOWS\System32\GDI32.dll
0x00007ff8fa6f0000 - 0x00007ff8fa799000 	C:\WINDOWS\System32\msvcrt.dll
0x00007ff8f9c30000 - 0x00007ff8f9d61000 	C:\WINDOWS\System32\gdi32full.dll
0x00007ff8f9ac0000 - 0x00007ff8f9b63000 	C:\WINDOWS\System32\msvcp_win.dll
0x00007ff8fae80000 - 0x00007ff8faeaf000 	C:\WINDOWS\System32\IMM32.DLL
0x00007ff8c6c50000 - 0x00007ff8c6c5c000 	C:\Users\paulm\.jdks\temurin-17.0.14\bin\vcruntime140_1.dll
0x00007ff89dd80000 - 0x00007ff89de0d000 	C:\Users\paulm\.jdks\temurin-17.0.14\bin\msvcp140.dll
0x00007fffde880000 - 0x00007fffdf4eb000 	C:\Users\paulm\.jdks\temurin-17.0.14\bin\server\jvm.dll
0x00007ff8fb5f0000 - 0x00007ff8fb6a2000 	C:\WINDOWS\System32\ADVAPI32.dll
0x00007ff8fa800000 - 0x00007ff8fa8a6000 	C:\WINDOWS\System32\sechost.dll
0x00007ff8fa8b0000 - 0x00007ff8fa9c6000 	C:\WINDOWS\System32\RPCRT4.dll
0x00007ff8fc6c0000 - 0x00007ff8fc734000 	C:\WINDOWS\System32\WS2_32.dll
0x00007ff8f8a80000 - 0x00007ff8f8ade000 	C:\WINDOWS\SYSTEM32\POWRPROF.dll
0x00007ff8f2890000 - 0x00007ff8f289b000 	C:\WINDOWS\SYSTEM32\VERSION.dll
0x00007ff8f2750000 - 0x00007ff8f2786000 	C:\WINDOWS\SYSTEM32\WINMM.dll
0x00007ff8f8960000 - 0x00007ff8f8974000 	C:\WINDOWS\SYSTEM32\UMPDC.dll
0x00007ff8f8940000 - 0x00007ff8f895a000 	C:\WINDOWS\SYSTEM32\kernel.appcore.dll
0x00007ff8c6c40000 - 0x00007ff8c6c4a000 	C:\Users\paulm\.jdks\temurin-17.0.14\bin\jimage.dll
0x00007ff8f6e90000 - 0x00007ff8f70d1000 	C:\WINDOWS\SYSTEM32\DBGHELP.DLL
0x00007ff8fc330000 - 0x00007ff8fc6b2000 	C:\WINDOWS\System32\combase.dll
0x00007ff8fb7c0000 - 0x00007ff8fb896000 	C:\WINDOWS\System32\OLEAUT32.dll
0x00007ff8d4f40000 - 0x00007ff8d4f79000 	C:\WINDOWS\SYSTEM32\dbgcore.DLL
0x00007ff8fa140000 - 0x00007ff8fa1d9000 	C:\WINDOWS\System32\bcryptPrimitives.dll
0x00007ff8c4d60000 - 0x00007ff8c4d85000 	C:\Users\paulm\.jdks\temurin-17.0.14\bin\java.dll
0x00007ff876ee0000 - 0x00007ff876fb7000 	C:\Users\paulm\.jdks\temurin-17.0.14\bin\jsvml.dll
0x00007ff8faec0000 - 0x00007ff8fb5e9000 	C:\WINDOWS\System32\SHELL32.dll
0x00007ff8fa3f0000 - 0x00007ff8fa558000 	C:\WINDOWS\System32\wintypes.dll
0x00007ff8f7740000 - 0x00007ff8f7f92000 	C:\WINDOWS\SYSTEM32\windows.storage.dll
0x00007ff8faad0000 - 0x00007ff8fabbd000 	C:\WINDOWS\System32\SHCORE.dll
0x00007ff8fae10000 - 0x00007ff8fae74000 	C:\WINDOWS\System32\shlwapi.dll
0x00007ff8f99d0000 - 0x00007ff8f99ff000 	C:\WINDOWS\SYSTEM32\profapi.dll
0x00007ff8c4cc0000 - 0x00007ff8c4cd9000 	C:\Users\paulm\.jdks\temurin-17.0.14\bin\net.dll
0x00007ff8f21f0000 - 0x00007ff8f230d000 	C:\WINDOWS\SYSTEM32\WINHTTP.dll
0x00007ff8f8f10000 - 0x00007ff8f8f7a000 	C:\WINDOWS\system32\mswsock.dll
0x00007ff8c4bd0000 - 0x00007ff8c4be6000 	C:\Users\paulm\.jdks\temurin-17.0.14\bin\nio.dll
0x00007ff8c6580000 - 0x00007ff8c6598000 	C:\Users\paulm\.jdks\temurin-17.0.14\bin\zip.dll
0x00007ff8c6c20000 - 0x00007ff8c6c30000 	C:\Users\paulm\.jdks\temurin-17.0.14\bin\verify.dll
0x00007ff8c4d50000 - 0x00007ff8c4d5a000 	C:\Users\paulm\.jdks\temurin-17.0.14\bin\management.dll
0x00007ff8c4cb0000 - 0x00007ff8c4cbb000 	C:\Users\paulm\.jdks\temurin-17.0.14\bin\management_ext.dll
0x00007ff8fc290000 - 0x00007ff8fc298000 	C:\WINDOWS\System32\PSAPI.DLL
0x00007ff8c6760000 - 0x00007ff8c6778000 	C:\WINDOWS\system32\napinsp.dll
0x00007ff8f83a0000 - 0x00007ff8f84c5000 	C:\WINDOWS\SYSTEM32\DNSAPI.dll
0x00007ff8f8300000 - 0x00007ff8f8333000 	C:\WINDOWS\SYSTEM32\IPHLPAPI.DLL
0x00007ff8fb6b0000 - 0x00007ff8fb6ba000 	C:\WINDOWS\System32\NSI.dll
0x00007ff8c6740000 - 0x00007ff8c6752000 	C:\WINDOWS\System32\winrnr.dll
0x00007ff8c6700000 - 0x00007ff8c6730000 	C:\WINDOWS\system32\nlansp_c.dll
0x00007ff8eeaf0000 - 0x00007ff8eeb06000 	C:\WINDOWS\system32\wshbth.dll
0x00007ff8f2520000 - 0x00007ff8f252b000 	C:\Windows\System32\rasadhlp.dll
0x00007ff8edd30000 - 0x00007ff8eddb5000 	C:\WINDOWS\System32\fwpuclnt.dll
0x00007ff86b410000 - 0x00007ff86b485000 	C:\Users\paulm\AppData\Local\Temp\lwjglpaulm\3.3.1-build-7\lwjgl.dll
0x00007ff87c3f0000 - 0x00007ff87c451000 	C:\Users\paulm\AppData\Local\Temp\lwjglpaulm\3.3.1-build-7\glfw.dll
0x00007ff89dfe0000 - 0x00007ff89e02b000 	C:\WINDOWS\SYSTEM32\dinput8.dll
0x00007ff85f280000 - 0x00007ff85f292000 	C:\WINDOWS\SYSTEM32\xinput1_4.dll
0x00007ff8f9760000 - 0x00007ff8f978d000 	C:\WINDOWS\SYSTEM32\DEVOBJ.dll
0x00007ff8f96f0000 - 0x00007ff8f974f000 	C:\WINDOWS\SYSTEM32\cfgmgr32.dll
0x00007ff8f5f90000 - 0x00007ff8f5fc6000 	C:\WINDOWS\SYSTEM32\dwmapi.dll
0x00007ff8b4e00000 - 0x00007ff8b4fe0000 	C:\WINDOWS\SYSTEM32\inputhost.dll
0x00007ff8f5830000 - 0x00007ff8f5956000 	C:\WINDOWS\SYSTEM32\CoreMessaging.dll
0x00007ff8f91d0000 - 0x00007ff8f91dc000 	C:\WINDOWS\SYSTEM32\CRYPTBASE.DLL
0x00007ff8f5e50000 - 0x00007ff8f5efe000 	C:\WINDOWS\system32\uxtheme.dll
0x00007ff8fc740000 - 0x00007ff8fc89d000 	C:\WINDOWS\System32\MSCTF.dll
0x00007ff8589b0000 - 0x00007ff858abc000 	C:\WINDOWS\SYSTEM32\opengl32.dll
0x00007ff858980000 - 0x00007ff8589ad000 	C:\WINDOWS\SYSTEM32\GLU32.dll
0x00007ff8f6b30000 - 0x00007ff8f6b77000 	C:\WINDOWS\SYSTEM32\dxcore.dll
0x00007ff8da1e0000 - 0x00007ff8da1fa000 	C:\WINDOWS\SYSTEM32\windows.staterepositorycore.dll
0x00007ff82fa60000 - 0x00007ff832098000 	C:\WINDOWS\System32\DriverStore\FileRepository\nv_dispi.inf_amd64_9425e4c3b1ac1c47\nvoglv64.dll
0x00007ff8fbdf0000 - 0x00007ff8fc276000 	C:\WINDOWS\System32\SETUPAPI.dll
0x00007ff8fbc50000 - 0x00007ff8fbde6000 	C:\WINDOWS\System32\ole32.dll
0x00007ff8f5cc0000 - 0x00007ff8f5cd6000 	C:\WINDOWS\SYSTEM32\WTSAPI32.dll
0x00007ff8f9220000 - 0x00007ff8f9233000 	C:\WINDOWS\SYSTEM32\msasn1.dll
0x00007ff8f2560000 - 0x00007ff8f259b000 	C:\WINDOWS\SYSTEM32\cryptnet.dll
0x00007ff8fa1e0000 - 0x00007ff8fa357000 	C:\WINDOWS\System32\CRYPT32.dll
0x00007ff8f9290000 - 0x00007ff8f92ed000 	C:\WINDOWS\SYSTEM32\wldp.dll
0x00007ff8f2360000 - 0x00007ff8f24dc000 	C:\WINDOWS\SYSTEM32\drvstore.dll
0x00007ff8fa360000 - 0x00007ff8fa3df000 	C:\WINDOWS\System32\WINTRUST.dll
0x00007ff8f8b10000 - 0x00007ff8f8b45000 	C:\WINDOWS\SYSTEM32\ntmarta.dll
0x00007ff8fbb20000 - 0x00007ff8fbb40000 	C:\WINDOWS\System32\imagehlp.dll
0x00007ff8f91b0000 - 0x00007ff8f91cc000 	C:\WINDOWS\SYSTEM32\CRYPTSP.dll
0x00007ff8f8880000 - 0x00007ff8f88ba000 	C:\WINDOWS\system32\rsaenh.dll
0x00007ff8f99a0000 - 0x00007ff8f99c6000 	C:\WINDOWS\SYSTEM32\bcrypt.dll
0x00007ff8eee60000 - 0x00007ff8f1b70000 	C:\WINDOWS\System32\DriverStore\FileRepository\nv_dispi.inf_amd64_9425e4c3b1ac1c47\nvgpucomp64.dll
0x00007ff8a6ec0000 - 0x00007ff8a71c6000 	C:\WINDOWS\system32\nvspcap64.dll
0x00007ff8f8650000 - 0x00007ff8f86b7000 	C:\WINDOWS\SYSTEM32\WINSTA.dll
0x00007ff81b9c0000 - 0x00007ff81bc19000 	C:\Users\paulm\AppData\Local\Temp\lwjglpaulm\3.3.1-build-7\jemalloc.dll
0x00007ff8c0f10000 - 0x00007ff8c1059000 	C:\WINDOWS\SYSTEM32\textinputframework.dll
0x00007ff86b320000 - 0x00007ff86b37d000 	C:\Users\paulm\AppData\Local\Temp\lwjglpaulm\3.3.1-build-7\lwjgl_opengl.dll
0x00007ff85dce0000 - 0x00007ff85dd61000 	C:\Users\paulm\AppData\Local\Temp\lwjglpaulm\3.3.1-build-7\lwjgl_stb.dll
0x00007ff8f8fb0000 - 0x00007ff8f8fdb000 	C:\WINDOWS\SYSTEM32\USERENV.dll
0x00007ff8f2530000 - 0x00007ff8f254f000 	C:\WINDOWS\SYSTEM32\dhcpcsvc6.DLL
0x00007ff8f2330000 - 0x00007ff8f2355000 	C:\WINDOWS\SYSTEM32\dhcpcsvc.DLL
0x00007ff8f3890000 - 0x00007ff8f3b73000 	C:\WINDOWS\SYSTEM32\CoreUIComponents.dll
0x00007ff876c90000 - 0x00007ff876cd0000 	C:\Users\paulm\AppData\Local\Temp\jna-106439973\jna18372598768180718763.dll
0x00007ff8fbba0000 - 0x00007ff8fbc48000 	C:\WINDOWS\System32\clbcatq.dll
0x00007ff8dc5b0000 - 0x00007ff8dc5cd000 	C:\WINDOWS\SYSTEM32\amsi.dll
0x00007ff875b20000 - 0x00007ff875beb000 	C:\Program Files\Bitdefender\Bitdefender Security\bdamsi\dlls_267059357120000000\antimalware_provider64.dll
0x00007ff8e5740000 - 0x00007ff8e578e000 	C:\WINDOWS\SYSTEM32\Pdh.dll
0x00007ff8c23f0000 - 0x00007ff8c2401000 	C:\WINDOWS\System32\perfos.dll
0x00007ff8f5e30000 - 0x00007ff8f5e42000 	C:\WINDOWS\SYSTEM32\pfclient.dll
0x00007ff8c4bb0000 - 0x00007ff8c4bbe000 	C:\Users\paulm\.jdks\temurin-17.0.14\bin\sunmscapi.dll
0x00007ff8f93b0000 - 0x00007ff8f93e0000 	C:\WINDOWS\SYSTEM32\ncrypt.dll
0x00007ff8f9360000 - 0x00007ff8f939f000 	C:\WINDOWS\SYSTEM32\NTASN1.dll
0x00007ff8c4bc0000 - 0x00007ff8c4bc9000 	C:\Users\paulm\.jdks\temurin-17.0.14\bin\extnet.dll
0x00007ff8e03e0000 - 0x00007ff8e04a8000 	C:\WINDOWS\SYSTEM32\mscms.dll
0x00007ff8a4b30000 - 0x00007ff8a4b79000 	C:\WINDOWS\SYSTEM32\icm32.dll
0x00007ff81fd10000 - 0x00007ff81fea7000 	C:\Users\paulm\AppData\Local\Temp\lwjglpaulm\3.3.1-build-7\OpenAL.dll
0x00007ff8f2040000 - 0x00007ff8f20da000 	C:\WINDOWS\System32\MMDevApi.dll
0x00007ff853150000 - 0x00007ff8532c3000 	C:\WINDOWS\System32\Speech\Common\sapi.dll
0x00007ff8c5590000 - 0x00007ff8c5598000 	C:\WINDOWS\system32\wshunix.dll

dbghelp: loaded successfully - version: 4.0.5 - missing functions: none
symbol engine: initialized successfully - sym options: 0x614 - pdb path: .;C:\Users\paulm\.jdks\temurin-17.0.14\bin;C:\WINDOWS\SYSTEM32;C:\WINDOWS\WinSxS\amd64_microsoft.windows.common-controls_6595b64144ccf1df_6.0.26100.3624_none_3e086962e3345f24;C:\Users\paulm\.jdks\temurin-17.0.14\bin\server;C:\Users\paulm\AppData\Local\Temp\lwjglpaulm\3.3.1-build-7;C:\WINDOWS\System32\DriverStore\FileRepository\nv_dispi.inf_amd64_9425e4c3b1ac1c47;C:\Users\paulm\AppData\Local\Temp\jna-106439973;C:\Program Files\Bitdefender\Bitdefender Security\bdamsi\dlls_267059357120000000;C:\WINDOWS\System32\Speech\Common

VM Arguments:
jvm_args: -Dforge.enableGameTest=true -Dforge.enabledGameTestNamespaces=minecolonytax -Dforge.logging.console.level=debug -Dforge.logging.markers=REGISTRIES -DignoreList=bootstraplauncher,securejarhandler,asm-commons,asm-util,asm-analysis,asm-tree,asm,JarJarFileSystems,client-extra,fmlcore,javafmllanguage,lowcodelanguage,mclanguage,forge- -Djava.net.preferIPv6Addresses=system -DlegacyClassPath.file=C:\Users\paulm\Desktop\MinecolonyTaxAddon - Kopie\build\classpath\runClient_minecraftClasspath.txt -DmergeModules=jna-5.10.0.jar,jna-platform-5.10.0.jar -Dmixin.env.refMapRemappingFile=C:\Users\paulm\Desktop\MinecolonyTaxAddon - Kopie/build/createSrgToMcp/output.srg -Dmixin.env.remapRefMap=true --module-path=C:\Users\paulm\.gradle\caches\modules-2\files-2.1\cpw.mods\bootstraplauncher\1.1.2\c546e00443d8432cda6baa1c860346980742628\bootstraplauncher-1.1.2.jar;C:\Users\paulm\.gradle\caches\modules-2\files-2.1\cpw.mods\securejarhandler\2.1.10\51e6a22c6c716beb11e244bf5b8be480f51dd6b5\securejarhandler-2.1.10.jar;C:\Users\paulm\.gradle\caches\modules-2\files-2.1\org.ow2.asm\asm-commons\9.7\e86dda4696d3c185fcc95d8d311904e7ce38a53f\asm-commons-9.7.jar;C:\Users\paulm\.gradle\caches\modules-2\files-2.1\org.ow2.asm\asm-util\9.7\c0655519f24d92af2202cb681cd7c1569df6ead6\asm-util-9.7.jar;C:\Users\paulm\.gradle\caches\modules-2\files-2.1\org.ow2.asm\asm-analysis\9.7\e4a258b7eb96107106c0599f0061cfc1832fe07a\asm-analysis-9.7.jar;C:\Users\paulm\.gradle\caches\modules-2\files-2.1\org.ow2.asm\asm-tree\9.7\e446a17b175bfb733b87c5c2560ccb4e57d69f1a\asm-tree-9.7.jar;C:\Users\paulm\.gradle\caches\modules-2\files-2.1\org.ow2.asm\asm\9.7\73d7b3086e14beb604ced229c302feff6449723\asm-9.7.jar;C:\Users\paulm\.gradle\caches\modules-2\files-2.1\net.minecraftforge\JarJarFileSystems\0.3.19\2464eb7d6b9ddb9db36a82cf8a95193e5c6fe020\JarJarFileSystems-0.3.19.jar --add-modules=ALL-MODULE-PATH --add-opens=java.base/java.util.jar=cpw.mods.securejarhandler --add-opens=java.base/java.lang.invoke=cpw.mods.securejarhandler --add-exports=java.base/sun.security.util=cpw.mods.securejarhandler --add-exports=jdk.naming.dns/com.sun.jndi.dns=java.naming -XX:HeapDumpPath=MojangTricksIntelDriversForPerformance_javaw.exe_minecraft.exe.heapdump -Dfile.encoding=UTF-8 -Duser.country=DE -Duser.language=de -Duser.variant 
java_command: cpw.mods.bootstraplauncher.BootstrapLauncher --launchTarget forgeclientuserdev --version MOD_DEV --assetIndex 5 --assetsDir C:\Users\paulm\.gradle\caches\forge_gradle\assets --gameDir . --fml.forgeVersion 47.3.10 --fml.mcVersion 1.20.1 --fml.forgeGroup net.minecraftforge --fml.mcpVersion 20230612.114412
java_class_path (initial): C:\Users\paulm\Desktop\MinecolonyTaxAddon - Kopie\build\classes\java\main;C:\Users\paulm\Desktop\MinecolonyTaxAddon - Kopie\build\resources\main;C:\Users\paulm\.gradle\caches\forge_gradle\deobf_dependencies\curse\maven\minecolonies-245506\5761248_mapped_parchment_2023.09.03-1.20.1\minecolonies-245506-5761248_mapped_parchment_2023.09.03-1.20.1.jar;C:\Users\paulm\.gradle\caches\forge_gradle\deobf_dependencies\curse\maven\sdm-shop-948942\5777543_mapped_parchment_2023.09.03-1.20.1\sdm-shop-948942-5777543_mapped_parchment_2023.09.03-1.20.1.jar;C:\Users\paulm\.gradle\caches\forge_gradle\deobf_dependencies\curse\maven\ftb-teams-forge-404468\5267190_mapped_parchment_2023.09.03-1.20.1\ftb-teams-forge-404468-5267190_mapped_parchment_2023.09.03-1.20.1.jar;C:\Users\paulm\.gradle\caches\forge_gradle\minecraft_user_repo\net\minecraftforge\forge\1.20.1-47.3.10_mapped_parchment_2023.09.03-1.20.1\forge-1.20.1-47.3.10_mapped_parchment_2023.09.03-1.20.1.jar;C:\Users\paulm\.gradle\caches\forge_gradle\deobf_dependencies\curse\maven\blockui-522992\5658253_mapped_parchment_2023.09.03-1.20.1\blockui-522992-5658253_mapped_parchment_2023.09.03-1.20.1.jar;C:\Users\paulm\.gradle\caches\forge_gradle\deobf_dependencies\curse\maven\multi-piston-303278\5204918_mapped_parchment_2023.09.03-1.20.1\multi-piston-303278-5204918_mapped_parchment_2023.09.03-1.20.1.jar;C:\Users\paulm\.gradle\caches\forge_gradle\deobf_dependencies\curse\maven\domum-ornamentum-527361\5764067_mapped_parchment_2023.09.03-1.20.1\domum-ornamentum-527361-5764067_mapped_parchment_2023.09.03-1.20.1.jar;C:\Users\paulm\.gradle\caches\forge_gradle\deobf_dependencies\curse\maven\structurize-298744\5676596_mapped_parchment_2023.09.03-1.20.1\structurize-298744-5676596_mapped_parchment_2023.09.03-1.20.1.jar;C:\Users\paulm\.gradle\caches\forge_gradle\deobf_dependencies\curse\maven\jei-238222\5739402_mapped_parchment_2023.09.03-1.20.1\jei-238222-5739402_mapped_parchment_2023.09.03-1.20.1.jar;C:\Users\paulm\.grad
Launcher Type: SUN_STANDARD

[Global flags]
     intx CICompilerCount                          = 15                                        {product} {ergonomic}
     uint ConcGCThreads                            = 6                                         {product} {ergonomic}
     uint G1ConcRefinementThreads                  = 23                                        {product} {ergonomic}
   size_t G1HeapRegionSize                         = 8388608                                   {product} {ergonomic}
    uintx GCDrainStackTargetSize                   = 64                                        {product} {ergonomic}
    ccstr HeapDumpPath                             = MojangTricksIntelDriversForPerformance_javaw.exe_minecraft.exe.heapdump         {manageable} {command line}
   size_t InitialHeapSize                          = 1065353216                                {product} {ergonomic}
   size_t MarkStackSize                            = 4194304                                   {product} {ergonomic}
   size_t MaxHeapSize                              = 16953376768                               {product} {ergonomic}
   size_t MaxNewSize                               = 10166992896                               {product} {ergonomic}
   size_t MinHeapDeltaBytes                        = 8388608                                   {product} {ergonomic}
   size_t MinHeapSize                              = 8388608                                   {product} {ergonomic}
    uintx NonNMethodCodeHeapSize                   = 8192380                                {pd product} {ergonomic}
    uintx NonProfiledCodeHeapSize                  = 121732930                              {pd product} {ergonomic}
    uintx ProfiledCodeHeapSize                     = 121732930                              {pd product} {ergonomic}
    uintx ReservedCodeCacheSize                    = 251658240                              {pd product} {ergonomic}
     bool SegmentedCodeCache                       = true                                      {product} {ergonomic}
   size_t SoftMaxHeapSize                          = 16953376768                            {manageable} {ergonomic}
     bool UseCompressedClassPointers               = true                           {product lp64_product} {ergonomic}
     bool UseCompressedOops                        = true                           {product lp64_product} {ergonomic}
     bool UseG1GC                                  = true                                      {product} {ergonomic}
     bool UseLargePagesIndividualAllocation        = false                                  {pd product} {ergonomic}

Logging:
Log output configuration:
 #0: stdout all=warning uptime,level,tags
 #1: stderr all=off uptime,level,tags

Environment Variables:
PATH=C:\Program Files\Common Files\Oracle\Java\javapath;C:\WINDOWS\system32;C:\WINDOWS;C:\WINDOWS\System32\Wbem;C:\WINDOWS\System32\WindowsPowerShell\v1.0\;C:\WINDOWS\System32\OpenSSH\;C:\Program Files\NVIDIA Corporation\NVIDIA app\NvDLISR;C:\Program Files (x86)\NVIDIA Corporation\PhysX\Common;C:\Program Files\dotnet\;C:\Program Files\Git\cmd;C:\Program Files\nodejs\;C:\ProgramData\chocolatey\bin;C:\Users\paulm\AppData\Local\Programs\Python\Launcher\;C:\Users\paulm\AppData\Local\Microsoft\WindowsApps;C:\Users\paulm\AppData\Local\Programs\Microsoft VS Code\bin;C:\Users\paulm\.dotnet\tools;C:\Users\paulm\AppData\Local\GitHubDesktop\bin;C:\Users\paulm\AppData\Roaming\npm;C:\Users\paulm\AppData\Local\Programs\Windsurf\bin;C:\Users\paulm\AppData\Local\Programs\cursor\resources\app\bin
USERNAME=paulm
OS=Windows_NT
PROCESSOR_IDENTIFIER=AMD64 Family 25 Model 97 Stepping 2, AuthenticAMD
TMP=C:\Users\paulm\AppData\Local\Temp
TEMP=C:\Users\paulm\AppData\Local\Temp



Periodic native trim disabled


---------------  S Y S T E M  ---------------

OS:
 Windows 11 , 64 bit Build 26100 (10.0.26100.3775)
OS uptime: 7 days 15:22 hours
Hyper-V role detected

CPU: total 32 (initial active 32) (32 cores per cpu, 2 threads per core) family 25 model 97 stepping 2 microcode 0xa601209, cx8, cmov, fxsr, ht, mmx, 3dnowpref, sse, sse2, sse3, ssse3, sse4a, sse4.1, sse4.2, popcnt, lzcnt, tsc, tscinvbit, avx, avx2, aes, erms, clmul, bmi1, bmi2, adx, avx512f, avx512dq, avx512cd, avx512bw, avx512vl, sha, fma, vzeroupper, avx512_vpopcntdq, avx512_vpclmulqdq, avx512_vaes, avx512_vnni, clflush, clflushopt, avx512_vbmi2, avx512_vbmi, hv
Processor Information for all 32 processors :
  Max Mhz: 4501, Current Mhz: 4501, Mhz Limit: 4501

Memory: 4k page, system-wide physical 64650M (13405M free)
TotalPageFile size 89226M (AvailPageFile size 816M)
current process WorkingSet (physical memory assigned to process): 1420M, peak: 1421M
current process commit charge ("private bytes"): 1677M, peak: 1678M

vm_info: OpenJDK 64-Bit Server VM (17.0.14+7) for windows-amd64 JRE (17.0.14+7), built on Jan 21 2025 23:40:15 by "admin" with MS VC++ 17.7 (VS2022)

END.
