#
# There is insufficient memory for the Java Runtime Environment to continue.
# Native memory allocation (malloc) failed to allocate 2255808 bytes. Error detail: Chunk::new
# Possible reasons:
#   The system is out of physical RAM or swap space
#   This process is running with CompressedOops enabled, and the Java Heap may be blocking the growth of the native heap
# Possible solutions:
#   Reduce memory load on the system
#   Increase physical memory or swap space
#   Check if swap backing store is full
#   Decrease Java heap size (-Xmx/-Xms)
#   Decrease number of Java threads
#   Decrease Java thread stack sizes (-Xss)
#   Set larger code cache with -XX:ReservedCodeCacheSize=
#   JVM is running with Zero Based Compressed Oops mode in which the Java heap is
#     placed in the first 32GB address space. The Java Heap base address is the
#     maximum limit for the native heap growth. Please use -XX:HeapBaseMinAddress
#     to set the Java Heap base and to place the Java Heap above 32GB virtual address.
# This output file may be truncated or incomplete.
#
#  Out of Memory Error (arena.cpp:191), pid=79116, tid=79372
#
# JRE version: OpenJDK Runtime Environment Temurin-17.0.14+7 (17.0.14+7) (build 17.0.14+7)
# Java VM: OpenJDK 64-Bit Server VM Temurin-17.0.14+7 (17.0.14+7, mixed mode, sharing, tiered, compressed oops, compressed class ptrs, g1 gc, windows-amd64)
# No core dump will be written. Minidumps are not enabled by default on client versions of Windows
#

---------------  S U M M A R Y ------------

Command Line: -Dforge.enableGameTest=true -Dforge.enabledGameTestNamespaces=minecolonytax -Dforge.logging.console.level=debug -Dforge.logging.markers=REGISTRIES -DignoreList=bootstraplauncher,securejarhandler,asm-commons,asm-util,asm-analysis,asm-tree,asm,JarJarFileSystems,client-extra,fmlcore,javafmllanguage,lowcodelanguage,mclanguage,forge- -Djava.net.preferIPv6Addresses=system -DlegacyClassPath.file=C:\Users\paulm\Desktop\MinecolonyTaxAddon - Kopie\build\classpath\runClient2_minecraftClasspath.txt -DmergeModules=jna-5.10.0.jar,jna-platform-5.10.0.jar -Dmixin.env.refMapRemappingFile=C:\Users\paulm\Desktop\MinecolonyTaxAddon - Kopie/build/createSrgToMcp/output.srg -Dmixin.env.remapRefMap=true --module-path=C:\Users\paulm\.gradle\caches\modules-2\files-2.1\cpw.mods\bootstraplauncher\1.1.2\c546e00443d8432cda6baa1c860346980742628\bootstraplauncher-1.1.2.jar;C:\Users\paulm\.gradle\caches\modules-2\files-2.1\cpw.mods\securejarhandler\2.1.10\51e6a22c6c716beb11e244bf5b8be480f51dd6b5\securejarhandler-2.1.10.jar;C:\Users\paulm\.gradle\caches\modules-2\files-2.1\org.ow2.asm\asm-commons\9.7\e86dda4696d3c185fcc95d8d311904e7ce38a53f\asm-commons-9.7.jar;C:\Users\paulm\.gradle\caches\modules-2\files-2.1\org.ow2.asm\asm-util\9.7\c0655519f24d92af2202cb681cd7c1569df6ead6\asm-util-9.7.jar;C:\Users\paulm\.gradle\caches\modules-2\files-2.1\org.ow2.asm\asm-analysis\9.7\e4a258b7eb96107106c0599f0061cfc1832fe07a\asm-analysis-9.7.jar;C:\Users\paulm\.gradle\caches\modules-2\files-2.1\org.ow2.asm\asm-tree\9.7\e446a17b175bfb733b87c5c2560ccb4e57d69f1a\asm-tree-9.7.jar;C:\Users\paulm\.gradle\caches\modules-2\files-2.1\org.ow2.asm\asm\9.7\73d7b3086e14beb604ced229c302feff6449723\asm-9.7.jar;C:\Users\paulm\.gradle\caches\modules-2\files-2.1\net.minecraftforge\JarJarFileSystems\0.3.19\2464eb7d6b9ddb9db36a82cf8a95193e5c6fe020\JarJarFileSystems-0.3.19.jar --add-modules=ALL-MODULE-PATH --add-opens=java.base/java.util.jar=cpw.mods.securejarhandler --add-opens=java.base/java.lang.invoke=cpw.mods.securejarhandler --add-exports=java.base/sun.security.util=cpw.mods.securejarhandler --add-exports=jdk.naming.dns/com.sun.jndi.dns=java.naming -XX:HeapDumpPath=MojangTricksIntelDriversForPerformance_javaw.exe_minecraft.exe.heapdump -Dfile.encoding=UTF-8 -Duser.country=DE -Duser.language=de -Duser.variant cpw.mods.bootstraplauncher.BootstrapLauncher --launchTarget forgeclientuserdev --version MOD_DEV --assetIndex 5 --assetsDir C:\Users\paulm\.gradle\caches\forge_gradle\assets --gameDir . --fml.forgeVersion 47.3.10 --fml.mcVersion 1.20.1 --fml.forgeGroup net.minecraftforge --fml.mcpVersion 20230612.114412 --username=Player2

Host: AMD Ryzen 9 7950X 16-Core Processor            , 32 cores, 63G,  Windows 11 , 64 bit Build 26100 (10.0.26100.3775)
Time: Tue May  6 05:36:32 2025 Mitteleuropäische Sommerzeit elapsed time: 12.449439 seconds (0d 0h 0m 12s)

---------------  T H R E A D  ---------------

Current thread (0x00000271c5a06030):  JavaThread "C2 CompilerThread3" daemon [_thread_in_native, id=79372, stack(0x000000dc17900000,0x000000dc17a00000)]


Current CompileTask:
C2:  12449 9274       4       org.objectweb.asm.Frame::execute (2303 bytes)

Stack: [0x000000dc17900000,0x000000dc17a00000]
Native frames: (J=compiled Java code, j=interpreted, Vv=VM code, C=native code)
V  [jvm.dll+0x682eb9]
V  [jvm.dll+0x8399c8]
V  [jvm.dll+0x83b473]
V  [jvm.dll+0x83bae3]
V  [jvm.dll+0x24715f]
V  [jvm.dll+0xace44]
V  [jvm.dll+0xad4dc]
V  [jvm.dll+0x365b5e]
V  [jvm.dll+0x32fd58]
V  [jvm.dll+0x32f1da]
V  [jvm.dll+0x21814f]
V  [jvm.dll+0x21758f]
V  [jvm.dll+0x1a3150]
V  [jvm.dll+0x22799c]
V  [jvm.dll+0x225afb]
V  [jvm.dll+0x7ef128]
V  [jvm.dll+0x7e948c]
V  [jvm.dll+0x681d97]
C  [ucrtbase.dll+0x37b0]
C  [KERNEL32.DLL+0x2e8d7]
C  [ntdll.dll+0xb14fc]


---------------  P R O C E S S  ---------------

Threads class SMR info:
_java_thread_list=0x00000271cb395bb0, length=23, elements={
0x000002714ef811f0, 0x0000027110c29cd0, 0x0000027110c2b7c0, 0x0000027110c41d40,
0x0000027110c44230, 0x0000027110c45720, 0x0000027110c49c10, 0x0000027110c4a420,
0x0000027110c4a940, 0x0000027110c4f280, 0x0000027110c16090, 0x00000271c5193980,
0x00000271c51ec230, 0x00000271c59c6cb0, 0x00000271c5a06030, 0x00000271c5a097d0,
0x00000271c5c45790, 0x00000271c903ad40, 0x00000271c971c7f0, 0x00000271c971d290,
0x00000271c971d7e0, 0x00000271c792f1f0, 0x00000271ca335e90
}

Java Threads: ( => current thread )
  0x000002714ef811f0 JavaThread "main" [_thread_blocked, id=74212, stack(0x000000dc16000000,0x000000dc16100000)]
  0x0000027110c29cd0 JavaThread "Reference Handler" daemon [_thread_blocked, id=79224, stack(0x000000dc16700000,0x000000dc16800000)]
  0x0000027110c2b7c0 JavaThread "Finalizer" daemon [_thread_blocked, id=69268, stack(0x000000dc16800000,0x000000dc16900000)]
  0x0000027110c41d40 JavaThread "Signal Dispatcher" daemon [_thread_blocked, id=28820, stack(0x000000dc16900000,0x000000dc16a00000)]
  0x0000027110c44230 JavaThread "Attach Listener" daemon [_thread_blocked, id=63876, stack(0x000000dc16a00000,0x000000dc16b00000)]
  0x0000027110c45720 JavaThread "Service Thread" daemon [_thread_blocked, id=78656, stack(0x000000dc16b00000,0x000000dc16c00000)]
  0x0000027110c49c10 JavaThread "Monitor Deflation Thread" daemon [_thread_blocked, id=34440, stack(0x000000dc16c00000,0x000000dc16d00000)]
  0x0000027110c4a420 JavaThread "C2 CompilerThread0" daemon [_thread_in_vm, id=15896, stack(0x000000dc16d00000,0x000000dc16e00000)]
  0x0000027110c4a940 JavaThread "C1 CompilerThread0" daemon [_thread_in_native, id=73500, stack(0x000000dc16e00000,0x000000dc16f00000)]
  0x0000027110c4f280 JavaThread "Sweeper thread" daemon [_thread_blocked, id=35896, stack(0x000000dc16f00000,0x000000dc17000000)]
  0x0000027110c16090 JavaThread "Common-Cleaner" daemon [_thread_blocked, id=79284, stack(0x000000dc17100000,0x000000dc17200000)]
  0x00000271c5193980 JavaThread "C2 CompilerThread1" daemon [_thread_in_native, id=79316, stack(0x000000dc17200000,0x000000dc17300000)]
  0x00000271c51ec230 JavaThread "Notification Thread" daemon [_thread_blocked, id=79332, stack(0x000000dc17300000,0x000000dc17400000)]
  0x00000271c59c6cb0 JavaThread "C2 CompilerThread2" daemon [_thread_in_native, id=79368, stack(0x000000dc17800000,0x000000dc17900000)]
=>0x00000271c5a06030 JavaThread "C2 CompilerThread3" daemon [_thread_in_native, id=79372, stack(0x000000dc17900000,0x000000dc17a00000)]
  0x00000271c5a097d0 JavaThread "C2 CompilerThread4" daemon [_thread_in_native, id=79376, stack(0x000000dc17a00000,0x000000dc17b00000)]
  0x00000271c5c45790 JavaThread "pool-2-thread-1" daemon [_thread_in_native, id=79408, stack(0x000000dc17e00000,0x000000dc17f00000)]
  0x00000271c903ad40 JavaThread "pool-3-thread-1" daemon [_thread_blocked, id=79636, stack(0x000000dc1a400000,0x000000dc1a500000)]
  0x00000271c971c7f0 JavaThread "C2 CompilerThread5" daemon [_thread_in_native, id=71776, stack(0x000000dc17700000,0x000000dc17800000)]
  0x00000271c971d290 JavaThread "C2 CompilerThread6" daemon [_thread_in_native, id=29120, stack(0x000000dc17b00000,0x000000dc17c00000)]
  0x00000271c971d7e0 JavaThread "C2 CompilerThread7" daemon [_thread_in_native, id=79416, stack(0x000000dc17d00000,0x000000dc17e00000)]
  0x00000271c792f1f0 JavaThread "JNA Cleaner" daemon [_thread_blocked, id=79348, stack(0x000000dc1a500000,0x000000dc1a600000)]
  0x00000271ca335e90 JavaThread "pool-4-thread-1" [_thread_in_vm, id=66352, stack(0x000000dc17000000,0x000000dc17100000)]

Other Threads:
  0x0000027110c26bf0 VMThread "VM Thread" [stack: 0x000000dc16600000,0x000000dc16700000] [id=79228]
  0x000002714ef82190 WatcherThread [stack: 0x000000dc17400000,0x000000dc17500000] [id=79344]
  0x000002714eff1a60 GCTaskThread "GC Thread#0" [stack: 0x000000dc16100000,0x000000dc16200000] [id=79200]
  0x00000271c64f2cd0 GCTaskThread "GC Thread#1" [stack: 0x000000dc18000000,0x000000dc18100000] [id=79400]
  0x00000271c64f2f90 GCTaskThread "GC Thread#2" [stack: 0x000000dc18100000,0x000000dc18200000] [id=79440]
  0x00000271c5ad2a60 GCTaskThread "GC Thread#3" [stack: 0x000000dc18200000,0x000000dc18300000] [id=79448]
  0x00000271c5ad3130 GCTaskThread "GC Thread#4" [stack: 0x000000dc18300000,0x000000dc18400000] [id=79452]
  0x00000271c5ad3c00 GCTaskThread "GC Thread#5" [stack: 0x000000dc18400000,0x000000dc18500000] [id=79456]
  0x00000271c6136670 GCTaskThread "GC Thread#6" [stack: 0x000000dc18500000,0x000000dc18600000] [id=79460]
  0x00000271c5c42530 GCTaskThread "GC Thread#7" [stack: 0x000000dc18600000,0x000000dc18700000] [id=79464]
  0x00000271c5c427f0 GCTaskThread "GC Thread#8" [stack: 0x000000dc18700000,0x000000dc18800000] [id=79272]
  0x00000271c5c42eb0 GCTaskThread "GC Thread#9" [stack: 0x000000dc18800000,0x000000dc18900000] [id=79468]
  0x00000271c5f88b50 GCTaskThread "GC Thread#10" [stack: 0x000000dc18900000,0x000000dc18a00000] [id=79052]
  0x00000271c67c2420 GCTaskThread "GC Thread#11" [stack: 0x000000dc18a00000,0x000000dc18b00000] [id=79056]
  0x00000271c635c7d0 GCTaskThread "GC Thread#12" [stack: 0x000000dc18b00000,0x000000dc18c00000] [id=79060]
  0x00000271c635ca90 GCTaskThread "GC Thread#13" [stack: 0x000000dc18c00000,0x000000dc18d00000] [id=79064]
  0x00000271c635cd50 GCTaskThread "GC Thread#14" [stack: 0x000000dc18d00000,0x000000dc18e00000] [id=79068]
  0x00000271c635b1d0 GCTaskThread "GC Thread#15" [stack: 0x000000dc18e00000,0x000000dc18f00000] [id=79072]
  0x00000271c635b490 GCTaskThread "GC Thread#16" [stack: 0x000000dc18f00000,0x000000dc19000000] [id=79076]
  0x00000271c635c250 GCTaskThread "GC Thread#17" [stack: 0x000000dc19000000,0x000000dc19100000] [id=79080]
  0x00000271c635b750 GCTaskThread "GC Thread#18" [stack: 0x000000dc19100000,0x000000dc19200000] [id=79048]
  0x00000271c635c510 GCTaskThread "GC Thread#19" [stack: 0x000000dc19200000,0x000000dc19300000] [id=79476]
  0x00000271c635ba10 GCTaskThread "GC Thread#20" [stack: 0x000000dc19300000,0x000000dc19400000] [id=79516]
  0x00000271c635bcd0 GCTaskThread "GC Thread#21" [stack: 0x000000dc19400000,0x000000dc19500000] [id=73880]
  0x00000271c635bf90 GCTaskThread "GC Thread#22" [stack: 0x000000dc19500000,0x000000dc19600000] [id=79520]
  0x000002716762f7b0 ConcurrentGCThread "G1 Main Marker" [stack: 0x000000dc16200000,0x000000dc16300000] [id=70336]
  0x000002714f002b30 ConcurrentGCThread "G1 Conc#0" [stack: 0x000000dc16300000,0x000000dc16400000] [id=79208]
  0x00000271c7548c50 ConcurrentGCThread "G1 Conc#1" [stack: 0x000000dc19f00000,0x000000dc1a000000] [id=13824]
  0x00000271c7547910 ConcurrentGCThread "G1 Conc#2" [stack: 0x000000dc1a000000,0x000000dc1a100000] [id=36832]
  0x00000271c7549cd0 ConcurrentGCThread "G1 Conc#3" [stack: 0x000000dc1a100000,0x000000dc1a200000] [id=47308]
  0x00000271c7548f10 ConcurrentGCThread "G1 Conc#4" [stack: 0x000000dc1a200000,0x000000dc1a300000] [id=78952]
  0x00000271c754a7d0 ConcurrentGCThread "G1 Conc#5" [stack: 0x000000dc1a300000,0x000000dc1a400000] [id=34896]
  0x0000027167795470 ConcurrentGCThread "G1 Refine#0" [stack: 0x000000dc16400000,0x000000dc16500000] [id=79216]
  0x0000027167796870 ConcurrentGCThread "G1 Service" [stack: 0x000000dc16500000,0x000000dc16600000] [id=79220]

Threads with active compile tasks:
C1 CompilerThread0    13480 9324       3       net.minecraftforge.fml.common.asm.ObjectHolderDefinalize::processClassWithFlags (107 bytes)
C2 CompilerThread1    13480 9273       4       org.objectweb.asm.MethodWriter::computeAllFrames (510 bytes)
C2 CompilerThread2    13480 9318       4       org.objectweb.asm.Attribute::putAttributes (78 bytes)
C2 CompilerThread3    13480 9274       4       org.objectweb.asm.Frame::execute (2303 bytes)
C2 CompilerThread5    13481 9311       4       org.objectweb.asm.ClassReader::computeImplicitFrame (375 bytes)
C2 CompilerThread6    13481 9291       4       org.objectweb.asm.tree.MethodNode::accept (874 bytes)
C2 CompilerThread7    13481 9134 %     4       org.objectweb.asm.ClassReader::readCode @ 1561 (5117 bytes)
C1 CompilerThread1    13481 9327       3       net.minecraftforge.fml.common.asm.RuntimeEnumExtender::processClassWithFlags (168 bytes)

VM state: not at safepoint (normal execution)

VM Mutex/Monitor currently owned by a thread: None

Heap address: 0x000000040d800000, size: 16168 MB, Compressed Oops mode: Zero based, Oop shift amount: 3

CDS archive(s) mapped at: [0x0000027180000000-0x0000027180bb0000-0x0000027180bb0000), size 12255232, SharedBaseAddress: 0x0000027180000000, ArchiveRelocationMode: 1.
Compressed class space mapped at: 0x0000027181000000-0x00000271c1000000, reserved size: 1073741824
Narrow klass base: 0x0000027180000000, Narrow klass shift: 0, Narrow klass range: 0x100000000

GC Precious Log:
 CPUs: 32 total, 32 available
 Memory: 64650M
 Large Page Support: Disabled
 NUMA Support: Disabled
 Compressed Oops: Enabled (Zero based)
 Heap Region Size: 8M
 Heap Min Capacity: 8M
 Heap Initial Capacity: 1016M
 Heap Max Capacity: 16168M
 Pre-touch: Disabled
 Parallel Workers: 23
 Concurrent Workers: 6
 Concurrent Refinement Workers: 23
 Periodic GC: Disabled

Heap:
 garbage-first heap   total 442368K, used 233342K [0x000000040d800000, 0x0000000800000000)
  region size 8192K, 16 young (131072K), 3 survivors (24576K)
 Metaspace       used 42238K, committed 43456K, reserved 1114112K
  class space    used 4950K, committed 5504K, reserved 1048576K

Heap Regions: E=young(eden), S=young(survivor), O=old, HS=humongous(starts), HC=humongous(continues), CS=collection set, F=free, OA=open archive, CA=closed archive, TAMS=top-at-mark-start (previous, next)
|   0|0x000000040d800000, 0x000000040e000000, 0x000000040e000000|100%| O|  |TAMS 0x000000040e000000, 0x000000040d800000| Untracked 
|   1|0x000000040e000000, 0x000000040e000000, 0x000000040e800000|  0%| F|  |TAMS 0x000000040e000000, 0x000000040e000000| Untracked 
|   2|0x000000040e800000, 0x000000040f000000, 0x000000040f000000|100%| O|  |TAMS 0x000000040f000000, 0x000000040e800000| Untracked 
|   3|0x000000040f000000, 0x000000040f800000, 0x000000040f800000|100%| O|  |TAMS 0x000000040f800000, 0x000000040f000000| Untracked 
|   4|0x000000040f800000, 0x0000000410000000, 0x0000000410000000|100%| O|  |TAMS 0x0000000410000000, 0x000000040f800000| Untracked 
|   5|0x0000000410000000, 0x0000000410800000, 0x0000000410800000|100%| O|  |TAMS 0x0000000410800000, 0x0000000410000000| Untracked 
|   6|0x0000000410800000, 0x0000000411000000, 0x0000000411000000|100%| O|  |TAMS 0x0000000411000000, 0x0000000410800000| Untracked 
|   7|0x0000000411000000, 0x0000000411800000, 0x0000000411800000|100%| O|  |TAMS 0x0000000411800000, 0x0000000411000000| Untracked 
|   8|0x0000000411800000, 0x0000000412000000, 0x0000000412000000|100%| O|  |TAMS 0x0000000412000000, 0x0000000411800000| Untracked 
|   9|0x0000000412000000, 0x0000000412800000, 0x0000000412800000|100%| O|  |TAMS 0x0000000412800000, 0x0000000412000000| Untracked 
|  10|0x0000000412800000, 0x0000000413000000, 0x0000000413000000|100%| O|  |TAMS 0x0000000413000000, 0x0000000412800000| Untracked 
|  11|0x0000000413000000, 0x0000000413800000, 0x0000000413800000|100%| O|  |TAMS 0x0000000413800000, 0x0000000413000000| Untracked 
|  12|0x0000000413800000, 0x0000000413d06c00, 0x0000000414000000| 62%| O|  |TAMS 0x000000041388ac00, 0x0000000413800000| Untracked 
|  13|0x0000000414000000, 0x0000000414800000, 0x0000000414800000|100%|HS|  |TAMS 0x0000000414000000, 0x0000000414000000| Complete 
|  14|0x0000000414800000, 0x0000000415000000, 0x0000000415000000|100%|HC|  |TAMS 0x0000000414800000, 0x0000000414800000| Complete 
|  15|0x0000000415000000, 0x0000000415000000, 0x0000000415800000|  0%| F|  |TAMS 0x0000000415000000, 0x0000000415000000| Untracked 
|  16|0x0000000415800000, 0x0000000415800000, 0x0000000416000000|  0%| F|  |TAMS 0x0000000415800000, 0x0000000415800000| Untracked 
|  17|0x0000000416000000, 0x0000000416000000, 0x0000000416800000|  0%| F|  |TAMS 0x0000000416000000, 0x0000000416000000| Untracked 
|  18|0x0000000416800000, 0x0000000416800000, 0x0000000417000000|  0%| F|  |TAMS 0x0000000416800000, 0x0000000416800000| Untracked 
|  19|0x0000000417000000, 0x0000000417000000, 0x0000000417800000|  0%| F|  |TAMS 0x0000000417000000, 0x0000000417000000| Untracked 
|  20|0x0000000417800000, 0x0000000417800000, 0x0000000418000000|  0%| F|  |TAMS 0x0000000417800000, 0x0000000417800000| Untracked 
|  21|0x0000000418000000, 0x0000000418000000, 0x0000000418800000|  0%| F|  |TAMS 0x0000000418000000, 0x0000000418000000| Untracked 
|  22|0x0000000418800000, 0x0000000418800000, 0x0000000419000000|  0%| F|  |TAMS 0x0000000418800000, 0x0000000418800000| Untracked 
|  23|0x0000000419000000, 0x0000000419000000, 0x0000000419800000|  0%| F|  |TAMS 0x0000000419000000, 0x0000000419000000| Untracked 
|  24|0x0000000419800000, 0x0000000419800000, 0x000000041a000000|  0%| F|  |TAMS 0x0000000419800000, 0x0000000419800000| Untracked 
|  25|0x000000041a000000, 0x000000041a000000, 0x000000041a800000|  0%| F|  |TAMS 0x000000041a000000, 0x000000041a000000| Untracked 
|  26|0x000000041a800000, 0x000000041a800000, 0x000000041b000000|  0%| F|  |TAMS 0x000000041a800000, 0x000000041a800000| Untracked 
|  27|0x000000041b000000, 0x000000041b000000, 0x000000041b800000|  0%| F|  |TAMS 0x000000041b000000, 0x000000041b000000| Untracked 
|  28|0x000000041b800000, 0x000000041b800000, 0x000000041c000000|  0%| F|  |TAMS 0x000000041b800000, 0x000000041b800000| Untracked 
|  29|0x000000041c000000, 0x000000041c000000, 0x000000041c800000|  0%| F|  |TAMS 0x000000041c000000, 0x000000041c000000| Untracked 
|  30|0x000000041c800000, 0x000000041c800000, 0x000000041d000000|  0%| F|  |TAMS 0x000000041c800000, 0x000000041c800000| Untracked 
|  31|0x000000041d000000, 0x000000041d000000, 0x000000041d800000|  0%| F|  |TAMS 0x000000041d000000, 0x000000041d000000| Untracked 
|  32|0x000000041d800000, 0x000000041d800000, 0x000000041e000000|  0%| F|  |TAMS 0x000000041d800000, 0x000000041d800000| Untracked 
|  33|0x000000041e000000, 0x000000041e000000, 0x000000041e800000|  0%| F|  |TAMS 0x000000041e000000, 0x000000041e000000| Untracked 
|  34|0x000000041e800000, 0x000000041e800000, 0x000000041f000000|  0%| F|  |TAMS 0x000000041e800000, 0x000000041e800000| Untracked 
|  35|0x000000041f000000, 0x000000041f000000, 0x000000041f800000|  0%| F|  |TAMS 0x000000041f000000, 0x000000041f000000| Untracked 
|  36|0x000000041f800000, 0x000000041f800000, 0x0000000420000000|  0%| F|  |TAMS 0x000000041f800000, 0x000000041f800000| Untracked 
|  37|0x0000000420000000, 0x0000000420000000, 0x0000000420800000|  0%| F|  |TAMS 0x0000000420000000, 0x0000000420000000| Untracked 
|  38|0x0000000420800000, 0x0000000420c12330, 0x0000000421000000| 50%| E|  |TAMS 0x0000000420800000, 0x0000000420800000| Complete 
|  39|0x0000000421000000, 0x0000000421800000, 0x0000000421800000|100%| E|CS|TAMS 0x0000000421000000, 0x0000000421000000| Complete 
|  40|0x0000000421800000, 0x0000000422000000, 0x0000000422000000|100%| E|CS|TAMS 0x0000000421800000, 0x0000000421800000| Complete 
|  41|0x0000000422000000, 0x0000000422800000, 0x0000000422800000|100%| E|CS|TAMS 0x0000000422000000, 0x0000000422000000| Complete 
|  42|0x0000000422800000, 0x0000000423000000, 0x0000000423000000|100%| E|CS|TAMS 0x0000000422800000, 0x0000000422800000| Complete 
|  43|0x0000000423000000, 0x0000000423800000, 0x0000000423800000|100%| E|CS|TAMS 0x0000000423000000, 0x0000000423000000| Complete 
|  44|0x0000000423800000, 0x0000000424000000, 0x0000000424000000|100%| E|CS|TAMS 0x0000000423800000, 0x0000000423800000| Complete 
|  45|0x0000000424000000, 0x0000000424800000, 0x0000000424800000|100%| E|CS|TAMS 0x0000000424000000, 0x0000000424000000| Complete 
|  46|0x0000000424800000, 0x0000000425000000, 0x0000000425000000|100%| E|CS|TAMS 0x0000000424800000, 0x0000000424800000| Complete 
|  47|0x0000000425000000, 0x0000000425800000, 0x0000000425800000|100%| E|CS|TAMS 0x0000000425000000, 0x0000000425000000| Complete 
|  48|0x0000000425800000, 0x0000000426000000, 0x0000000426000000|100%| E|CS|TAMS 0x0000000425800000, 0x0000000425800000| Complete 
|  49|0x0000000426000000, 0x0000000426800000, 0x0000000426800000|100%| E|CS|TAMS 0x0000000426000000, 0x0000000426000000| Complete 
|  50|0x0000000426800000, 0x0000000426ed8ef8, 0x0000000427000000| 85%| S|CS|TAMS 0x0000000426800000, 0x0000000426800000| Complete 
|  51|0x0000000427000000, 0x0000000427800000, 0x0000000427800000|100%| S|CS|TAMS 0x0000000427000000, 0x0000000427000000| Complete 
|  52|0x0000000427800000, 0x0000000428000000, 0x0000000428000000|100%| S|CS|TAMS 0x0000000427800000, 0x0000000427800000| Complete 
| 126|0x000000044c800000, 0x000000044d000000, 0x000000044d000000|100%| E|CS|TAMS 0x000000044c800000, 0x000000044c800000| Complete 

Card table byte_map: [0x0000027169750000,0x000002716b6f0000] _byte_map_base: 0x00000271676e4000

Marking Bits (Prev, Next): (CMBitMap*) 0x000002716762eeb0, (CMBitMap*) 0x000002716762eef0
 Prev Bits: [0x000002716d690000, 0x000002717d330000)
 Next Bits: [0x0000027100000000, 0x000002710fca0000)

Polling page: 0x000002714d620000

Metaspace:

Usage:
  Non-class:     36.43 MB used.
      Class:      4.84 MB used.
       Both:     41.26 MB used.

Virtual space:
  Non-class space:       64.00 MB reserved,      37.12 MB ( 58%) committed,  1 nodes.
      Class space:        1.00 GB reserved,       5.38 MB ( <1%) committed,  1 nodes.
             Both:        1.06 GB reserved,      42.50 MB (  4%) committed. 

Chunk freelists:
   Non-Class:  10.55 MB
       Class:  10.66 MB
        Both:  21.20 MB

MaxMetaspaceSize: unlimited
CompressedClassSpaceSize: 1.00 GB
Initial GC threshold: 21.00 MB
Current GC threshold: 59.06 MB
CDS: on
MetaspaceReclaimPolicy: balanced
 - commit_granule_bytes: 65536.
 - commit_granule_words: 8192.
 - virtual_space_node_default_size: 8388608.
 - enlarge_chunks_in_place: 1.
 - new_chunks_are_fully_committed: 0.
 - uncommit_free_chunks: 1.
 - use_allocation_guard: 0.
 - handle_deallocations: 1.


Internal statistics:

num_allocs_failed_limit: 6.
num_arena_births: 1838.
num_arena_deaths: 0.
num_vsnodes_births: 2.
num_vsnodes_deaths: 0.
num_space_committed: 677.
num_space_uncommitted: 0.
num_chunks_returned_to_freelist: 6.
num_chunks_taken_from_freelist: 3613.
num_chunk_merges: 6.
num_chunk_splits: 2257.
num_chunks_enlarged: 1281.
num_inconsistent_stats: 0.

CodeHeap 'non-profiled nmethods': size=118848Kb used=6048Kb max_used=6078Kb free=112799Kb
 bounds [0x000002715e700000, 0x000002715ecf0000, 0x0000027165b10000]
CodeHeap 'profiled nmethods': size=118848Kb used=12751Kb max_used=12948Kb free=106096Kb
 bounds [0x0000027156b10000, 0x00000271577d0000, 0x000002715df20000]
CodeHeap 'non-nmethods': size=8064Kb used=2393Kb max_used=4156Kb free=5670Kb
 bounds [0x000002715df20000, 0x000002715e340000, 0x000002715e700000]
 total_blobs=8577 nmethods=7276 adapters=1212
 compilation: enabled
              stopped_count=0, restarted_count=0
 full_count=0

Compilation events (20 events):
Event: 11.409 Thread 0x00000271c9721cf0 9306       3       org.objectweb.asm.tree.MethodNode::visitTypeAnnotation (49 bytes)
Event: 11.410 Thread 0x00000271c9721cf0 nmethod 9306 0x00000271574f1110 code [0x00000271574f1320, 0x00000271574f1a68]
Event: 11.412 Thread 0x00000271c59c6cb0 nmethod 9285 0x000002715e9ec990 code [0x000002715e9ecbc0, 0x000002715e9ee2b0]
Event: 11.414 Thread 0x00000271c59c6cb0 9292       4       org.objectweb.asm.SymbolTable::addConstant (314 bytes)
Event: 11.414 Thread 0x00000271c5a097d0 nmethod 9259 0x000002715e9e6f10 code [0x000002715e9e7280, 0x000002715e9ea5d8]
Event: 11.419 Thread 0x00000271c971c7f0 nmethod 9289 0x000002715e9e6090 code [0x000002715e9e6240, 0x000002715e9e6b88]
Event: 11.422 Thread 0x0000027110c4a420 nmethod 9271 0x000002715e9e3410 code [0x000002715e9e3660, 0x000002715e9e5460]
Event: 11.427 Thread 0x00000271c5a097d0 9307       4       org.objectweb.asm.AnnotationWriter::putAnnotations (67 bytes)
Event: 11.428 Thread 0x0000027110c4a940 9308       3       cpw.mods.modlauncher.api.TypesafeMap::get (19 bytes)
Event: 11.428 Thread 0x0000027110c4a940 nmethod 9308 0x00000271574f0690 code [0x00000271574f08a0, 0x00000271574f0e48]
Event: 11.430 Thread 0x00000271c5a097d0 nmethod 9307 0x000002715e9e2990 code [0x000002715e9e2ba0, 0x000002715e9e2f10]
Event: 11.432 Thread 0x0000027110c4a940 9309       3       org.spongepowered.asm.mixin.transformer.MixinInfo::getState (19 bytes)
Event: 11.432 Thread 0x0000027110c4a940 nmethod 9309 0x0000027157349790 code [0x0000027157349920, 0x0000027157349ab8]
Event: 11.445 Thread 0x00000271c9721cf0 9310       3       org.apache.logging.log4j.spi.AbstractLogger::logMessage (32 bytes)
Event: 11.445 Thread 0x00000271c9721cf0 nmethod 9310 0x0000027157516010 code [0x00000271575161e0, 0x00000271575164e8]
Event: 11.445 Thread 0x00000271c971c7f0 9311       4       org.objectweb.asm.ClassReader::computeImplicitFrame (375 bytes)
Event: 11.446 Thread 0x0000027110c4a940 9312       3       net.minecraftforge.accesstransformer.AccessTransformer$Modifier::firstBit (17 bytes)
Event: 11.447 Thread 0x0000027110c4a940 nmethod 9312 0x0000027157515b90 code [0x0000027157515d40, 0x0000027157515f68]
Event: 11.452 Thread 0x00000271c9721cf0 9313       3       java.util.regex.Pattern::qtype (39 bytes)
Event: 11.452 Thread 0x00000271c9721cf0 nmethod 9313 0x0000027157515610 code [0x00000271575157e0, 0x0000027157515a68]

GC Heap History (20 events):
Event: 4.451 GC heap before
{Heap before GC invocations=4 (full 0):
 garbage-first heap   total 1040384K, used 468035K [0x000000040d800000, 0x0000000800000000)
  region size 8192K, 56 young (458752K), 2 survivors (16384K)
 Metaspace       used 21072K, committed 21504K, reserved 1114112K
  class space    used 2401K, committed 2624K, reserved 1048576K
}
Event: 4.466 GC heap after
{Heap after GC invocations=5 (full 0):
 garbage-first heap   total 1040384K, used 77187K [0x000000040d800000, 0x0000000800000000)
  region size 8192K, 8 young (65536K), 8 survivors (65536K)
 Metaspace       used 21072K, committed 21504K, reserved 1114112K
  class space    used 2401K, committed 2624K, reserved 1048576K
}
Event: 5.211 GC heap before
{Heap before GC invocations=6 (full 0):
 garbage-first heap   total 303104K, used 191875K [0x000000040d800000, 0x0000000800000000)
  region size 8192K, 22 young (180224K), 8 survivors (65536K)
 Metaspace       used 27006K, committed 27776K, reserved 1114112K
  class space    used 3185K, committed 3520K, reserved 1048576K
}
Event: 5.236 GC heap after
{Heap after GC invocations=7 (full 0):
 garbage-first heap   total 303104K, used 91345K [0x000000040d800000, 0x0000000800000000)
  region size 8192K, 2 young (16384K), 2 survivors (16384K)
 Metaspace       used 27006K, committed 27776K, reserved 1114112K
  class space    used 3185K, committed 3520K, reserved 1048576K
}
Event: 5.258 GC heap before
{Heap before GC invocations=7 (full 0):
 garbage-first heap   total 303104K, used 99537K [0x000000040d800000, 0x0000000800000000)
  region size 8192K, 3 young (24576K), 2 survivors (16384K)
 Metaspace       used 27081K, committed 27840K, reserved 1114112K
  class space    used 3194K, committed 3520K, reserved 1048576K
}
Event: 5.262 GC heap after
{Heap after GC invocations=8 (full 0):
 garbage-first heap   total 303104K, used 93238K [0x000000040d800000, 0x0000000800000000)
  region size 8192K, 1 young (8192K), 1 survivors (8192K)
 Metaspace       used 27081K, committed 27840K, reserved 1114112K
  class space    used 3194K, committed 3520K, reserved 1048576K
}
Event: 5.422 GC heap before
{Heap before GC invocations=8 (full 0):
 garbage-first heap   total 303104K, used 191542K [0x000000040d800000, 0x0000000800000000)
  region size 8192K, 13 young (106496K), 1 survivors (8192K)
 Metaspace       used 28357K, committed 29120K, reserved 1114112K
  class space    used 3338K, committed 3712K, reserved 1048576K
}
Event: 5.424 GC heap after
{Heap after GC invocations=9 (full 0):
 garbage-first heap   total 507904K, used 92477K [0x000000040d800000, 0x0000000800000000)
  region size 8192K, 1 young (8192K), 1 survivors (8192K)
 Metaspace       used 28357K, committed 29120K, reserved 1114112K
  class space    used 3338K, committed 3712K, reserved 1048576K
}
Event: 5.945 GC heap before
{Heap before GC invocations=9 (full 0):
 garbage-first heap   total 507904K, used 371005K [0x000000040d800000, 0x0000000800000000)
  region size 8192K, 35 young (286720K), 1 survivors (8192K)
 Metaspace       used 30311K, committed 31232K, reserved 1114112K
  class space    used 3544K, committed 3968K, reserved 1048576K
}
Event: 5.948 GC heap after
{Heap after GC invocations=10 (full 0):
 garbage-first heap   total 507904K, used 95509K [0x000000040d800000, 0x0000000800000000)
  region size 8192K, 1 young (8192K), 1 survivors (8192K)
 Metaspace       used 30311K, committed 31232K, reserved 1114112K
  class space    used 3544K, committed 3968K, reserved 1048576K
}
Event: 6.435 GC heap before
{Heap before GC invocations=10 (full 0):
 garbage-first heap   total 507904K, used 382229K [0x000000040d800000, 0x0000000800000000)
  region size 8192K, 36 young (294912K), 1 survivors (8192K)
 Metaspace       used 30678K, committed 31616K, reserved 1114112K
  class space    used 3609K, committed 4032K, reserved 1048576K
}
Event: 6.438 GC heap after
{Heap after GC invocations=11 (full 0):
 garbage-first heap   total 507904K, used 98859K [0x000000040d800000, 0x0000000800000000)
  region size 8192K, 1 young (8192K), 1 survivors (8192K)
 Metaspace       used 30678K, committed 31616K, reserved 1114112K
  class space    used 3609K, committed 4032K, reserved 1048576K
}
Event: 6.923 GC heap before
{Heap before GC invocations=11 (full 0):
 garbage-first heap   total 507904K, used 393771K [0x000000040d800000, 0x0000000800000000)
  region size 8192K, 37 young (303104K), 1 survivors (8192K)
 Metaspace       used 30682K, committed 31616K, reserved 1114112K
  class space    used 3609K, committed 4032K, reserved 1048576K
}
Event: 6.926 GC heap after
{Heap after GC invocations=12 (full 0):
 garbage-first heap   total 507904K, used 101064K [0x000000040d800000, 0x0000000800000000)
  region size 8192K, 2 young (16384K), 2 survivors (16384K)
 Metaspace       used 30682K, committed 31616K, reserved 1114112K
  class space    used 3609K, committed 4032K, reserved 1048576K
}
Event: 7.819 GC heap before
{Heap before GC invocations=12 (full 0):
 garbage-first heap   total 507904K, used 387784K [0x000000040d800000, 0x0000000800000000)
  region size 8192K, 37 young (303104K), 2 survivors (16384K)
 Metaspace       used 31247K, committed 32256K, reserved 1114112K
  class space    used 3675K, committed 4096K, reserved 1048576K
}
Event: 7.822 GC heap after
{Heap after GC invocations=13 (full 0):
 garbage-first heap   total 507904K, used 104217K [0x000000040d800000, 0x0000000800000000)
  region size 8192K, 2 young (16384K), 2 survivors (16384K)
 Metaspace       used 31247K, committed 32256K, reserved 1114112K
  class space    used 3675K, committed 4096K, reserved 1048576K
}
Event: 8.608 GC heap before
{Heap before GC invocations=13 (full 0):
 garbage-first heap   total 507904K, used 390937K [0x000000040d800000, 0x0000000800000000)
  region size 8192K, 37 young (303104K), 2 survivors (16384K)
 Metaspace       used 33122K, committed 34240K, reserved 1114112K
  class space    used 3892K, committed 4352K, reserved 1048576K
}
Event: 8.615 GC heap after
{Heap after GC invocations=14 (full 0):
 garbage-first heap   total 507904K, used 115869K [0x000000040d800000, 0x0000000800000000)
  region size 8192K, 4 young (32768K), 4 survivors (32768K)
 Metaspace       used 33122K, committed 34240K, reserved 1114112K
  class space    used 3892K, committed 4352K, reserved 1048576K
}
Event: 9.413 GC heap before
{Heap before GC invocations=14 (full 0):
 garbage-first heap   total 507904K, used 181405K [0x000000040d800000, 0x0000000800000000)
  region size 8192K, 13 young (106496K), 4 survivors (32768K)
 Metaspace       used 34978K, committed 36096K, reserved 1114112K
  class space    used 4093K, committed 4608K, reserved 1048576K
}
Event: 9.419 GC heap after
{Heap after GC invocations=15 (full 0):
 garbage-first heap   total 507904K, used 118654K [0x000000040d800000, 0x0000000800000000)
  region size 8192K, 3 young (24576K), 3 survivors (24576K)
 Metaspace       used 34978K, committed 36096K, reserved 1114112K
  class space    used 4093K, committed 4608K, reserved 1048576K
}

Dll operation events (13 events):
Event: 0.007 Loaded shared library C:\Users\paulm\.jdks\temurin-17.0.14\bin\java.dll
Event: 0.019 Loaded shared library C:\Users\paulm\.jdks\temurin-17.0.14\bin\jsvml.dll
Event: 0.138 Loaded shared library C:\Users\paulm\.jdks\temurin-17.0.14\bin\net.dll
Event: 0.139 Loaded shared library C:\Users\paulm\.jdks\temurin-17.0.14\bin\nio.dll
Event: 0.141 Loaded shared library C:\Users\paulm\.jdks\temurin-17.0.14\bin\zip.dll
Event: 0.188 Loaded shared library C:\Users\paulm\.jdks\temurin-17.0.14\bin\jimage.dll
Event: 0.488 Loaded shared library C:\Users\paulm\.jdks\temurin-17.0.14\bin\verify.dll
Event: 2.279 Loaded shared library C:\Users\paulm\.jdks\temurin-17.0.14\bin\management.dll
Event: 2.281 Loaded shared library C:\Users\paulm\.jdks\temurin-17.0.14\bin\management_ext.dll
Event: 3.109 Loaded shared library C:\Users\paulm\AppData\Local\Temp\lwjglpaulm\3.3.1-build-7\lwjgl.dll
Event: 3.630 Loaded shared library C:\Users\paulm\AppData\Local\Temp\lwjglpaulm\3.3.1-build-7\lwjgl_opengl.dll
Event: 3.712 Loaded shared library C:\Users\paulm\AppData\Local\Temp\lwjglpaulm\3.3.1-build-7\lwjgl_stb.dll
Event: 9.980 Loaded shared library C:\Users\paulm\AppData\Local\Temp\jna-106439973\jna1896691575101603031.dll

Deoptimization events (20 events):
Event: 11.271 Thread 0x00000271ca335e90 DEOPT PACKING pc=0x0000027156eda9c3 sp=0x000000dc170fc970
Event: 11.271 Thread 0x00000271ca335e90 DEOPT UNPACKING pc=0x000002715df7ace3 sp=0x000000dc170fbe10 mode 0
Event: 11.294 Thread 0x00000271ca335e90 Uncommon trap: trap_request=0xffffff45 fr.pc=0x000002715ea51f18 relative=0x00000000000072d8
Event: 11.294 Thread 0x00000271ca335e90 Uncommon trap: reason=unstable_if action=reinterpret pc=0x000002715ea51f18 method=org.objectweb.asm.Frame.execute(IILorg/objectweb/asm/Symbol;Lorg/objectweb/asm/SymbolTable;)V @ 1 c2
Event: 11.294 Thread 0x00000271ca335e90 DEOPT PACKING pc=0x000002715ea51f18 sp=0x000000dc170fbe70
Event: 11.294 Thread 0x00000271ca335e90 DEOPT UNPACKING pc=0x000002715df7a1a3 sp=0x000000dc170fbe28 mode 2
Event: 11.343 Thread 0x00000271ca335e90 Uncommon trap: trap_request=0xffffffc6 fr.pc=0x000002715eccfcb0 relative=0x0000000000007c90
Event: 11.343 Thread 0x00000271ca335e90 Uncommon trap: reason=bimorphic_or_optimized_type_check action=maybe_recompile pc=0x000002715eccfcb0 method=org.objectweb.asm.ClassReader.readMethod(Lorg/objectweb/asm/ClassVisitor;Lorg/objectweb/asm/Context;I)I @ 523 c2
Event: 11.343 Thread 0x00000271ca335e90 DEOPT PACKING pc=0x000002715eccfcb0 sp=0x000000dc170f7b50
Event: 11.343 Thread 0x00000271ca335e90 DEOPT UNPACKING pc=0x000002715df7a1a3 sp=0x000000dc170f7af0 mode 2
Event: 11.343 Thread 0x00000271ca335e90 Uncommon trap: trap_request=0xffffff45 fr.pc=0x000002715ecceafc relative=0x0000000000006adc
Event: 11.343 Thread 0x00000271ca335e90 Uncommon trap: reason=unstable_if action=reinterpret pc=0x000002715ecceafc method=org.objectweb.asm.ClassReader.readMethod(Lorg/objectweb/asm/ClassVisitor;Lorg/objectweb/asm/Context;I)I @ 151 c2
Event: 11.343 Thread 0x00000271ca335e90 DEOPT PACKING pc=0x000002715ecceafc sp=0x000000dc170f7b50
Event: 11.343 Thread 0x00000271ca335e90 DEOPT UNPACKING pc=0x000002715df7a1a3 sp=0x000000dc170f7b18 mode 2
Event: 11.349 Thread 0x00000271ca335e90 DEOPT PACKING pc=0x00000271576de985 sp=0x000000dc170f70d0
Event: 11.349 Thread 0x00000271ca335e90 DEOPT UNPACKING pc=0x000002715df7ace3 sp=0x000000dc170f65e0 mode 0
Event: 11.388 Thread 0x00000271ca335e90 Uncommon trap: trap_request=0xffffffc6 fr.pc=0x000002715eb088e4 relative=0x0000000000009444
Event: 11.388 Thread 0x00000271ca335e90 Uncommon trap: reason=bimorphic_or_optimized_type_check action=maybe_recompile pc=0x000002715eb088e4 method=org.objectweb.asm.ClassReader.accept(Lorg/objectweb/asm/ClassVisitor;[Lorg/objectweb/asm/Attribute;I)V @ 743 c2
Event: 11.388 Thread 0x00000271ca335e90 DEOPT PACKING pc=0x000002715eb088e4 sp=0x000000dc170f8710
Event: 11.388 Thread 0x00000271ca335e90 DEOPT UNPACKING pc=0x000002715df7a1a3 sp=0x000000dc170f8690 mode 2

Classes loaded (20 events):
Event: 10.165 Loading class jdk/internal/reflect/UnsafeDoubleFieldAccessorImpl
Event: 10.165 Loading class jdk/internal/reflect/UnsafeDoubleFieldAccessorImpl done
Event: 10.317 Loading class sun/nio/cs/UTF_16LE$Decoder
Event: 10.317 Loading class sun/nio/cs/UnicodeDecoder
Event: 10.317 Loading class sun/nio/cs/UnicodeDecoder done
Event: 10.317 Loading class sun/nio/cs/UTF_16LE$Decoder done
Event: 11.215 Loading class jdk/internal/reflect/UnsafeLongFieldAccessorImpl
Event: 11.215 Loading class jdk/internal/reflect/UnsafeLongFieldAccessorImpl done
Event: 11.219 Loading class java/time/ZonedDateTime$1
Event: 11.219 Loading class java/time/ZonedDateTime$1 done
Event: 11.227 Loading class jdk/internal/loader/BootLoader$PackageHelper
Event: 11.227 Loading class jdk/internal/loader/BootLoader$PackageHelper done
Event: 11.235 Loading class java/util/Collections$SynchronizedRandomAccessList
Event: 11.235 Loading class java/util/Collections$SynchronizedList
Event: 11.235 Loading class java/util/Collections$SynchronizedList done
Event: 11.235 Loading class java/util/Collections$SynchronizedRandomAccessList done
Event: 11.255 Loading class java/util/concurrent/atomic/AtomicReferenceArray
Event: 11.255 Loading class java/util/concurrent/atomic/AtomicReferenceArray done
Event: 11.400 Loading class java/util/PrimitiveIterator$OfInt
Event: 11.400 Loading class java/util/PrimitiveIterator$OfInt done

Classes unloaded (0 events):
No events

Classes redefined (0 events):
No events

Internal exceptions (20 events):
Event: 10.123 Thread 0x000002714ef811f0 Exception <a 'java/lang/UnsatisfiedLinkError'{0x0000000424ea1b38}: Die angegebene Prozedur wurde nicht gefunden.
> (0x0000000424ea1b38) 
thrown [s\src\hotspot\share\prims\jni.cpp, line 535]
Event: 10.183 Thread 0x000002714ef811f0 Exception <a 'java/lang/UnsatisfiedLinkError'{0x00000004240e9050}: Die angegebene Prozedur wurde nicht gefunden.
> (0x00000004240e9050) 
thrown [s\src\hotspot\share\prims\jni.cpp, line 535]
Event: 10.196 Thread 0x000002714ef811f0 Exception <a 'java/lang/UnsatisfiedLinkError'{0x00000004240faf00}: Die angegebene Prozedur wurde nicht gefunden.
> (0x00000004240faf00) 
thrown [s\src\hotspot\share\prims\jni.cpp, line 535]
Event: 10.197 Thread 0x000002714ef811f0 Exception <a 'java/lang/UnsatisfiedLinkError'{0x00000004240fc4f8}: Die angegebene Prozedur wurde nicht gefunden.
> (0x00000004240fc4f8) 
thrown [s\src\hotspot\share\prims\jni.cpp, line 535]
Event: 10.314 Thread 0x000002714ef811f0 Implicit null exception at 0x000002715eb190f3 to 0x000002715eb19c4c
Event: 10.318 Thread 0x000002714ef811f0 Exception <a 'java/lang/UnsatisfiedLinkError'{0x0000000424135cb0}: Die angegebene Prozedur wurde nicht gefunden.
> (0x0000000424135cb0) 
thrown [s\src\hotspot\share\prims\jni.cpp, line 535]
Event: 10.319 Thread 0x000002714ef811f0 Exception <a 'java/lang/UnsatisfiedLinkError'{0x000000042413ea78}: Die angegebene Prozedur wurde nicht gefunden.
> (0x000000042413ea78) 
thrown [s\src\hotspot\share\prims\jni.cpp, line 535]
Event: 10.344 Thread 0x000002714ef811f0 Exception <a 'java/lang/UnsatisfiedLinkError'{0x00000004243abee0}: Die angegebene Prozedur wurde nicht gefunden.
> (0x00000004243abee0) 
thrown [s\src\hotspot\share\prims\jni.cpp, line 535]
Event: 10.350 Thread 0x000002714ef811f0 Exception <a 'java/lang/UnsatisfiedLinkError'{0x00000004243dcec8}: Die angegebene Prozedur wurde nicht gefunden.
> (0x00000004243dcec8) 
thrown [s\src\hotspot\share\prims\jni.cpp, line 535]
Event: 10.376 Thread 0x000002714ef811f0 Exception <a 'sun/nio/fs/WindowsException'{0x000000042445a710}> (0x000000042445a710) 
thrown [s\src\hotspot\share\prims\jni.cpp, line 516]
Event: 10.376 Thread 0x000002714ef811f0 Exception <a 'sun/nio/fs/WindowsException'{0x000000042445bc60}> (0x000000042445bc60) 
thrown [s\src\hotspot\share\prims\jni.cpp, line 516]
Event: 10.543 Thread 0x000002714ef811f0 Exception <a 'java/lang/UnsatisfiedLinkError'{0x0000000424710ea8}: Die angegebene Prozedur wurde nicht gefunden.
> (0x0000000424710ea8) 
thrown [s\src\hotspot\share\prims\jni.cpp, line 535]
Event: 10.608 Thread 0x000002714ef811f0 Implicit null exception at 0x000002715eb9532e to 0x000002715eb965e8
Event: 10.608 Thread 0x000002714ef811f0 Implicit null exception at 0x000002715e899742 to 0x000002715e89a7c4
Event: 11.214 Thread 0x000002714ef811f0 Exception <a 'java/lang/UnsatisfiedLinkError'{0x00000004247f0430}: Die angegebene Prozedur wurde nicht gefunden.
> (0x00000004247f0430) 
thrown [s\src\hotspot\share\prims\jni.cpp, line 535]
Event: 11.215 Thread 0x000002714ef811f0 Exception <a 'java/lang/UnsatisfiedLinkError'{0x00000004247f7e80}: Die angegebene Prozedur wurde nicht gefunden.
> (0x00000004247f7e80) 
thrown [s\src\hotspot\share\prims\jni.cpp, line 535]
Event: 11.215 Thread 0x000002714ef811f0 Exception <a 'java/lang/UnsatisfiedLinkError'{0x00000004247f9390}: Die angegebene Prozedur wurde nicht gefunden.
> (0x00000004247f9390) 
thrown [s\src\hotspot\share\prims\jni.cpp, line 535]
Event: 11.215 Thread 0x000002714ef811f0 Exception <a 'java/lang/UnsatisfiedLinkError'{0x00000004247fa5d0}: Die angegebene Prozedur wurde nicht gefunden.
> (0x00000004247fa5d0) 
thrown [s\src\hotspot\share\prims\jni.cpp, line 535]
Event: 11.267 Thread 0x00000271ca335e90 Implicit null exception at 0x000002715ec1f0c8 to 0x000002715ec1f444
Event: 11.268 Thread 0x00000271ca335e90 Exception <a 'java/lang/NoSuchMethodError'{0x0000000423112928}: 'int java.lang.invoke.Invokers$Holder.linkToTargetMethod(java.lang.Object, java.lang.Object, java.lang.Object)'> (0x0000000423112928) 
thrown [s\src\hotspot\share\interpreter\linkResolver.cpp, line 759]

VM Operations (20 events):
Event: 9.642 Executing VM operation: HandshakeAllThreads done
Event: 9.662 Executing VM operation: HandshakeAllThreads
Event: 9.662 Executing VM operation: HandshakeAllThreads done
Event: 9.756 Executing VM operation: HandshakeAllThreads
Event: 9.756 Executing VM operation: HandshakeAllThreads done
Event: 10.002 Executing VM operation: HandshakeAllThreads
Event: 10.002 Executing VM operation: HandshakeAllThreads done
Event: 10.094 Executing VM operation: HandshakeAllThreads
Event: 10.094 Executing VM operation: HandshakeAllThreads done
Event: 10.138 Executing VM operation: HandshakeAllThreads
Event: 10.139 Executing VM operation: HandshakeAllThreads done
Event: 10.180 Executing VM operation: ICBufferFull
Event: 10.181 Executing VM operation: ICBufferFull done
Event: 10.318 Executing VM operation: HandshakeAllThreads
Event: 10.318 Executing VM operation: HandshakeAllThreads done
Event: 11.238 Executing VM operation: HandshakeAllThreads
Event: 11.238 Executing VM operation: HandshakeAllThreads done
Event: 11.238 Executing VM operation: Cleanup
Event: 11.238 Executing VM operation: Cleanup done
Event: 12.249 Executing VM operation: Cleanup

Memory protections (0 events):
No events

Nmethod flushes (20 events):
Event: 9.675 Thread 0x0000027110c4f280 flushing  nmethod 0x0000027157643110
Event: 9.675 Thread 0x0000027110c4f280 flushing  nmethod 0x0000027157643d10
Event: 9.675 Thread 0x0000027110c4f280 flushing  nmethod 0x0000027157644210
Event: 9.675 Thread 0x0000027110c4f280 flushing  nmethod 0x0000027157644c10
Event: 9.675 Thread 0x0000027110c4f280 flushing  nmethod 0x0000027157645c10
Event: 9.675 Thread 0x0000027110c4f280 flushing  nmethod 0x0000027157647610
Event: 9.675 Thread 0x0000027110c4f280 flushing  nmethod 0x0000027157647a10
Event: 9.675 Thread 0x0000027110c4f280 flushing  nmethod 0x0000027157681410
Event: 9.675 Thread 0x0000027110c4f280 flushing  nmethod 0x0000027157683890
Event: 9.675 Thread 0x0000027110c4f280 flushing  nmethod 0x00000271576b2610
Event: 9.675 Thread 0x0000027110c4f280 flushing  nmethod 0x00000271576b2b10
Event: 9.675 Thread 0x0000027110c4f280 flushing  nmethod 0x00000271576b4c10
Event: 9.675 Thread 0x0000027110c4f280 flushing  nmethod 0x00000271576e2a90
Event: 9.675 Thread 0x0000027110c4f280 flushing  nmethod 0x00000271576e3410
Event: 9.675 Thread 0x0000027110c4f280 flushing  nmethod 0x00000271576ea910
Event: 9.676 Thread 0x0000027110c4f280 flushing  nmethod 0x00000271576f2d90
Event: 9.676 Thread 0x0000027110c4f280 flushing osr nmethod 0x00000271576f4c10
Event: 9.676 Thread 0x0000027110c4f280 flushing  nmethod 0x0000027157708610
Event: 9.676 Thread 0x0000027110c4f280 flushing  nmethod 0x0000027157710a10
Event: 9.676 Thread 0x0000027110c4f280 flushing  nmethod 0x0000027157710e10

Events (20 events):
Event: 7.364 Thread 0x00000271c8213c30 Thread exited: 0x00000271c8213c30
Event: 7.364 Thread 0x00000271c8214180 Thread exited: 0x00000271c8214180
Event: 7.364 Thread 0x00000271c8212c40 Thread exited: 0x00000271c8212c40
Event: 7.368 Thread 0x00000271c82126f0 Thread exited: 0x00000271c82126f0
Event: 7.489 Thread 0x00000271c8213190 Thread exited: 0x00000271c8213190
Event: 7.682 Thread 0x00000271c5616fa0 Thread added: 0x00000271c971c7f0
Event: 7.682 Thread 0x00000271c5616fa0 Thread added: 0x00000271c971d290
Event: 7.722 Thread 0x00000271c5616fa0 Thread added: 0x00000271c971d7e0
Event: 7.725 Thread 0x0000027110cf6ba0 Thread added: 0x00000271c971e7d0
Event: 7.729 Thread 0x0000027110cf6ba0 Thread added: 0x00000271c971ed20
Event: 7.736 Thread 0x0000027110c4a940 Thread added: 0x00000271c971b2b0
Event: 9.998 Thread 0x000002714ef811f0 Thread added: 0x00000271c792f1f0
Event: 10.314 Thread 0x00000271c971b2b0 Thread exited: 0x00000271c971b2b0
Event: 10.315 Thread 0x00000271c971ed20 Thread exited: 0x00000271c971ed20
Event: 11.218 Thread 0x00000271c971e7d0 Thread exited: 0x00000271c971e7d0
Event: 11.221 Thread 0x00000271c56178d0 Thread exited: 0x00000271c56178d0
Event: 11.221 Thread 0x00000271c5616fa0 Thread exited: 0x00000271c5616fa0
Event: 11.221 Thread 0x0000027110cf6ba0 Thread exited: 0x0000027110cf6ba0
Event: 11.239 Thread 0x000002714ef811f0 Thread added: 0x00000271ca335e90
Event: 11.280 Thread 0x00000271c5a06030 Thread added: 0x00000271c9721cf0


Dynamic libraries:
0x00007ff651440000 - 0x00007ff65144e000 	C:\Users\paulm\.jdks\temurin-17.0.14\bin\java.exe
0x00007ff8fc8e0000 - 0x00007ff8fcb40000 	C:\WINDOWS\SYSTEM32\ntdll.dll
0x00007ff8fb6c0000 - 0x00007ff8fb787000 	C:\WINDOWS\System32\KERNEL32.DLL
0x00007ff8f9d70000 - 0x00007ff8fa13a000 	C:\WINDOWS\System32\KERNELBASE.dll
0x00007ff8fa560000 - 0x00007ff8fa6ab000 	C:\WINDOWS\System32\ucrtbase.dll
0x00007ff8f4510000 - 0x00007ff8f452e000 	C:\Users\paulm\.jdks\temurin-17.0.14\bin\VCRUNTIME140.dll
0x00007ff8d40f0000 - 0x00007ff8d4107000 	C:\Users\paulm\.jdks\temurin-17.0.14\bin\jli.dll
0x00007ff8fac40000 - 0x00007ff8fae0c000 	C:\WINDOWS\System32\USER32.dll
0x00007ff8fa6b0000 - 0x00007ff8fa6d7000 	C:\WINDOWS\System32\win32u.dll
0x00007ff8d4b90000 - 0x00007ff8d4e27000 	C:\WINDOWS\WinSxS\amd64_microsoft.windows.common-controls_6595b64144ccf1df_6.0.26100.3624_none_3e086962e3345f24\COMCTL32.dll
0x00007ff8fb790000 - 0x00007ff8fb7ba000 	C:\WINDOWS\System32\GDI32.dll
0x00007ff8fa6f0000 - 0x00007ff8fa799000 	C:\WINDOWS\System32\msvcrt.dll
0x00007ff8f9c30000 - 0x00007ff8f9d61000 	C:\WINDOWS\System32\gdi32full.dll
0x00007ff8f9ac0000 - 0x00007ff8f9b63000 	C:\WINDOWS\System32\msvcp_win.dll
0x00007ff8fae80000 - 0x00007ff8faeaf000 	C:\WINDOWS\System32\IMM32.DLL
0x00007ff8c6c50000 - 0x00007ff8c6c5c000 	C:\Users\paulm\.jdks\temurin-17.0.14\bin\vcruntime140_1.dll
0x00007ff89dd80000 - 0x00007ff89de0d000 	C:\Users\paulm\.jdks\temurin-17.0.14\bin\msvcp140.dll
0x00007fffde880000 - 0x00007fffdf4eb000 	C:\Users\paulm\.jdks\temurin-17.0.14\bin\server\jvm.dll
0x00007ff8fb5f0000 - 0x00007ff8fb6a2000 	C:\WINDOWS\System32\ADVAPI32.dll
0x00007ff8fa800000 - 0x00007ff8fa8a6000 	C:\WINDOWS\System32\sechost.dll
0x00007ff8fa8b0000 - 0x00007ff8fa9c6000 	C:\WINDOWS\System32\RPCRT4.dll
0x00007ff8fc6c0000 - 0x00007ff8fc734000 	C:\WINDOWS\System32\WS2_32.dll
0x00007ff8f8a80000 - 0x00007ff8f8ade000 	C:\WINDOWS\SYSTEM32\POWRPROF.dll
0x00007ff8f2890000 - 0x00007ff8f289b000 	C:\WINDOWS\SYSTEM32\VERSION.dll
0x00007ff8f2750000 - 0x00007ff8f2786000 	C:\WINDOWS\SYSTEM32\WINMM.dll
0x00007ff8f8960000 - 0x00007ff8f8974000 	C:\WINDOWS\SYSTEM32\UMPDC.dll
0x00007ff8f8940000 - 0x00007ff8f895a000 	C:\WINDOWS\SYSTEM32\kernel.appcore.dll
0x00007ff8c6c40000 - 0x00007ff8c6c4a000 	C:\Users\paulm\.jdks\temurin-17.0.14\bin\jimage.dll
0x00007ff8f6e90000 - 0x00007ff8f70d1000 	C:\WINDOWS\SYSTEM32\DBGHELP.DLL
0x00007ff8fc330000 - 0x00007ff8fc6b2000 	C:\WINDOWS\System32\combase.dll
0x00007ff8fb7c0000 - 0x00007ff8fb896000 	C:\WINDOWS\System32\OLEAUT32.dll
0x00007ff8d4f40000 - 0x00007ff8d4f79000 	C:\WINDOWS\SYSTEM32\dbgcore.DLL
0x00007ff8fa140000 - 0x00007ff8fa1d9000 	C:\WINDOWS\System32\bcryptPrimitives.dll
0x00007ff8c4d60000 - 0x00007ff8c4d85000 	C:\Users\paulm\.jdks\temurin-17.0.14\bin\java.dll
0x00007ff876ee0000 - 0x00007ff876fb7000 	C:\Users\paulm\.jdks\temurin-17.0.14\bin\jsvml.dll
0x00007ff8faec0000 - 0x00007ff8fb5e9000 	C:\WINDOWS\System32\SHELL32.dll
0x00007ff8fa3f0000 - 0x00007ff8fa558000 	C:\WINDOWS\System32\wintypes.dll
0x00007ff8f7740000 - 0x00007ff8f7f92000 	C:\WINDOWS\SYSTEM32\windows.storage.dll
0x00007ff8faad0000 - 0x00007ff8fabbd000 	C:\WINDOWS\System32\SHCORE.dll
0x00007ff8fae10000 - 0x00007ff8fae74000 	C:\WINDOWS\System32\shlwapi.dll
0x00007ff8f99d0000 - 0x00007ff8f99ff000 	C:\WINDOWS\SYSTEM32\profapi.dll
0x00007ff8c4cc0000 - 0x00007ff8c4cd9000 	C:\Users\paulm\.jdks\temurin-17.0.14\bin\net.dll
0x00007ff8f21f0000 - 0x00007ff8f230d000 	C:\WINDOWS\SYSTEM32\WINHTTP.dll
0x00007ff8f8f10000 - 0x00007ff8f8f7a000 	C:\WINDOWS\system32\mswsock.dll
0x00007ff8c4bd0000 - 0x00007ff8c4be6000 	C:\Users\paulm\.jdks\temurin-17.0.14\bin\nio.dll
0x00007ff8c6580000 - 0x00007ff8c6598000 	C:\Users\paulm\.jdks\temurin-17.0.14\bin\zip.dll
0x00007ff8c6c20000 - 0x00007ff8c6c30000 	C:\Users\paulm\.jdks\temurin-17.0.14\bin\verify.dll
0x00007ff8c4d50000 - 0x00007ff8c4d5a000 	C:\Users\paulm\.jdks\temurin-17.0.14\bin\management.dll
0x00007ff8c4cb0000 - 0x00007ff8c4cbb000 	C:\Users\paulm\.jdks\temurin-17.0.14\bin\management_ext.dll
0x00007ff8fc290000 - 0x00007ff8fc298000 	C:\WINDOWS\System32\PSAPI.DLL
0x00007ff8c6760000 - 0x00007ff8c6778000 	C:\WINDOWS\system32\napinsp.dll
0x00007ff8f83a0000 - 0x00007ff8f84c5000 	C:\WINDOWS\SYSTEM32\DNSAPI.dll
0x00007ff8f8300000 - 0x00007ff8f8333000 	C:\WINDOWS\SYSTEM32\IPHLPAPI.DLL
0x00007ff8fb6b0000 - 0x00007ff8fb6ba000 	C:\WINDOWS\System32\NSI.dll
0x00007ff8c6740000 - 0x00007ff8c6752000 	C:\WINDOWS\System32\winrnr.dll
0x00007ff8c6700000 - 0x00007ff8c6730000 	C:\WINDOWS\system32\nlansp_c.dll
0x00007ff8eeaf0000 - 0x00007ff8eeb06000 	C:\WINDOWS\system32\wshbth.dll
0x00007ff8f2520000 - 0x00007ff8f252b000 	C:\Windows\System32\rasadhlp.dll
0x00007ff8edd30000 - 0x00007ff8eddb5000 	C:\WINDOWS\System32\fwpuclnt.dll
0x00007ff86b410000 - 0x00007ff86b485000 	C:\Users\paulm\AppData\Local\Temp\lwjglpaulm\3.3.1-build-7\lwjgl.dll
0x00007ff87c3f0000 - 0x00007ff87c451000 	C:\Users\paulm\AppData\Local\Temp\lwjglpaulm\3.3.1-build-7\glfw.dll
0x00007ff89dfe0000 - 0x00007ff89e02b000 	C:\WINDOWS\SYSTEM32\dinput8.dll
0x00007ff85f280000 - 0x00007ff85f292000 	C:\WINDOWS\SYSTEM32\xinput1_4.dll
0x00007ff8f96f0000 - 0x00007ff8f974f000 	C:\WINDOWS\SYSTEM32\cfgmgr32.dll
0x00007ff8f9760000 - 0x00007ff8f978d000 	C:\WINDOWS\SYSTEM32\DEVOBJ.dll
0x00007ff8f5f90000 - 0x00007ff8f5fc6000 	C:\WINDOWS\SYSTEM32\dwmapi.dll
0x00007ff8b4e00000 - 0x00007ff8b4fe0000 	C:\WINDOWS\SYSTEM32\inputhost.dll
0x00007ff8f5830000 - 0x00007ff8f5956000 	C:\WINDOWS\SYSTEM32\CoreMessaging.dll
0x00007ff8f5e50000 - 0x00007ff8f5efe000 	C:\WINDOWS\system32\uxtheme.dll
0x00007ff8f91d0000 - 0x00007ff8f91dc000 	C:\WINDOWS\SYSTEM32\CRYPTBASE.DLL
0x00007ff8fc740000 - 0x00007ff8fc89d000 	C:\WINDOWS\System32\MSCTF.dll
0x00007ff8589b0000 - 0x00007ff858abc000 	C:\WINDOWS\SYSTEM32\opengl32.dll
0x00007ff858980000 - 0x00007ff8589ad000 	C:\WINDOWS\SYSTEM32\GLU32.dll
0x00007ff8f6b30000 - 0x00007ff8f6b77000 	C:\WINDOWS\SYSTEM32\dxcore.dll
0x00007ff8da1e0000 - 0x00007ff8da1fa000 	C:\WINDOWS\SYSTEM32\windows.staterepositorycore.dll
0x00007ff82fa60000 - 0x00007ff832098000 	C:\WINDOWS\System32\DriverStore\FileRepository\nv_dispi.inf_amd64_9425e4c3b1ac1c47\nvoglv64.dll
0x00007ff8fbdf0000 - 0x00007ff8fc276000 	C:\WINDOWS\System32\SETUPAPI.dll
0x00007ff8fbc50000 - 0x00007ff8fbde6000 	C:\WINDOWS\System32\ole32.dll
0x00007ff8f5cc0000 - 0x00007ff8f5cd6000 	C:\WINDOWS\SYSTEM32\WTSAPI32.dll
0x00007ff8f9220000 - 0x00007ff8f9233000 	C:\WINDOWS\SYSTEM32\msasn1.dll
0x00007ff8f2560000 - 0x00007ff8f259b000 	C:\WINDOWS\SYSTEM32\cryptnet.dll
0x00007ff8fa1e0000 - 0x00007ff8fa357000 	C:\WINDOWS\System32\CRYPT32.dll
0x00007ff8f9290000 - 0x00007ff8f92ed000 	C:\WINDOWS\SYSTEM32\wldp.dll
0x00007ff8f2360000 - 0x00007ff8f24dc000 	C:\WINDOWS\SYSTEM32\drvstore.dll
0x00007ff8fa360000 - 0x00007ff8fa3df000 	C:\WINDOWS\System32\WINTRUST.dll
0x00007ff8f8b10000 - 0x00007ff8f8b45000 	C:\WINDOWS\SYSTEM32\ntmarta.dll
0x00007ff8fbb20000 - 0x00007ff8fbb40000 	C:\WINDOWS\System32\imagehlp.dll
0x00007ff8f91b0000 - 0x00007ff8f91cc000 	C:\WINDOWS\SYSTEM32\CRYPTSP.dll
0x00007ff8f8880000 - 0x00007ff8f88ba000 	C:\WINDOWS\system32\rsaenh.dll
0x00007ff8f99a0000 - 0x00007ff8f99c6000 	C:\WINDOWS\SYSTEM32\bcrypt.dll
0x00007ff8eee60000 - 0x00007ff8f1b70000 	C:\WINDOWS\System32\DriverStore\FileRepository\nv_dispi.inf_amd64_9425e4c3b1ac1c47\nvgpucomp64.dll
0x00007ff8a6ec0000 - 0x00007ff8a71c6000 	C:\WINDOWS\system32\nvspcap64.dll
0x00007ff8f8650000 - 0x00007ff8f86b7000 	C:\WINDOWS\SYSTEM32\WINSTA.dll
0x00007ff81b9c0000 - 0x00007ff81bc19000 	C:\Users\paulm\AppData\Local\Temp\lwjglpaulm\3.3.1-build-7\jemalloc.dll
0x00007ff8c0f10000 - 0x00007ff8c1059000 	C:\WINDOWS\SYSTEM32\textinputframework.dll
0x00007ff86b320000 - 0x00007ff86b37d000 	C:\Users\paulm\AppData\Local\Temp\lwjglpaulm\3.3.1-build-7\lwjgl_opengl.dll
0x00007ff85dce0000 - 0x00007ff85dd61000 	C:\Users\paulm\AppData\Local\Temp\lwjglpaulm\3.3.1-build-7\lwjgl_stb.dll
0x00007ff8f8fb0000 - 0x00007ff8f8fdb000 	C:\WINDOWS\SYSTEM32\USERENV.dll
0x00007ff8f2530000 - 0x00007ff8f254f000 	C:\WINDOWS\SYSTEM32\dhcpcsvc6.DLL
0x00007ff8f2330000 - 0x00007ff8f2355000 	C:\WINDOWS\SYSTEM32\dhcpcsvc.DLL
0x00007ff873ea0000 - 0x00007ff873ee0000 	C:\Users\paulm\AppData\Local\Temp\jna-106439973\jna1896691575101603031.dll
0x00007ff8fbba0000 - 0x00007ff8fbc48000 	C:\WINDOWS\System32\clbcatq.dll
0x00007ff8dc5b0000 - 0x00007ff8dc5cd000 	C:\WINDOWS\SYSTEM32\amsi.dll
0x00007ff875b20000 - 0x00007ff875beb000 	C:\Program Files\Bitdefender\Bitdefender Security\bdamsi\dlls_267059357120000000\antimalware_provider64.dll
0x00007ff8e5740000 - 0x00007ff8e578e000 	C:\WINDOWS\SYSTEM32\Pdh.dll
0x00007ff8c23f0000 - 0x00007ff8c2401000 	C:\WINDOWS\System32\perfos.dll
0x00007ff8f5e30000 - 0x00007ff8f5e42000 	C:\WINDOWS\SYSTEM32\pfclient.dll

dbghelp: loaded successfully - version: 4.0.5 - missing functions: none
symbol engine: initialized successfully - sym options: 0x614 - pdb path: .;C:\Users\paulm\.jdks\temurin-17.0.14\bin;C:\WINDOWS\SYSTEM32;C:\WINDOWS\WinSxS\amd64_microsoft.windows.common-controls_6595b64144ccf1df_6.0.26100.3624_none_3e086962e3345f24;C:\Users\paulm\.jdks\temurin-17.0.14\bin\server;C:\Users\paulm\AppData\Local\Temp\lwjglpaulm\3.3.1-build-7;C:\WINDOWS\System32\DriverStore\FileRepository\nv_dispi.inf_amd64_9425e4c3b1ac1c47;C:\Users\paulm\AppData\Local\Temp\jna-106439973;C:\Program Files\Bitdefender\Bitdefender Security\bdamsi\dlls_267059357120000000

VM Arguments:
jvm_args: -Dforge.enableGameTest=true -Dforge.enabledGameTestNamespaces=minecolonytax -Dforge.logging.console.level=debug -Dforge.logging.markers=REGISTRIES -DignoreList=bootstraplauncher,securejarhandler,asm-commons,asm-util,asm-analysis,asm-tree,asm,JarJarFileSystems,client-extra,fmlcore,javafmllanguage,lowcodelanguage,mclanguage,forge- -Djava.net.preferIPv6Addresses=system -DlegacyClassPath.file=C:\Users\paulm\Desktop\MinecolonyTaxAddon - Kopie\build\classpath\runClient2_minecraftClasspath.txt -DmergeModules=jna-5.10.0.jar,jna-platform-5.10.0.jar -Dmixin.env.refMapRemappingFile=C:\Users\paulm\Desktop\MinecolonyTaxAddon - Kopie/build/createSrgToMcp/output.srg -Dmixin.env.remapRefMap=true --module-path=C:\Users\paulm\.gradle\caches\modules-2\files-2.1\cpw.mods\bootstraplauncher\1.1.2\c546e00443d8432cda6baa1c860346980742628\bootstraplauncher-1.1.2.jar;C:\Users\paulm\.gradle\caches\modules-2\files-2.1\cpw.mods\securejarhandler\2.1.10\51e6a22c6c716beb11e244bf5b8be480f51dd6b5\securejarhandler-2.1.10.jar;C:\Users\paulm\.gradle\caches\modules-2\files-2.1\org.ow2.asm\asm-commons\9.7\e86dda4696d3c185fcc95d8d311904e7ce38a53f\asm-commons-9.7.jar;C:\Users\paulm\.gradle\caches\modules-2\files-2.1\org.ow2.asm\asm-util\9.7\c0655519f24d92af2202cb681cd7c1569df6ead6\asm-util-9.7.jar;C:\Users\paulm\.gradle\caches\modules-2\files-2.1\org.ow2.asm\asm-analysis\9.7\e4a258b7eb96107106c0599f0061cfc1832fe07a\asm-analysis-9.7.jar;C:\Users\paulm\.gradle\caches\modules-2\files-2.1\org.ow2.asm\asm-tree\9.7\e446a17b175bfb733b87c5c2560ccb4e57d69f1a\asm-tree-9.7.jar;C:\Users\paulm\.gradle\caches\modules-2\files-2.1\org.ow2.asm\asm\9.7\73d7b3086e14beb604ced229c302feff6449723\asm-9.7.jar;C:\Users\paulm\.gradle\caches\modules-2\files-2.1\net.minecraftforge\JarJarFileSystems\0.3.19\2464eb7d6b9ddb9db36a82cf8a95193e5c6fe020\JarJarFileSystems-0.3.19.jar --add-modules=ALL-MODULE-PATH --add-opens=java.base/java.util.jar=cpw.mods.securejarhandler --add-opens=java.base/java.lang.invoke=cpw.mods.securejarhandler --add-exports=java.base/sun.security.util=cpw.mods.securejarhandler --add-exports=jdk.naming.dns/com.sun.jndi.dns=java.naming -XX:HeapDumpPath=MojangTricksIntelDriversForPerformance_javaw.exe_minecraft.exe.heapdump -Dfile.encoding=UTF-8 -Duser.country=DE -Duser.language=de -Duser.variant 
java_command: cpw.mods.bootstraplauncher.BootstrapLauncher --launchTarget forgeclientuserdev --version MOD_DEV --assetIndex 5 --assetsDir C:\Users\paulm\.gradle\caches\forge_gradle\assets --gameDir . --fml.forgeVersion 47.3.10 --fml.mcVersion 1.20.1 --fml.forgeGroup net.minecraftforge --fml.mcpVersion 20230612.114412 --username=Player2
java_class_path (initial): C:\Users\paulm\Desktop\MinecolonyTaxAddon - Kopie\build\classes\java\main;C:\Users\paulm\Desktop\MinecolonyTaxAddon - Kopie\build\resources\main;C:\Users\paulm\.gradle\caches\forge_gradle\deobf_dependencies\curse\maven\minecolonies-245506\5761248_mapped_parchment_2023.09.03-1.20.1\minecolonies-245506-5761248_mapped_parchment_2023.09.03-1.20.1.jar;C:\Users\paulm\.gradle\caches\forge_gradle\deobf_dependencies\curse\maven\sdm-shop-948942\5777543_mapped_parchment_2023.09.03-1.20.1\sdm-shop-948942-5777543_mapped_parchment_2023.09.03-1.20.1.jar;C:\Users\paulm\.gradle\caches\forge_gradle\deobf_dependencies\curse\maven\ftb-teams-forge-404468\5267190_mapped_parchment_2023.09.03-1.20.1\ftb-teams-forge-404468-5267190_mapped_parchment_2023.09.03-1.20.1.jar;C:\Users\paulm\.gradle\caches\forge_gradle\minecraft_user_repo\net\minecraftforge\forge\1.20.1-47.3.10_mapped_parchment_2023.09.03-1.20.1\forge-1.20.1-47.3.10_mapped_parchment_2023.09.03-1.20.1.jar;C:\Users\paulm\.gradle\caches\forge_gradle\deobf_dependencies\curse\maven\blockui-522992\5658253_mapped_parchment_2023.09.03-1.20.1\blockui-522992-5658253_mapped_parchment_2023.09.03-1.20.1.jar;C:\Users\paulm\.gradle\caches\forge_gradle\deobf_dependencies\curse\maven\multi-piston-303278\5204918_mapped_parchment_2023.09.03-1.20.1\multi-piston-303278-5204918_mapped_parchment_2023.09.03-1.20.1.jar;C:\Users\paulm\.gradle\caches\forge_gradle\deobf_dependencies\curse\maven\domum-ornamentum-527361\5764067_mapped_parchment_2023.09.03-1.20.1\domum-ornamentum-527361-5764067_mapped_parchment_2023.09.03-1.20.1.jar;C:\Users\paulm\.gradle\caches\forge_gradle\deobf_dependencies\curse\maven\structurize-298744\5676596_mapped_parchment_2023.09.03-1.20.1\structurize-298744-5676596_mapped_parchment_2023.09.03-1.20.1.jar;C:\Users\paulm\.gradle\caches\forge_gradle\deobf_dependencies\curse\maven\jei-238222\5739402_mapped_parchment_2023.09.03-1.20.1\jei-238222-5739402_mapped_parchment_2023.09.03-1.20.1.jar;C:\Users\paulm\.grad
Launcher Type: SUN_STANDARD

[Global flags]
     intx CICompilerCount                          = 15                                        {product} {ergonomic}
     uint ConcGCThreads                            = 6                                         {product} {ergonomic}
     uint G1ConcRefinementThreads                  = 23                                        {product} {ergonomic}
   size_t G1HeapRegionSize                         = 8388608                                   {product} {ergonomic}
    uintx GCDrainStackTargetSize                   = 64                                        {product} {ergonomic}
    ccstr HeapDumpPath                             = MojangTricksIntelDriversForPerformance_javaw.exe_minecraft.exe.heapdump         {manageable} {command line}
   size_t InitialHeapSize                          = 1065353216                                {product} {ergonomic}
   size_t MarkStackSize                            = 4194304                                   {product} {ergonomic}
   size_t MaxHeapSize                              = 16953376768                               {product} {ergonomic}
   size_t MaxNewSize                               = 10166992896                               {product} {ergonomic}
   size_t MinHeapDeltaBytes                        = 8388608                                   {product} {ergonomic}
   size_t MinHeapSize                              = 8388608                                   {product} {ergonomic}
    uintx NonNMethodCodeHeapSize                   = 8192380                                {pd product} {ergonomic}
    uintx NonProfiledCodeHeapSize                  = 121732930                              {pd product} {ergonomic}
    uintx ProfiledCodeHeapSize                     = 121732930                              {pd product} {ergonomic}
    uintx ReservedCodeCacheSize                    = 251658240                              {pd product} {ergonomic}
     bool SegmentedCodeCache                       = true                                      {product} {ergonomic}
   size_t SoftMaxHeapSize                          = 16953376768                            {manageable} {ergonomic}
     bool UseCompressedClassPointers               = true                           {product lp64_product} {ergonomic}
     bool UseCompressedOops                        = true                           {product lp64_product} {ergonomic}
     bool UseG1GC                                  = true                                      {product} {ergonomic}
     bool UseLargePagesIndividualAllocation        = false                                  {pd product} {ergonomic}

Logging:
Log output configuration:
 #0: stdout all=warning uptime,level,tags
 #1: stderr all=off uptime,level,tags

Environment Variables:
PATH=C:\Program Files\Common Files\Oracle\Java\javapath;C:\WINDOWS\system32;C:\WINDOWS;C:\WINDOWS\System32\Wbem;C:\WINDOWS\System32\WindowsPowerShell\v1.0\;C:\WINDOWS\System32\OpenSSH\;C:\Program Files\NVIDIA Corporation\NVIDIA app\NvDLISR;C:\Program Files (x86)\NVIDIA Corporation\PhysX\Common;C:\Program Files\dotnet\;C:\Program Files\Git\cmd;C:\Program Files\nodejs\;C:\ProgramData\chocolatey\bin;C:\Users\paulm\AppData\Local\Programs\Python\Launcher\;C:\Users\paulm\AppData\Local\Microsoft\WindowsApps;C:\Users\paulm\AppData\Local\Programs\Microsoft VS Code\bin;C:\Users\paulm\.dotnet\tools;C:\Users\paulm\AppData\Local\GitHubDesktop\bin;C:\Users\paulm\AppData\Roaming\npm;C:\Users\paulm\AppData\Local\Programs\Windsurf\bin;C:\Users\paulm\AppData\Local\Programs\cursor\resources\app\bin
USERNAME=paulm
OS=Windows_NT
PROCESSOR_IDENTIFIER=AMD64 Family 25 Model 97 Stepping 2, AuthenticAMD
TMP=C:\Users\paulm\AppData\Local\Temp
TEMP=C:\Users\paulm\AppData\Local\Temp



Periodic native trim disabled


---------------  S Y S T E M  ---------------

OS:
 Windows 11 , 64 bit Build 26100 (10.0.26100.3775)
OS uptime: 7 days 15:22 hours
Hyper-V role detected

CPU: total 32 (initial active 32) (32 cores per cpu, 2 threads per core) family 25 model 97 stepping 2 microcode 0xa601209, cx8, cmov, fxsr, ht, mmx, 3dnowpref, sse, sse2, sse3, ssse3, sse4a, sse4.1, sse4.2, popcnt, lzcnt, tsc, tscinvbit, avx, avx2, aes, erms, clmul, bmi1, bmi2, adx, avx512f, avx512dq, avx512cd, avx512bw, avx512vl, sha, fma, vzeroupper, avx512_vpopcntdq, avx512_vpclmulqdq, avx512_vaes, avx512_vnni, clflush, clflushopt, avx512_vbmi2, avx512_vbmi, hv
Processor Information for all 32 processors :
  Max Mhz: 4501, Current Mhz: 4501, Mhz Limit: 4501

Memory: 4k page, system-wide physical 64650M (12709M free)
TotalPageFile size 89226M (AvailPageFile size 8M)
current process WorkingSet (physical memory assigned to process): 745M, peak: 845M
current process commit charge ("private bytes"): 877M, peak: 1463M

vm_info: OpenJDK 64-Bit Server VM (17.0.14+7) for windows-amd64 JRE (17.0.14+7), built on Jan 21 2025 23:40:15 by "admin" with MS VC++ 17.7 (VS2022)

END.
