#
# There is insufficient memory for the Java Runtime Environment to continue.
# Native memory allocation (mmap) failed to map 511705088 bytes. Error detail: G1 virtual space
# Possible reasons:
#   The system is out of physical RAM or swap space
#   This process is running with CompressedOops enabled, and the Java Heap may be blocking the growth of the native heap
# Possible solutions:
#   Reduce memory load on the system
#   Increase physical memory or swap space
#   Check if swap backing store is full
#   Decrease Java heap size (-Xmx/-Xms)
#   Decrease number of Java threads
#   Decrease Java thread stack sizes (-Xss)
#   Set larger code cache with -XX:ReservedCodeCacheSize=
#   JVM is running with Zero Based Compressed Oops mode in which the Java heap is
#     placed in the first 32GB address space. The Java Heap base address is the
#     maximum limit for the native heap growth. Please use -XX:HeapBaseMinAddress
#     to set the Java Heap base and to place the Java Heap above 32GB virtual address.
# This output file may be truncated or incomplete.
#
#  Out of Memory Error (os_windows.cpp:3618), pid=14172, tid=64520
#
# JRE version: OpenJDK Runtime Environment Temurin-17.0.14+7 (17.0.14+7) (build 17.0.14+7)
# Java VM: OpenJDK 64-Bit Server VM Temurin-17.0.14+7 (17.0.14+7, mixed mode, sharing, tiered, compressed oops, compressed class ptrs, g1 gc, windows-amd64)
# No core dump will be written. Minidumps are not enabled by default on client versions of Windows
#

---------------  S U M M A R Y ------------

Command Line: -Dforge.enableGameTest=true -Dforge.enabledGameTestNamespaces=minecolonytax -Dforge.logging.console.level=debug -Dforge.logging.markers=REGISTRIES -DignoreList=bootstraplauncher,securejarhandler,asm-commons,asm-util,asm-analysis,asm-tree,asm,JarJarFileSystems,client-extra,fmlcore,javafmllanguage,lowcodelanguage,mclanguage,forge- -Djava.net.preferIPv6Addresses=system -DlegacyClassPath.file=C:\Users\paulm\Desktop\MinecolonyTaxAddon - Kopie\build\classpath\runClient2_minecraftClasspath.txt -DmergeModules=jna-5.10.0.jar,jna-platform-5.10.0.jar -Dmixin.env.refMapRemappingFile=C:\Users\paulm\Desktop\MinecolonyTaxAddon - Kopie/build/createSrgToMcp/output.srg -Dmixin.env.remapRefMap=true --module-path=C:\Users\paulm\.gradle\caches\modules-2\files-2.1\cpw.mods\bootstraplauncher\1.1.2\c546e00443d8432cda6baa1c860346980742628\bootstraplauncher-1.1.2.jar;C:\Users\paulm\.gradle\caches\modules-2\files-2.1\cpw.mods\securejarhandler\2.1.10\51e6a22c6c716beb11e244bf5b8be480f51dd6b5\securejarhandler-2.1.10.jar;C:\Users\paulm\.gradle\caches\modules-2\files-2.1\org.ow2.asm\asm-commons\9.7\e86dda4696d3c185fcc95d8d311904e7ce38a53f\asm-commons-9.7.jar;C:\Users\paulm\.gradle\caches\modules-2\files-2.1\org.ow2.asm\asm-util\9.7\c0655519f24d92af2202cb681cd7c1569df6ead6\asm-util-9.7.jar;C:\Users\paulm\.gradle\caches\modules-2\files-2.1\org.ow2.asm\asm-analysis\9.7\e4a258b7eb96107106c0599f0061cfc1832fe07a\asm-analysis-9.7.jar;C:\Users\paulm\.gradle\caches\modules-2\files-2.1\org.ow2.asm\asm-tree\9.7\e446a17b175bfb733b87c5c2560ccb4e57d69f1a\asm-tree-9.7.jar;C:\Users\paulm\.gradle\caches\modules-2\files-2.1\org.ow2.asm\asm\9.7\73d7b3086e14beb604ced229c302feff6449723\asm-9.7.jar;C:\Users\paulm\.gradle\caches\modules-2\files-2.1\net.minecraftforge\JarJarFileSystems\0.3.19\2464eb7d6b9ddb9db36a82cf8a95193e5c6fe020\JarJarFileSystems-0.3.19.jar --add-modules=ALL-MODULE-PATH --add-opens=java.base/java.util.jar=cpw.mods.securejarhandler --add-opens=java.base/java.lang.invoke=cpw.mods.securejarhandler --add-exports=java.base/sun.security.util=cpw.mods.securejarhandler --add-exports=jdk.naming.dns/com.sun.jndi.dns=java.naming -XX:HeapDumpPath=MojangTricksIntelDriversForPerformance_javaw.exe_minecraft.exe.heapdump -Dfile.encoding=UTF-8 -Duser.country=DE -Duser.language=de -Duser.variant cpw.mods.bootstraplauncher.BootstrapLauncher --launchTarget forgeclientuserdev --version MOD_DEV --assetIndex 5 --assetsDir C:\Users\paulm\.gradle\caches\forge_gradle\assets --gameDir . --fml.forgeVersion 47.3.10 --fml.mcVersion 1.20.1 --fml.forgeGroup net.minecraftforge --fml.mcpVersion 20230612.114412 --username=Player2

Host: AMD Ryzen 9 7950X 16-Core Processor            , 32 cores, 63G,  Windows 11 , 64 bit Build 26100 (10.0.26100.3912)
Time: Wed Jun  4 19:04:14 2025 Mitteleuropäische Sommerzeit elapsed time: 2133.025372 seconds (0d 0h 35m 33s)

---------------  T H R E A D  ---------------

Current thread (0x0000021dd36e5bf0):  VMThread "VM Thread" [stack: 0x000000bea6d00000,0x000000bea6e00000] [id=64520]

Stack: [0x000000bea6d00000,0x000000bea6e00000]
Native frames: (J=compiled Java code, j=interpreted, Vv=VM code, C=native code)
V  [jvm.dll+0x682eb9]
V  [jvm.dll+0x8399c8]
V  [jvm.dll+0x83b473]
V  [jvm.dll+0x83bae3]
V  [jvm.dll+0x24715f]
V  [jvm.dll+0x67fc99]
V  [jvm.dll+0x674b8a]
V  [jvm.dll+0x304c06]
V  [jvm.dll+0x30c0c6]
V  [jvm.dll+0x35dc3e]
V  [jvm.dll+0x35de7d]
V  [jvm.dll+0x2dbfcc]
V  [jvm.dll+0x2da36f]
V  [jvm.dll+0x2d9adc]
V  [jvm.dll+0x31d2bb]
V  [jvm.dll+0x84031d]
V  [jvm.dll+0x841053]
V  [jvm.dll+0x84157f]
V  [jvm.dll+0x841964]
V  [jvm.dll+0x841a2e]
V  [jvm.dll+0x7e948c]
V  [jvm.dll+0x681d97]
C  [ucrtbase.dll+0x37b0]
C  [KERNEL32.DLL+0x2e8d7]
C  [ntdll.dll+0x9c5dc]

VM_Operation (0x000000beb03fe7d0): G1CollectForAllocation, mode: safepoint, requested by thread 0x0000021e2a09e4c0


---------------  P R O C E S S  ---------------

Threads class SMR info:
_java_thread_list=0x0000021e1d1e4ce0, length=101, elements={
0x0000021d91b5d6f0, 0x0000021dd36e9be0, 0x0000021dd36ea1b0, 0x0000021dd36fff50,
0x0000021dd3700430, 0x0000021dd3700a00, 0x0000021dd3704fe0, 0x0000021dd37058e0,
0x0000021dd3706500, 0x0000021dd3706b10, 0x0000021e190457c0, 0x0000021e190a2120,
0x0000021e1da09200, 0x0000021e2a0998d0, 0x0000021e2a099de0, 0x0000021e2d5d94e0,
0x0000021e2d5d9f00, 0x0000021e2d5db850, 0x0000021e2d5ddbc0, 0x0000021e2d5dd6b0,
0x0000021e1e48ffc0, 0x0000021e1bda9a80, 0x0000021e1bdab8e0, 0x0000021e1bda8640,
0x0000021e1bb8c570, 0x0000021e1bda8b50, 0x0000021e1bda62d0, 0x0000021e1bb8b580,
0x0000021e1bb8c020, 0x0000021e1bb8b030, 0x0000021e1bb8e000, 0x0000021e1bb8a590,
0x0000021e1bb8bad0, 0x0000021e1bb8e550, 0x0000021e1bb8aae0, 0x0000021e1bb8eaa0,
0x0000021e1e48b8e0, 0x0000021e1bb8d560, 0x0000021e1bb8fa90, 0x0000021e1bb8ffe0,
0x0000021e1e489570, 0x0000021e1e48b3d0, 0x0000021e1e48a4a0, 0x0000021e1e48d230,
0x0000021e1e48d740, 0x0000021e1e489f90, 0x0000021e1e48e160, 0x0000021e1e48dc50,
0x0000021e1e48e670, 0x0000021e1e48aec0, 0x0000021e1e48eb80, 0x0000021e1e48f090,
0x0000021e1e48f5a0, 0x0000021e1e48bdf0, 0x0000021e1e48fab0, 0x0000021e2d5d85b0,
0x0000021e2d5d8fd0, 0x0000021e2d5da920, 0x0000021e2d5dae30, 0x0000021e2d5db340,
0x0000021e2d5d80a0, 0x0000021e2d5dd1a0, 0x0000021e2d5deaf0, 0x0000021e2d5de0d0,
0x0000021e2d5dcc90, 0x0000021e2d5df000, 0x0000021e2d5dbd60, 0x0000021e2d5de5e0,
0x0000021e2d5df510, 0x0000021e2d5dc780, 0x0000021e2d5dfa20, 0x0000021e2a09b220,
0x0000021e2a097a70, 0x0000021e2a09e9d0, 0x0000021e2a09b730, 0x0000021e2a09bc40,
0x0000021e2a09c150, 0x0000021e2a09d590, 0x0000021e2a09c660, 0x0000021e2a09dfb0,
0x0000021e2a09cb70, 0x0000021e1bda6cf0, 0x0000021e1bda9f90, 0x0000021e1bda8130,
0x0000021e1bdadc50, 0x0000021e1bdaa4a0, 0x0000021e1da082d0, 0x0000021e1da087e0,
0x0000021e1da09710, 0x0000021e1da078b0, 0x0000021e1da08cf0, 0x0000021e2a097560,
0x0000021e2a09e4c0, 0x0000021e2a09d080, 0x0000021e2ccdee40, 0x0000021e2ccdd4f0,
0x0000021e2ccddf10, 0x0000021e2ccdf860, 0x0000021e2ccdc5c0, 0x0000021e2cce0280,
0x0000021e2ccdcad0
}

Java Threads: ( => current thread )
  0x0000021d91b5d6f0 JavaThread "Render thread" [_thread_blocked, id=38312, stack(0x000000bea6700000,0x000000bea6800000)]
  0x0000021dd36e9be0 JavaThread "Reference Handler" daemon [_thread_blocked, id=65708, stack(0x000000bea6e00000,0x000000bea6f00000)]
  0x0000021dd36ea1b0 JavaThread "Finalizer" daemon [_thread_blocked, id=74624, stack(0x000000bea6f00000,0x000000bea7000000)]
  0x0000021dd36fff50 JavaThread "Signal Dispatcher" daemon [_thread_blocked, id=61392, stack(0x000000bea7000000,0x000000bea7100000)]
  0x0000021dd3700430 JavaThread "Attach Listener" daemon [_thread_blocked, id=66812, stack(0x000000bea7100000,0x000000bea7200000)]
  0x0000021dd3700a00 JavaThread "Service Thread" daemon [_thread_blocked, id=44840, stack(0x000000bea7200000,0x000000bea7300000)]
  0x0000021dd3704fe0 JavaThread "Monitor Deflation Thread" daemon [_thread_blocked, id=71564, stack(0x000000bea7300000,0x000000bea7400000)]
  0x0000021dd37058e0 JavaThread "C2 CompilerThread0" daemon [_thread_blocked, id=74308, stack(0x000000bea7400000,0x000000bea7500000)]
  0x0000021dd3706500 JavaThread "C1 CompilerThread0" daemon [_thread_blocked, id=77468, stack(0x000000bea7500000,0x000000bea7600000)]
  0x0000021dd3706b10 JavaThread "Sweeper thread" daemon [_thread_blocked, id=23892, stack(0x000000bea7600000,0x000000bea7700000)]
  0x0000021e190457c0 JavaThread "Common-Cleaner" daemon [_thread_blocked, id=51312, stack(0x000000bea7800000,0x000000bea7900000)]
  0x0000021e190a2120 JavaThread "Notification Thread" daemon [_thread_blocked, id=62308, stack(0x000000bea7b00000,0x000000bea7c00000)]
  0x0000021e1da09200 JavaThread "JNA Cleaner" daemon [_thread_blocked, id=67312, stack(0x000000beab000000,0x000000beab100000)]
  0x0000021e2a0998d0 JavaThread "Timer hack thread" daemon [_thread_blocked, id=68020, stack(0x000000bea8100000,0x000000bea8200000)]
  0x0000021e2a099de0 JavaThread "Yggdrasil Key Fetcher" daemon [_thread_blocked, id=30056, stack(0x000000beab300000,0x000000beab400000)]
  0x0000021e2d5d94e0 JavaThread "Structurize IO Worker #0" daemon [_thread_blocked, id=60524, stack(0x000000beac700000,0x000000beac800000)]
  0x0000021e2d5d9f00 JavaThread "FileSystemWatchService" daemon [_thread_in_native, id=42376, stack(0x000000beac800000,0x000000beac900000)]
  0x0000021e2d5db850 JavaThread "JEI Config File Watcher" daemon [_thread_blocked, id=78740, stack(0x000000beac900000,0x000000beaca00000)]
  0x0000021e2d5ddbc0 JavaThread "Thread-3" daemon [_thread_blocked, id=44316, stack(0x000000beacb00000,0x000000beacc00000)]
  0x0000021e2d5dd6b0 JavaThread "FileSystemWatchService" daemon [_thread_in_native, id=27992, stack(0x000000beacc00000,0x000000beacd00000)]
  0x0000021e1e48ffc0 JavaThread "IO-Worker-32" [_thread_blocked, id=43600, stack(0x000000beaee00000,0x000000beaef00000)]
  0x0000021e1bda9a80 JavaThread "Worker-Main-33" daemon [_thread_blocked, id=5324, stack(0x000000bea7900000,0x000000bea7a00000)]
  0x0000021e1bdab8e0 JavaThread "Thread-6" daemon [_thread_in_native, id=84060, stack(0x000000bea7f00000,0x000000bea8000000)]
  0x0000021e1bda8640 JavaThread "Keep-Alive-Timer" daemon [_thread_blocked, id=71100, stack(0x000000bea8500000,0x000000bea8600000)]
  0x0000021e1bb8c570 JavaThread "C1 CompilerThread1" daemon [_thread_blocked, id=59480, stack(0x000000bea8000000,0x000000bea8100000)]
  0x0000021e1bda8b50 JavaThread "Netty Client IO #0" daemon [_thread_blocked, id=39000, stack(0x000000bea8400000,0x000000bea8500000)]
  0x0000021e1bda62d0 JavaThread "Downloader 0" daemon [_thread_blocked, id=12856, stack(0x000000bea7e00000,0x000000bea7f00000)]
  0x0000021e1bb8b580 JavaThread "C1 CompilerThread2" daemon [_thread_blocked, id=61376, stack(0x000000bea7d00000,0x000000bea7e00000)]
  0x0000021e1bb8c020 JavaThread "C2 CompilerThread1" daemon [_thread_blocked, id=15756, stack(0x000000bea9d00000,0x000000bea9e00000)]
  0x0000021e1bb8b030 JavaThread "C2 CompilerThread2" daemon [_thread_blocked, id=29772, stack(0x000000bea9f00000,0x000000beaa000000)]
  0x0000021e1bb8e000 JavaThread "C2 CompilerThread3" daemon [_thread_blocked, id=15064, stack(0x000000beaa100000,0x000000beaa200000)]
  0x0000021e1bb8a590 JavaThread "C2 CompilerThread4" daemon [_thread_blocked, id=764, stack(0x000000beaa400000,0x000000beaa500000)]
  0x0000021e1bb8bad0 JavaThread "C2 CompilerThread5" daemon [_thread_blocked, id=43020, stack(0x000000beaa500000,0x000000beaa600000)]
  0x0000021e1bb8e550 JavaThread "C2 CompilerThread6" daemon [_thread_blocked, id=45120, stack(0x000000beaab00000,0x000000beaac00000)]
  0x0000021e1bb8aae0 JavaThread "C2 CompilerThread7" daemon [_thread_blocked, id=80944, stack(0x000000beab100000,0x000000beab200000)]
  0x0000021e1bb8eaa0 JavaThread "C1 CompilerThread3" daemon [_thread_blocked, id=18972, stack(0x000000beab600000,0x000000beab700000)]
  0x0000021e1e48b8e0 JavaThread "Sound engine" daemon [_thread_blocked, id=31084, stack(0x000000beab700000,0x000000beab800000)]
  0x0000021e1bb8d560 JavaThread "C1 CompilerThread4" daemon [_thread_blocked, id=21748, stack(0x000000bea7a00000,0x000000bea7b00000)]
  0x0000021e1bb8fa90 JavaThread "C2 CompilerThread8" daemon [_thread_blocked, id=68864, stack(0x000000beab500000,0x000000beab600000)]
  0x0000021e1bb8ffe0 JavaThread "C2 CompilerThread9" daemon [_thread_blocked, id=1464, stack(0x000000beab900000,0x000000beaba00000)]
  0x0000021e1e489570 JavaThread "ForkJoinPool.commonPool-worker-1" daemon [_thread_blocked, id=52460, stack(0x000000beaba00000,0x000000beabb00000)]
  0x0000021e1e48b3d0 JavaThread "ForkJoinPool.commonPool-worker-2" daemon [_thread_blocked, id=64272, stack(0x000000beabb00000,0x000000beabc00000)]
  0x0000021e1e48a4a0 JavaThread "ForkJoinPool.commonPool-worker-3" daemon [_thread_blocked, id=76308, stack(0x000000beabc00000,0x000000beabd00000)]
  0x0000021e1e48d230 JavaThread "ForkJoinPool.commonPool-worker-4" daemon [_thread_blocked, id=69088, stack(0x000000beabd00000,0x000000beabe00000)]
  0x0000021e1e48d740 JavaThread "ForkJoinPool.commonPool-worker-6" daemon [_thread_blocked, id=60600, stack(0x000000beabe00000,0x000000beabf00000)]
  0x0000021e1e489f90 JavaThread "ForkJoinPool.commonPool-worker-5" daemon [_thread_blocked, id=69528, stack(0x000000beabf00000,0x000000beac000000)]
  0x0000021e1e48e160 JavaThread "ForkJoinPool.commonPool-worker-7" daemon [_thread_blocked, id=44784, stack(0x000000beac000000,0x000000beac100000)]
  0x0000021e1e48dc50 JavaThread "ForkJoinPool.commonPool-worker-8" daemon [_thread_blocked, id=52012, stack(0x000000beac100000,0x000000beac200000)]
  0x0000021e1e48e670 JavaThread "ForkJoinPool.commonPool-worker-9" daemon [_thread_blocked, id=25236, stack(0x000000beac200000,0x000000beac300000)]
  0x0000021e1e48aec0 JavaThread "ForkJoinPool.commonPool-worker-10" daemon [_thread_blocked, id=67352, stack(0x000000beac300000,0x000000beac400000)]
  0x0000021e1e48eb80 JavaThread "ForkJoinPool.commonPool-worker-18" daemon [_thread_blocked, id=21752, stack(0x000000beac400000,0x000000beac500000)]
  0x0000021e1e48f090 JavaThread "ForkJoinPool.commonPool-worker-12" daemon [_thread_blocked, id=37180, stack(0x000000beac500000,0x000000beac600000)]
  0x0000021e1e48f5a0 JavaThread "ForkJoinPool.commonPool-worker-22" daemon [_thread_blocked, id=31228, stack(0x000000beac600000,0x000000beac700000)]
  0x0000021e1e48bdf0 JavaThread "ForkJoinPool.commonPool-worker-14" daemon [_thread_blocked, id=48468, stack(0x000000beaca00000,0x000000beacb00000)]
  0x0000021e1e48fab0 JavaThread "ForkJoinPool.commonPool-worker-15" daemon [_thread_blocked, id=51056, stack(0x000000beacd00000,0x000000beace00000)]
  0x0000021e2d5d85b0 JavaThread "ForkJoinPool.commonPool-worker-16" daemon [_thread_blocked, id=52000, stack(0x000000beace00000,0x000000beacf00000)]
  0x0000021e2d5d8fd0 JavaThread "ForkJoinPool.commonPool-worker-17" daemon [_thread_blocked, id=40104, stack(0x000000beacf00000,0x000000bead000000)]
  0x0000021e2d5da920 JavaThread "ForkJoinPool.commonPool-worker-11" daemon [_thread_blocked, id=37396, stack(0x000000bead000000,0x000000bead100000)]
  0x0000021e2d5dae30 JavaThread "ForkJoinPool.commonPool-worker-19" daemon [_thread_blocked, id=76580, stack(0x000000bead100000,0x000000bead200000)]
  0x0000021e2d5db340 JavaThread "ForkJoinPool.commonPool-worker-20" daemon [_thread_blocked, id=80580, stack(0x000000bead200000,0x000000bead300000)]
  0x0000021e2d5d80a0 JavaThread "ForkJoinPool.commonPool-worker-21" daemon [_thread_blocked, id=21736, stack(0x000000bead300000,0x000000bead400000)]
  0x0000021e2d5dd1a0 JavaThread "ForkJoinPool.commonPool-worker-13" daemon [_thread_blocked, id=63512, stack(0x000000bead400000,0x000000bead500000)]
  0x0000021e2d5deaf0 JavaThread "ForkJoinPool.commonPool-worker-23" daemon [_thread_blocked, id=35516, stack(0x000000bead500000,0x000000bead600000)]
  0x0000021e2d5de0d0 JavaThread "ForkJoinPool.commonPool-worker-24" daemon [_thread_blocked, id=58416, stack(0x000000bead600000,0x000000bead700000)]
  0x0000021e2d5dcc90 JavaThread "ForkJoinPool.commonPool-worker-25" daemon [_thread_blocked, id=15472, stack(0x000000bead700000,0x000000bead800000)]
  0x0000021e2d5df000 JavaThread "ForkJoinPool.commonPool-worker-26" daemon [_thread_blocked, id=15928, stack(0x000000bead800000,0x000000bead900000)]
  0x0000021e2d5dbd60 JavaThread "ForkJoinPool.commonPool-worker-27" daemon [_thread_blocked, id=43860, stack(0x000000bead900000,0x000000beada00000)]
  0x0000021e2d5de5e0 JavaThread "ForkJoinPool.commonPool-worker-28" daemon [_thread_blocked, id=7368, stack(0x000000beada00000,0x000000beadb00000)]
  0x0000021e2d5df510 JavaThread "ForkJoinPool.commonPool-worker-29" daemon [_thread_blocked, id=50240, stack(0x000000beadb00000,0x000000beadc00000)]
  0x0000021e2d5dc780 JavaThread "ForkJoinPool.commonPool-worker-30" daemon [_thread_blocked, id=44104, stack(0x000000beadc00000,0x000000beadd00000)]
  0x0000021e2d5dfa20 JavaThread "ForkJoinPool.commonPool-worker-31" daemon [_thread_blocked, id=73420, stack(0x000000beadd00000,0x000000beade00000)]
  0x0000021e2a09b220 JavaThread "Worker-Main-34" daemon [_thread_blocked, id=71520, stack(0x000000beab400000,0x000000beab500000)]
  0x0000021e2a097a70 JavaThread "Worker-Main-35" daemon [_thread_blocked, id=55116, stack(0x000000beadf00000,0x000000beae000000)]
  0x0000021e2a09e9d0 JavaThread "Worker-Main-36" daemon [_thread_blocked, id=37304, stack(0x000000beae000000,0x000000beae100000)]
  0x0000021e2a09b730 JavaThread "Worker-Main-37" daemon [_thread_blocked, id=1408, stack(0x000000beae100000,0x000000beae200000)]
  0x0000021e2a09bc40 JavaThread "Worker-Main-38" daemon [_thread_blocked, id=4904, stack(0x000000beae200000,0x000000beae300000)]
  0x0000021e2a09c150 JavaThread "Worker-Main-39" daemon [_thread_blocked, id=77324, stack(0x000000beae300000,0x000000beae400000)]
  0x0000021e2a09d590 JavaThread "Worker-Main-41" daemon [_thread_blocked, id=27272, stack(0x000000beae400000,0x000000beae500000)]
  0x0000021e2a09c660 JavaThread "Worker-Main-40" daemon [_thread_blocked, id=18208, stack(0x000000beae500000,0x000000beae600000)]
  0x0000021e2a09dfb0 JavaThread "Worker-Main-42" daemon [_thread_blocked, id=31960, stack(0x000000beae600000,0x000000beae700000)]
  0x0000021e2a09cb70 JavaThread "Worker-Main-43" daemon [_thread_blocked, id=45360, stack(0x000000beae700000,0x000000beae800000)]
  0x0000021e1bda6cf0 JavaThread "Worker-Main-44" daemon [_thread_blocked, id=51920, stack(0x000000beae800000,0x000000beae900000)]
  0x0000021e1bda9f90 JavaThread "Worker-Main-45" daemon [_thread_blocked, id=65216, stack(0x000000beae900000,0x000000beaea00000)]
  0x0000021e1bda8130 JavaThread "Worker-Main-46" daemon [_thread_blocked, id=78532, stack(0x000000beaea00000,0x000000beaeb00000)]
  0x0000021e1bdadc50 JavaThread "Worker-Main-47" daemon [_thread_blocked, id=78292, stack(0x000000beaeb00000,0x000000beaec00000)]
  0x0000021e1bdaa4a0 JavaThread "Worker-Main-48" daemon [_thread_blocked, id=80336, stack(0x000000beaec00000,0x000000beaed00000)]
  0x0000021e1da082d0 JavaThread "Worker-Main-49" daemon [_thread_blocked, id=53956, stack(0x000000beaed00000,0x000000beaee00000)]
  0x0000021e1da087e0 JavaThread "Worker-Main-50" daemon [_thread_blocked, id=53776, stack(0x000000beaef00000,0x000000beaf000000)]
  0x0000021e1da09710 JavaThread "Worker-Main-51" daemon [_thread_blocked, id=1520, stack(0x000000beaf000000,0x000000beaf100000)]
  0x0000021e1da078b0 JavaThread "Worker-Main-52" daemon [_thread_blocked, id=66572, stack(0x000000beaf100000,0x000000beaf200000)]
  0x0000021e1da08cf0 JavaThread "Worker-Main-53" daemon [_thread_blocked, id=59816, stack(0x000000beb0100000,0x000000beb0200000)]
  0x0000021e2a097560 JavaThread "Worker-Main-54" daemon [_thread_blocked, id=2188, stack(0x000000beb0200000,0x000000beb0300000)]
  0x0000021e2a09e4c0 JavaThread "Worker-Main-55" daemon [_thread_blocked, id=63368, stack(0x000000beb0300000,0x000000beb0400000)]
  0x0000021e2a09d080 JavaThread "Worker-Main-56" daemon [_thread_blocked, id=76112, stack(0x000000beb0400000,0x000000beb0500000)]
  0x0000021e2ccdee40 JavaThread "Worker-Main-57" daemon [_thread_blocked, id=57876, stack(0x000000beb0500000,0x000000beb0600000)]
  0x0000021e2ccdd4f0 JavaThread "Worker-Main-58" daemon [_thread_blocked, id=74712, stack(0x000000beb0600000,0x000000beb0700000)]
  0x0000021e2ccddf10 JavaThread "Worker-Main-59" daemon [_thread_blocked, id=39348, stack(0x000000beb0700000,0x000000beb0800000)]
  0x0000021e2ccdf860 JavaThread "Worker-Main-60" daemon [_thread_blocked, id=37004, stack(0x000000beb0800000,0x000000beb0900000)]
  0x0000021e2ccdc5c0 JavaThread "Worker-Main-61" daemon [_thread_blocked, id=64992, stack(0x000000beb0900000,0x000000beb0a00000)]
  0x0000021e2cce0280 JavaThread "Worker-Main-62" daemon [_thread_blocked, id=28140, stack(0x000000beb0a00000,0x000000beb0b00000)]
  0x0000021e2ccdcad0 JavaThread "Worker-Main-63" daemon [_thread_blocked, id=75192, stack(0x000000beb0b00000,0x000000beb0c00000)]

Other Threads:
=>0x0000021dd36e5bf0 VMThread "VM Thread" [stack: 0x000000bea6d00000,0x000000bea6e00000] [id=64520]
  0x0000021e190a2e10 WatcherThread [stack: 0x000000bea7c00000,0x000000bea7d00000] [id=77232]
  0x0000021d91bd1320 GCTaskThread "GC Thread#0" [stack: 0x000000bea6800000,0x000000bea6900000] [id=13716]
  0x0000021e19da0b90 GCTaskThread "GC Thread#1" [stack: 0x000000bea8700000,0x000000bea8800000] [id=62252]
  0x0000021e1a317e50 GCTaskThread "GC Thread#2" [stack: 0x000000bea8800000,0x000000bea8900000] [id=41048]
  0x0000021e1a2cc5a0 GCTaskThread "GC Thread#3" [stack: 0x000000bea8900000,0x000000bea8a00000] [id=74868]
  0x0000021e1a248b60 GCTaskThread "GC Thread#4" [stack: 0x000000bea8a00000,0x000000bea8b00000] [id=81120]
  0x0000021e1a248e20 GCTaskThread "GC Thread#5" [stack: 0x000000bea8b00000,0x000000bea8c00000] [id=57376]
  0x0000021e1a2490e0 GCTaskThread "GC Thread#6" [stack: 0x000000bea8c00000,0x000000bea8d00000] [id=42156]
  0x0000021e19f90030 GCTaskThread "GC Thread#7" [stack: 0x000000bea8d00000,0x000000bea8e00000] [id=37748]
  0x0000021e19f902f0 GCTaskThread "GC Thread#8" [stack: 0x000000bea8e00000,0x000000bea8f00000] [id=53104]
  0x0000021e1a24ba50 GCTaskThread "GC Thread#9" [stack: 0x000000bea8f00000,0x000000bea9000000] [id=60984]
  0x0000021e1a4634c0 GCTaskThread "GC Thread#10" [stack: 0x000000bea9000000,0x000000bea9100000] [id=71028]
  0x0000021e1a24c120 GCTaskThread "GC Thread#11" [stack: 0x000000bea9100000,0x000000bea9200000] [id=10580]
  0x0000021e19cfe510 GCTaskThread "GC Thread#12" [stack: 0x000000bea9200000,0x000000bea9300000] [id=21932]
  0x0000021e19cfe7d0 GCTaskThread "GC Thread#13" [stack: 0x000000bea9300000,0x000000bea9400000] [id=75260]
  0x0000021e19ff9260 GCTaskThread "GC Thread#14" [stack: 0x000000bea9400000,0x000000bea9500000] [id=70828]
  0x0000021e19ff8a20 GCTaskThread "GC Thread#15" [stack: 0x000000bea9500000,0x000000bea9600000] [id=18060]
  0x0000021e19ff8ce0 GCTaskThread "GC Thread#16" [stack: 0x000000bea9600000,0x000000bea9700000] [id=5036]
  0x0000021e19ff8fa0 GCTaskThread "GC Thread#17" [stack: 0x000000bea9700000,0x000000bea9800000] [id=80680]
  0x0000021e19ff76e0 GCTaskThread "GC Thread#18" [stack: 0x000000bea9800000,0x000000bea9900000] [id=22240]
  0x0000021e19ff81e0 GCTaskThread "GC Thread#19" [stack: 0x000000bea9900000,0x000000bea9a00000] [id=2360]
  0x0000021e19ff79a0 GCTaskThread "GC Thread#20" [stack: 0x000000bea9a00000,0x000000bea9b00000] [id=78728]
  0x0000021e19ff7c60 GCTaskThread "GC Thread#21" [stack: 0x000000bea9b00000,0x000000bea9c00000] [id=15512]
  0x0000021e19ff7f20 GCTaskThread "GC Thread#22" [stack: 0x000000bea9c00000,0x000000bea9d00000] [id=41640]
  0x0000021d91bdec90 ConcurrentGCThread "G1 Main Marker" [stack: 0x000000bea6900000,0x000000bea6a00000] [id=60864]
  0x0000021daa1a9690 ConcurrentGCThread "G1 Conc#0" [stack: 0x000000bea6a00000,0x000000bea6b00000] [id=38408]
  0x0000021e1cd7ea20 ConcurrentGCThread "G1 Conc#1" [stack: 0x000000beaa600000,0x000000beaa700000] [id=18188]
  0x0000021e1cd7ece0 ConcurrentGCThread "G1 Conc#2" [stack: 0x000000beaa700000,0x000000beaa800000] [id=44100]
  0x0000021e1cd7c660 ConcurrentGCThread "G1 Conc#3" [stack: 0x000000beaa800000,0x000000beaa900000] [id=79528]
  0x0000021e1cd7b060 ConcurrentGCThread "G1 Conc#4" [stack: 0x000000beaa900000,0x000000beaaa00000] [id=63648]
  0x0000021e1cd7b5e0 ConcurrentGCThread "G1 Conc#5" [stack: 0x000000beaaa00000,0x000000beaab00000] [id=45296]
  0x0000021daa312460 ConcurrentGCThread "G1 Refine#0" [stack: 0x000000bea6b00000,0x000000bea6c00000] [id=53216]
  0x0000021e2075be00 ConcurrentGCThread "G1 Refine#1" [stack: 0x000000beaac00000,0x000000beaad00000] [id=50220]
  0x0000021e2075c6d0 ConcurrentGCThread "G1 Refine#2" [stack: 0x000000beaad00000,0x000000beaae00000] [id=1240]
  0x0000021e2075c0f0 ConcurrentGCThread "G1 Refine#3" [stack: 0x000000beaae00000,0x000000beaaf00000] [id=83872]
  0x0000021e2075af50 ConcurrentGCThread "G1 Refine#4" [stack: 0x000000beaaf00000,0x000000beab000000] [id=51940]
  0x0000021e2075b530 ConcurrentGCThread "G1 Refine#5" [stack: 0x000000beade00000,0x000000beadf00000] [id=62316]
  0x0000021e21c5bcc0 ConcurrentGCThread "G1 Refine#6" [stack: 0x000000beaf200000,0x000000beaf300000] [id=39336]
  0x0000021e2a9e9bd0 ConcurrentGCThread "G1 Refine#7" [stack: 0x000000beaf300000,0x000000beaf400000] [id=15176]
  0x0000021e2a9ecdc0 ConcurrentGCThread "G1 Refine#8" [stack: 0x000000beaf400000,0x000000beaf500000] [id=31832]
  0x0000021e2a9ea790 ConcurrentGCThread "G1 Refine#9" [stack: 0x000000beaf500000,0x000000beaf600000] [id=15916]
  0x0000021e2a9ea4a0 ConcurrentGCThread "G1 Refine#10" [stack: 0x000000beaf600000,0x000000beaf700000] [id=12520]
  0x0000021e2a9eaa80 ConcurrentGCThread "G1 Refine#11" [stack: 0x000000beaf700000,0x000000beaf800000] [id=8876]
  0x0000021e2a9eb930 ConcurrentGCThread "G1 Refine#12" [stack: 0x000000beaf800000,0x000000beaf900000] [id=14056]
  0x0000021e2a9eb350 ConcurrentGCThread "G1 Refine#13" [stack: 0x000000beaf900000,0x000000beafa00000] [id=35560]
  0x0000021e2a9ead70 ConcurrentGCThread "G1 Refine#14" [stack: 0x000000beafa00000,0x000000beafb00000] [id=73328]
  0x0000021e2a9eb060 ConcurrentGCThread "G1 Refine#15" [stack: 0x000000beafb00000,0x000000beafc00000] [id=77312]
  0x0000021e2a9ed0b0 ConcurrentGCThread "G1 Refine#16" [stack: 0x000000beafc00000,0x000000beafd00000] [id=13436]
  0x0000021e2a9ea1b0 ConcurrentGCThread "G1 Refine#17" [stack: 0x000000beafd00000,0x000000beafe00000] [id=29392]
  0x0000021e2a9e9ec0 ConcurrentGCThread "G1 Refine#18" [stack: 0x000000beafe00000,0x000000beaff00000] [id=71092]
  0x0000021e2a9eb640 ConcurrentGCThread "G1 Refine#19" [stack: 0x000000beaff00000,0x000000beb0000000] [id=22788]
  0x0000021e2a9ed3a0 ConcurrentGCThread "G1 Refine#20" [stack: 0x000000beb0000000,0x000000beb0100000] [id=75664]
  0x0000021e21c5b9d0 ConcurrentGCThread "G1 Refine#21" [stack: 0x000000beab800000,0x000000beab900000] [id=56680]
  0x0000021daa312840 ConcurrentGCThread "G1 Service" [stack: 0x000000bea6c00000,0x000000bea6d00000] [id=73876]

Threads with active compile tasks:
C2 CompilerThread0  2133066 26533 %     4       net.minecraft.client.renderer.chunk.ChunkRenderDispatcher$RenderChunk$RebuildTask::compile @ 118 (624 bytes)
C1 CompilerThread0  2133066 27041   !   2       java.util.concurrent.LinkedBlockingQueue::poll (99 bytes)
C1 CompilerThread1  2133066 27030       2       net.minecraft.client.renderer.chunk.ChunkRenderDispatcher::pollTask (76 bytes)
C1 CompilerThread2  2133066 27031       2       java.util.concurrent.CompletableFuture$UniCompose::<init> (14 bytes)
C2 CompilerThread1  2133066 26498 %     4       net.minecraft.client.renderer.MultiBufferSource$BufferSource::endBatch @ 28 (56 bytes)
C2 CompilerThread2  2133066 27014       4       net.minecraft.client.renderer.chunk.VisGraph::floodFill (137 bytes)
C2 CompilerThread3  2133066 26296       4       net.minecraft.client.renderer.block.ModelBlockRenderer::tesselateWithAO (217 bytes)
C2 CompilerThread4  2133067 26768       4       net.minecraft.client.renderer.MultiBufferSource$BufferSource::endBatch (65 bytes)
C2 CompilerThread5  2133067 26545       4       net.minecraft.client.renderer.block.ModelBlockRenderer$AmbientOcclusionFace::calculate (2008 bytes)
C2 CompilerThread6  2133067 26904       4       net.minecraft.client.renderer.block.ModelBlockRenderer::renderModelFaceAO (179 bytes)
C2 CompilerThread7  2133067 26909       4       com.mojang.blaze3d.vertex.VertexSorting::lambda$byDistance$2 (58 bytes)
C1 CompilerThread3  2133067 27034       3       java.util.stream.ReferencePipeline::toArray (18 bytes)
C1 CompilerThread4  2133067 27028   !   2       java.util.concurrent.PriorityBlockingQueue::poll (27 bytes)
C2 CompilerThread8  2133067 26405       4       net.minecraft.client.renderer.block.ModelBlockRenderer::calculateShape (892 bytes)
C2 CompilerThread9  2133067 26854       4       net.minecraftforge.eventbus.service.ModLauncherService::handlesClass (50 bytes)

VM state: at safepoint (normal execution)

VM Mutex/Monitor currently owned by a thread:  ([mutex/lock_event])
[0x0000021d8f1fcdf0] Threads_lock - owner thread: 0x0000021dd36e5bf0
[0x0000021d8f1fe500] Heap_lock - owner thread: 0x0000021e2a09e4c0

Heap address: 0x000000040d800000, size: 16168 MB, Compressed Oops mode: Zero based, Oop shift amount: 3

CDS archive(s) mapped at: [0x0000021dd4000000-0x0000021dd4bb0000-0x0000021dd4bb0000), size 12255232, SharedBaseAddress: 0x0000021dd4000000, ArchiveRelocationMode: 1.
Compressed class space mapped at: 0x0000021dd5000000-0x0000021e15000000, reserved size: 1073741824
Narrow klass base: 0x0000021dd4000000, Narrow klass shift: 0, Narrow klass range: 0x100000000

GC Precious Log:
 CPUs: 32 total, 32 available
 Memory: 64650M
 Large Page Support: Disabled
 NUMA Support: Disabled
 Compressed Oops: Enabled (Zero based)
 Heap Region Size: 8M
 Heap Min Capacity: 8M
 Heap Initial Capacity: 1016M
 Heap Max Capacity: 16168M
 Pre-touch: Disabled
 Parallel Workers: 23
 Concurrent Workers: 6
 Concurrent Refinement Workers: 23
 Periodic GC: Disabled

Heap:
 garbage-first heap   total 1261568K, used 698456K [0x000000040d800000, 0x0000000800000000)
  region size 8192K, 1 young (8192K), 1 survivors (8192K)
 Metaspace       used 140707K, committed 142528K, reserved 1179648K
  class space    used 21542K, committed 22336K, reserved 1048576K

Heap Regions: E=young(eden), S=young(survivor), O=old, HS=humongous(starts), HC=humongous(continues), CS=collection set, F=free, OA=open archive, CA=closed archive, TAMS=top-at-mark-start (previous, next)
|   0|0x000000040d800000, 0x000000040e000000, 0x000000040e000000|100%| O|  |TAMS 0x000000040e000000, 0x000000040e000000| Untracked 
|   1|0x000000040e000000, 0x000000040e701c00, 0x000000040e800000| 87%| O|  |TAMS 0x000000040e701c00, 0x000000040e701c00| Untracked 
|   2|0x000000040e800000, 0x000000040f000000, 0x000000040f000000|100%| O|  |TAMS 0x000000040f000000, 0x000000040f000000| Untracked 
|   3|0x000000040f000000, 0x000000040f800000, 0x000000040f800000|100%| O|  |TAMS 0x000000040f800000, 0x000000040f800000| Untracked 
|   4|0x000000040f800000, 0x0000000410000000, 0x0000000410000000|100%| O|  |TAMS 0x0000000410000000, 0x0000000410000000| Untracked 
|   5|0x0000000410000000, 0x0000000410800000, 0x0000000410800000|100%| O|  |TAMS 0x0000000410800000, 0x0000000410800000| Untracked 
|   6|0x0000000410800000, 0x0000000411000000, 0x0000000411000000|100%| O|  |TAMS 0x0000000411000000, 0x0000000411000000| Untracked 
|   7|0x0000000411000000, 0x0000000411800000, 0x0000000411800000|100%| O|  |TAMS 0x0000000411800000, 0x0000000411800000| Untracked 
|   8|0x0000000411800000, 0x0000000412000000, 0x0000000412000000|100%| O|  |TAMS 0x0000000412000000, 0x0000000412000000| Untracked 
|   9|0x0000000412000000, 0x0000000412800000, 0x0000000412800000|100%| O|  |TAMS 0x0000000412800000, 0x0000000412800000| Untracked 
|  10|0x0000000412800000, 0x0000000413000000, 0x0000000413000000|100%| O|  |TAMS 0x0000000413000000, 0x0000000413000000| Untracked 
|  11|0x0000000413000000, 0x0000000413800000, 0x0000000413800000|100%| O|  |TAMS 0x0000000413800000, 0x0000000413800000| Untracked 
|  12|0x0000000413800000, 0x0000000414000000, 0x0000000414000000|100%| O|  |TAMS 0x0000000414000000, 0x0000000414000000| Untracked 
|  13|0x0000000414000000, 0x0000000414800000, 0x0000000414800000|100%|HS|  |TAMS 0x0000000414800000, 0x0000000414800000| Complete 
|  14|0x0000000414800000, 0x0000000415000000, 0x0000000415000000|100%|HC|  |TAMS 0x0000000415000000, 0x0000000415000000| Complete 
|  15|0x0000000415000000, 0x0000000415800000, 0x0000000415800000|100%| O|  |TAMS 0x0000000415800000, 0x0000000415800000| Untracked 
|  16|0x0000000415800000, 0x0000000416000000, 0x0000000416000000|100%| O|  |TAMS 0x0000000416000000, 0x0000000416000000| Untracked 
|  17|0x0000000416000000, 0x0000000416800000, 0x0000000416800000|100%| O|  |TAMS 0x0000000416800000, 0x0000000416800000| Untracked 
|  18|0x0000000416800000, 0x0000000417000000, 0x0000000417000000|100%| O|  |TAMS 0x0000000417000000, 0x0000000417000000| Untracked 
|  19|0x0000000417000000, 0x0000000417800000, 0x0000000417800000|100%| O|  |TAMS 0x0000000417800000, 0x0000000417800000| Untracked 
|  20|0x0000000417800000, 0x0000000418000000, 0x0000000418000000|100%| O|  |TAMS 0x0000000418000000, 0x0000000418000000| Untracked 
|  21|0x0000000418000000, 0x0000000418800000, 0x0000000418800000|100%| O|  |TAMS 0x0000000418800000, 0x0000000418800000| Untracked 
|  22|0x0000000418800000, 0x0000000419000000, 0x0000000419000000|100%| O|  |TAMS 0x0000000419000000, 0x0000000419000000| Untracked 
|  23|0x0000000419000000, 0x0000000419800000, 0x0000000419800000|100%| O|  |TAMS 0x0000000419800000, 0x0000000419800000| Untracked 
|  24|0x0000000419800000, 0x000000041a000000, 0x000000041a000000|100%| O|  |TAMS 0x000000041a000000, 0x000000041a000000| Untracked 
|  25|0x000000041a000000, 0x000000041a800000, 0x000000041a800000|100%| O|  |TAMS 0x000000041a800000, 0x000000041a800000| Untracked 
|  26|0x000000041a800000, 0x000000041b000000, 0x000000041b000000|100%| O|  |TAMS 0x000000041b000000, 0x000000041b000000| Untracked 
|  27|0x000000041b000000, 0x000000041b800000, 0x000000041b800000|100%| O|  |TAMS 0x000000041b800000, 0x000000041b800000| Untracked 
|  28|0x000000041b800000, 0x000000041c000000, 0x000000041c000000|100%| O|  |TAMS 0x000000041c000000, 0x000000041c000000| Untracked 
|  29|0x000000041c000000, 0x000000041c800000, 0x000000041c800000|100%| O|  |TAMS 0x000000041c800000, 0x000000041c800000| Untracked 
|  30|0x000000041c800000, 0x000000041d000000, 0x000000041d000000|100%| O|  |TAMS 0x000000041d000000, 0x000000041d000000| Untracked 
|  31|0x000000041d000000, 0x000000041d800000, 0x000000041d800000|100%| O|  |TAMS 0x000000041d800000, 0x000000041d800000| Untracked 
|  32|0x000000041d800000, 0x000000041e000000, 0x000000041e000000|100%| O|  |TAMS 0x000000041e000000, 0x000000041e000000| Untracked 
|  33|0x000000041e000000, 0x000000041e800000, 0x000000041e800000|100%| O|  |TAMS 0x000000041e800000, 0x000000041e800000| Untracked 
|  34|0x000000041e800000, 0x000000041f000000, 0x000000041f000000|100%| O|  |TAMS 0x000000041f000000, 0x000000041f000000| Untracked 
|  35|0x000000041f000000, 0x000000041f800000, 0x000000041f800000|100%| O|  |TAMS 0x000000041f800000, 0x000000041f800000| Untracked 
|  36|0x000000041f800000, 0x0000000420000000, 0x0000000420000000|100%| O|  |TAMS 0x0000000420000000, 0x0000000420000000| Untracked 
|  37|0x0000000420000000, 0x0000000420800000, 0x0000000420800000|100%| O|  |TAMS 0x0000000420800000, 0x0000000420800000| Untracked 
|  38|0x0000000420800000, 0x0000000421000000, 0x0000000421000000|100%| O|  |TAMS 0x0000000421000000, 0x0000000421000000| Untracked 
|  39|0x0000000421000000, 0x0000000421800000, 0x0000000421800000|100%| O|  |TAMS 0x0000000421800000, 0x0000000421800000| Untracked 
|  40|0x0000000421800000, 0x0000000422000000, 0x0000000422000000|100%| O|  |TAMS 0x0000000422000000, 0x0000000422000000| Untracked 
|  41|0x0000000422000000, 0x0000000422800000, 0x0000000422800000|100%| O|  |TAMS 0x0000000422800000, 0x0000000422800000| Untracked 
|  42|0x0000000422800000, 0x0000000423000000, 0x0000000423000000|100%| O|  |TAMS 0x0000000423000000, 0x0000000423000000| Untracked 
|  43|0x0000000423000000, 0x0000000423800000, 0x0000000423800000|100%| O|  |TAMS 0x0000000423800000, 0x0000000423800000| Untracked 
|  44|0x0000000423800000, 0x0000000424000000, 0x0000000424000000|100%| O|  |TAMS 0x0000000424000000, 0x0000000424000000| Untracked 
|  45|0x0000000424000000, 0x0000000424800000, 0x0000000424800000|100%| O|  |TAMS 0x0000000424800000, 0x0000000424800000| Untracked 
|  46|0x0000000424800000, 0x0000000425000000, 0x0000000425000000|100%| O|  |TAMS 0x0000000425000000, 0x0000000425000000| Untracked 
|  47|0x0000000425000000, 0x0000000425800000, 0x0000000425800000|100%| O|  |TAMS 0x0000000425800000, 0x0000000425800000| Untracked 
|  48|0x0000000425800000, 0x0000000426000000, 0x0000000426000000|100%| O|  |TAMS 0x0000000426000000, 0x0000000426000000| Untracked 
|  49|0x0000000426000000, 0x0000000426800000, 0x0000000426800000|100%| O|  |TAMS 0x0000000426800000, 0x0000000426800000| Untracked 
|  50|0x0000000426800000, 0x0000000427000000, 0x0000000427000000|100%| O|  |TAMS 0x0000000427000000, 0x0000000427000000| Untracked 
|  51|0x0000000427000000, 0x0000000427800000, 0x0000000427800000|100%| O|  |TAMS 0x0000000427800000, 0x0000000427800000| Untracked 
|  52|0x0000000427800000, 0x0000000428000000, 0x0000000428000000|100%| O|  |TAMS 0x0000000428000000, 0x0000000428000000| Untracked 
|  53|0x0000000428000000, 0x0000000428800000, 0x0000000428800000|100%| O|  |TAMS 0x0000000428800000, 0x0000000428800000| Untracked 
|  54|0x0000000428800000, 0x0000000429000000, 0x0000000429000000|100%| O|  |TAMS 0x0000000429000000, 0x0000000429000000| Untracked 
|  55|0x0000000429000000, 0x0000000429800000, 0x0000000429800000|100%| O|  |TAMS 0x0000000429000000, 0x0000000429800000| Untracked 
|  56|0x0000000429800000, 0x000000042a000000, 0x000000042a000000|100%| O|  |TAMS 0x000000042a000000, 0x000000042a000000| Untracked 
|  57|0x000000042a000000, 0x000000042a800000, 0x000000042a800000|100%| O|  |TAMS 0x000000042a800000, 0x000000042a800000| Untracked 
|  58|0x000000042a800000, 0x000000042b000000, 0x000000042b000000|100%| O|  |TAMS 0x000000042b000000, 0x000000042b000000| Untracked 
|  59|0x000000042b000000, 0x000000042b800000, 0x000000042b800000|100%| O|  |TAMS 0x000000042b800000, 0x000000042b800000| Untracked 
|  60|0x000000042b800000, 0x000000042c000000, 0x000000042c000000|100%| O|  |TAMS 0x000000042c000000, 0x000000042c000000| Untracked 
|  61|0x000000042c000000, 0x000000042c800000, 0x000000042c800000|100%|HS|  |TAMS 0x000000042c800000, 0x000000042c800000| Complete 
|  62|0x000000042c800000, 0x000000042d000000, 0x000000042d000000|100%| O|  |TAMS 0x000000042d000000, 0x000000042d000000| Untracked 
|  63|0x000000042d000000, 0x000000042d800000, 0x000000042d800000|100%| O|  |TAMS 0x000000042d800000, 0x000000042d800000| Untracked 
|  64|0x000000042d800000, 0x000000042e000000, 0x000000042e000000|100%| O|  |TAMS 0x000000042e000000, 0x000000042e000000| Untracked 
|  65|0x000000042e000000, 0x000000042e800000, 0x000000042e800000|100%| O|  |TAMS 0x000000042e800000, 0x000000042e800000| Untracked 
|  66|0x000000042e800000, 0x000000042f000000, 0x000000042f000000|100%| O|  |TAMS 0x000000042f000000, 0x000000042f000000| Untracked 
|  67|0x000000042f000000, 0x000000042f800000, 0x000000042f800000|100%| O|  |TAMS 0x000000042f800000, 0x000000042f800000| Untracked 
|  68|0x000000042f800000, 0x0000000430000000, 0x0000000430000000|100%| O|  |TAMS 0x0000000430000000, 0x0000000430000000| Untracked 
|  69|0x0000000430000000, 0x0000000430000000, 0x0000000430800000|  0%| F|  |TAMS 0x0000000430000000, 0x0000000430000000| Untracked 
|  70|0x0000000430800000, 0x0000000431000000, 0x0000000431000000|100%| O|  |TAMS 0x0000000431000000, 0x0000000431000000| Untracked 
|  71|0x0000000431000000, 0x0000000431800000, 0x0000000431800000|100%| O|  |TAMS 0x0000000431800000, 0x0000000431800000| Untracked 
|  72|0x0000000431800000, 0x0000000432000000, 0x0000000432000000|100%| O|  |TAMS 0x0000000432000000, 0x0000000432000000| Untracked 
|  73|0x0000000432000000, 0x0000000432800000, 0x0000000432800000|100%| O|  |TAMS 0x0000000432800000, 0x0000000432800000| Untracked 
|  74|0x0000000432800000, 0x0000000432800000, 0x0000000433000000|  0%| F|  |TAMS 0x0000000432800000, 0x0000000432800000| Untracked 
|  75|0x0000000433000000, 0x0000000433800000, 0x0000000433800000|100%| O|  |TAMS 0x0000000433800000, 0x0000000433800000| Untracked 
|  76|0x0000000433800000, 0x0000000434000000, 0x0000000434000000|100%| O|  |TAMS 0x0000000433dc7200, 0x0000000434000000| Untracked 
|  77|0x0000000434000000, 0x0000000434800000, 0x0000000434800000|100%| O|  |TAMS 0x0000000434000000, 0x0000000434800000| Untracked 
|  78|0x0000000434800000, 0x0000000435000000, 0x0000000435000000|100%| O|  |TAMS 0x0000000434800000, 0x0000000435000000| Untracked 
|  79|0x0000000435000000, 0x0000000435800000, 0x0000000435800000|100%| O|  |TAMS 0x0000000435000000, 0x0000000435800000| Untracked 
|  80|0x0000000435800000, 0x0000000436000000, 0x0000000436000000|100%| O|  |TAMS 0x0000000435800000, 0x0000000436000000| Untracked 
|  81|0x0000000436000000, 0x0000000436800000, 0x0000000436800000|100%| O|  |TAMS 0x0000000436000000, 0x0000000436800000| Untracked 
|  82|0x0000000436800000, 0x0000000437000000, 0x0000000437000000|100%| O|  |TAMS 0x0000000436800000, 0x0000000437000000| Untracked 
|  83|0x0000000437000000, 0x0000000437800000, 0x0000000437800000|100%| O|  |TAMS 0x0000000437000000, 0x0000000437800000| Untracked 
|  84|0x0000000437800000, 0x0000000438000000, 0x0000000438000000|100%| O|  |TAMS 0x0000000437800000, 0x0000000438000000| Untracked 
|  85|0x0000000438000000, 0x0000000438800000, 0x0000000438800000|100%| O|  |TAMS 0x0000000438000000, 0x0000000438800000| Untracked 
|  86|0x0000000438800000, 0x0000000438bdc600, 0x0000000439000000| 48%| O|  |TAMS 0x0000000438800000, 0x0000000438bdc600| Untracked 
|  87|0x0000000439000000, 0x0000000439000000, 0x0000000439800000|  0%| F|  |TAMS 0x0000000439000000, 0x0000000439000000| Untracked 
|  88|0x0000000439800000, 0x0000000439800000, 0x000000043a000000|  0%| F|  |TAMS 0x0000000439800000, 0x0000000439800000| Untracked 
|  89|0x000000043a000000, 0x000000043a000000, 0x000000043a800000|  0%| F|  |TAMS 0x000000043a000000, 0x000000043a000000| Untracked 
|  90|0x000000043a800000, 0x000000043a800000, 0x000000043b000000|  0%| F|  |TAMS 0x000000043a800000, 0x000000043a800000| Untracked 
|  91|0x000000043b000000, 0x000000043b000000, 0x000000043b800000|  0%| F|  |TAMS 0x000000043b000000, 0x000000043b000000| Untracked 
|  92|0x000000043b800000, 0x000000043b800000, 0x000000043c000000|  0%| F|  |TAMS 0x000000043b800000, 0x000000043b800000| Untracked 
|  93|0x000000043c000000, 0x000000043c000000, 0x000000043c800000|  0%| F|  |TAMS 0x000000043c000000, 0x000000043c000000| Untracked 
|  94|0x000000043c800000, 0x000000043c800000, 0x000000043d000000|  0%| F|  |TAMS 0x000000043c800000, 0x000000043c800000| Untracked 
|  95|0x000000043d000000, 0x000000043d000000, 0x000000043d800000|  0%| F|  |TAMS 0x000000043d000000, 0x000000043d000000| Untracked 
|  96|0x000000043d800000, 0x000000043d800000, 0x000000043e000000|  0%| F|  |TAMS 0x000000043d800000, 0x000000043d800000| Untracked 
|  97|0x000000043e000000, 0x000000043e000000, 0x000000043e800000|  0%| F|  |TAMS 0x000000043e000000, 0x000000043e000000| Untracked 
|  98|0x000000043e800000, 0x000000043e800000, 0x000000043f000000|  0%| F|  |TAMS 0x000000043e800000, 0x000000043e800000| Untracked 
|  99|0x000000043f000000, 0x000000043f000000, 0x000000043f800000|  0%| F|  |TAMS 0x000000043f000000, 0x000000043f000000| Untracked 
| 100|0x000000043f800000, 0x000000043f800000, 0x0000000440000000|  0%| F|  |TAMS 0x000000043f800000, 0x000000043f800000| Untracked 
| 101|0x0000000440000000, 0x0000000440000000, 0x0000000440800000|  0%| F|  |TAMS 0x0000000440000000, 0x0000000440000000| Untracked 
| 102|0x0000000440800000, 0x0000000440800000, 0x0000000441000000|  0%| F|  |TAMS 0x0000000440800000, 0x0000000440800000| Untracked 
| 103|0x0000000441000000, 0x0000000441000000, 0x0000000441800000|  0%| F|  |TAMS 0x0000000441000000, 0x0000000441000000| Untracked 
| 104|0x0000000441800000, 0x0000000441800000, 0x0000000442000000|  0%| F|  |TAMS 0x0000000441800000, 0x0000000441800000| Untracked 
| 105|0x0000000442000000, 0x0000000442000000, 0x0000000442800000|  0%| F|  |TAMS 0x0000000442000000, 0x0000000442000000| Untracked 
| 106|0x0000000442800000, 0x0000000442800000, 0x0000000443000000|  0%| F|  |TAMS 0x0000000442800000, 0x0000000442800000| Untracked 
| 107|0x0000000443000000, 0x0000000443000000, 0x0000000443800000|  0%| F|  |TAMS 0x0000000443000000, 0x0000000443000000| Untracked 
| 108|0x0000000443800000, 0x0000000443800000, 0x0000000444000000|  0%| F|  |TAMS 0x0000000443800000, 0x0000000443800000| Untracked 
| 109|0x0000000444000000, 0x0000000444000000, 0x0000000444800000|  0%| F|  |TAMS 0x0000000444000000, 0x0000000444000000| Untracked 
| 110|0x0000000444800000, 0x0000000444800000, 0x0000000445000000|  0%| F|  |TAMS 0x0000000444800000, 0x0000000444800000| Untracked 
| 111|0x0000000445000000, 0x0000000445000000, 0x0000000445800000|  0%| F|  |TAMS 0x0000000445000000, 0x0000000445000000| Untracked 
| 112|0x0000000445800000, 0x0000000445800000, 0x0000000446000000|  0%| F|  |TAMS 0x0000000445800000, 0x0000000445800000| Untracked 
| 113|0x0000000446000000, 0x0000000446000000, 0x0000000446800000|  0%| F|  |TAMS 0x0000000446000000, 0x0000000446000000| Untracked 
| 114|0x0000000446800000, 0x0000000446f38010, 0x0000000447000000| 90%| S|CS|TAMS 0x0000000446800000, 0x0000000446800000| Complete 
| 115|0x0000000447000000, 0x0000000447000000, 0x0000000447800000|  0%| F|  |TAMS 0x0000000447000000, 0x0000000447000000| Untracked 
| 116|0x0000000447800000, 0x0000000447800000, 0x0000000448000000|  0%| F|  |TAMS 0x0000000447800000, 0x0000000447800000| Untracked 
| 117|0x0000000448000000, 0x0000000448000000, 0x0000000448800000|  0%| F|  |TAMS 0x0000000448000000, 0x0000000448000000| Untracked 
| 118|0x0000000448800000, 0x0000000448800000, 0x0000000449000000|  0%| F|  |TAMS 0x0000000448800000, 0x0000000448800000| Untracked 
| 119|0x0000000449000000, 0x0000000449000000, 0x0000000449800000|  0%| F|  |TAMS 0x0000000449000000, 0x0000000449000000| Untracked 
| 120|0x0000000449800000, 0x0000000449800000, 0x000000044a000000|  0%| F|  |TAMS 0x0000000449800000, 0x0000000449800000| Untracked 
| 121|0x000000044a000000, 0x000000044a000000, 0x000000044a800000|  0%| F|  |TAMS 0x000000044a000000, 0x000000044a000000| Untracked 
| 122|0x000000044a800000, 0x000000044a800000, 0x000000044b000000|  0%| F|  |TAMS 0x000000044a800000, 0x000000044a800000| Untracked 
| 123|0x000000044b000000, 0x000000044b000000, 0x000000044b800000|  0%| F|  |TAMS 0x000000044b000000, 0x000000044b000000| Untracked 
| 124|0x000000044b800000, 0x000000044b800000, 0x000000044c000000|  0%| F|  |TAMS 0x000000044b800000, 0x000000044b800000| Untracked 
| 125|0x000000044c000000, 0x000000044c000000, 0x000000044c800000|  0%| F|  |TAMS 0x000000044c000000, 0x000000044c000000| Untracked 
| 126|0x000000044c800000, 0x000000044c800000, 0x000000044d000000|  0%| F|  |TAMS 0x000000044c800000, 0x000000044c800000| Untracked 
| 127|0x000000044d000000, 0x000000044d000000, 0x000000044d800000|  0%| F|  |TAMS 0x000000044d000000, 0x000000044d000000| Untracked 
| 128|0x000000044d800000, 0x000000044d800000, 0x000000044e000000|  0%| F|  |TAMS 0x000000044d800000, 0x000000044d800000| Untracked 
| 129|0x000000044e000000, 0x000000044e000000, 0x000000044e800000|  0%| F|  |TAMS 0x000000044e000000, 0x000000044e000000| Untracked 
| 130|0x000000044e800000, 0x000000044e800000, 0x000000044f000000|  0%| F|  |TAMS 0x000000044e800000, 0x000000044e800000| Untracked 
| 131|0x000000044f000000, 0x000000044f000000, 0x000000044f800000|  0%| F|  |TAMS 0x000000044f000000, 0x000000044f000000| Untracked 
| 132|0x000000044f800000, 0x000000044f800000, 0x0000000450000000|  0%| F|  |TAMS 0x000000044f800000, 0x000000044f800000| Untracked 
| 133|0x0000000450000000, 0x0000000450000000, 0x0000000450800000|  0%| F|  |TAMS 0x0000000450000000, 0x0000000450000000| Untracked 
| 134|0x0000000450800000, 0x0000000450800000, 0x0000000451000000|  0%| F|  |TAMS 0x0000000450800000, 0x0000000450800000| Untracked 
| 135|0x0000000451000000, 0x0000000451000000, 0x0000000451800000|  0%| F|  |TAMS 0x0000000451000000, 0x0000000451000000| Untracked 
| 136|0x0000000451800000, 0x0000000451800000, 0x0000000452000000|  0%| F|  |TAMS 0x0000000451800000, 0x0000000451800000| Untracked 
| 137|0x0000000452000000, 0x0000000452000000, 0x0000000452800000|  0%| F|  |TAMS 0x0000000452000000, 0x0000000452000000| Untracked 
| 138|0x0000000452800000, 0x0000000452800000, 0x0000000453000000|  0%| F|  |TAMS 0x0000000452800000, 0x0000000452800000| Untracked 
| 139|0x0000000453000000, 0x0000000453000000, 0x0000000453800000|  0%| F|  |TAMS 0x0000000453000000, 0x0000000453000000| Untracked 
| 140|0x0000000453800000, 0x0000000453800000, 0x0000000454000000|  0%| F|  |TAMS 0x0000000453800000, 0x0000000453800000| Untracked 
| 141|0x0000000454000000, 0x0000000454000000, 0x0000000454800000|  0%| F|  |TAMS 0x0000000454000000, 0x0000000454000000| Untracked 
| 142|0x0000000454800000, 0x0000000454800000, 0x0000000455000000|  0%| F|  |TAMS 0x0000000454800000, 0x0000000454800000| Untracked 
| 143|0x0000000455000000, 0x0000000455000000, 0x0000000455800000|  0%| F|  |TAMS 0x0000000455000000, 0x0000000455000000| Untracked 
| 144|0x0000000455800000, 0x0000000455800000, 0x0000000456000000|  0%| F|  |TAMS 0x0000000455800000, 0x0000000455800000| Untracked 
| 145|0x0000000456000000, 0x0000000456000000, 0x0000000456800000|  0%| F|  |TAMS 0x0000000456000000, 0x0000000456000000| Untracked 
| 146|0x0000000456800000, 0x0000000456800000, 0x0000000457000000|  0%| F|  |TAMS 0x0000000456800000, 0x0000000456800000| Untracked 
| 147|0x0000000457000000, 0x0000000457000000, 0x0000000457800000|  0%| F|  |TAMS 0x0000000457000000, 0x0000000457000000| Untracked 
| 148|0x0000000457800000, 0x0000000457800000, 0x0000000458000000|  0%| F|  |TAMS 0x0000000457800000, 0x0000000457800000| Untracked 
| 149|0x0000000458000000, 0x0000000458000000, 0x0000000458800000|  0%| F|  |TAMS 0x0000000458000000, 0x0000000458000000| Untracked 
| 150|0x0000000458800000, 0x0000000458800000, 0x0000000459000000|  0%| F|  |TAMS 0x0000000458800000, 0x0000000458800000| Untracked 
| 151|0x0000000459000000, 0x0000000459000000, 0x0000000459800000|  0%| F|  |TAMS 0x0000000459000000, 0x0000000459000000| Untracked 
| 152|0x0000000459800000, 0x0000000459800000, 0x000000045a000000|  0%| F|  |TAMS 0x0000000459800000, 0x0000000459800000| Untracked 
| 153|0x000000045a000000, 0x000000045a000000, 0x000000045a800000|  0%| F|  |TAMS 0x000000045a000000, 0x000000045a000000| Untracked 

Card table byte_map: [0x0000021dac2c0000,0x0000021dae260000] _byte_map_base: 0x0000021daa254000

Marking Bits (Prev, Next): (CMBitMap*) 0x0000021d91bd2600, (CMBitMap*) 0x0000021d91bd2640
 Prev Bits: [0x0000021db0200000, 0x0000021dbfea0000)
 Next Bits: [0x0000021dbfea0000, 0x0000021dcfb40000)

Polling page: 0x0000021d8f830000

Metaspace:

Usage:
  Non-class:    116.37 MB used.
      Class:     21.04 MB used.
       Both:    137.41 MB used.

Virtual space:
  Non-class space:      128.00 MB reserved,     117.38 MB ( 92%) committed,  2 nodes.
      Class space:        1.00 GB reserved,      21.81 MB (  2%) committed,  1 nodes.
             Both:        1.12 GB reserved,     139.19 MB ( 12%) committed. 

Chunk freelists:
   Non-Class:  10.17 MB
       Class:  10.16 MB
        Both:  20.33 MB

MaxMetaspaceSize: unlimited
CompressedClassSpaceSize: 1.00 GB
Initial GC threshold: 21.00 MB
Current GC threshold: 230.75 MB
CDS: on
MetaspaceReclaimPolicy: balanced
 - commit_granule_bytes: 65536.
 - commit_granule_words: 8192.
 - virtual_space_node_default_size: 8388608.
 - enlarge_chunks_in_place: 1.
 - new_chunks_are_fully_committed: 0.
 - uncommit_free_chunks: 1.
 - use_allocation_guard: 0.
 - handle_deallocations: 1.


Internal statistics:

num_allocs_failed_limit: 12.
num_arena_births: 2816.
num_arena_deaths: 14.
num_vsnodes_births: 3.
num_vsnodes_deaths: 0.
num_space_committed: 2222.
num_space_uncommitted: 0.
num_chunks_returned_to_freelist: 33.
num_chunks_taken_from_freelist: 8826.
num_chunk_merges: 21.
num_chunk_splits: 5703.
num_chunks_enlarged: 3703.
num_inconsistent_stats: 0.

CodeHeap 'non-profiled nmethods': size=118848Kb used=19116Kb max_used=19116Kb free=99731Kb
 bounds [0x0000021da12c0000, 0x0000021da2580000, 0x0000021da86d0000]
CodeHeap 'profiled nmethods': size=118848Kb used=32103Kb max_used=32103Kb free=86744Kb
 bounds [0x0000021d996d0000, 0x0000021d9b630000, 0x0000021da0ae0000]
CodeHeap 'non-nmethods': size=8064Kb used=4769Kb max_used=4813Kb free=3294Kb
 bounds [0x0000021da0ae0000, 0x0000021da0fa0000, 0x0000021da12c0000]
 total_blobs=21737 nmethods=19597 adapters=2044
 compilation: enabled
              stopped_count=0, restarted_count=0
 full_count=0

Compilation events (20 events):
Event: 2131.883 Thread 0x0000021e1bb8d560 nmethod 27022 0x0000021d9b627010 code [0x0000021d9b6271c0, 0x0000021d9b6273d8]
Event: 2131.883 Thread 0x0000021dd3706500 nmethod 27020 0x0000021d9b627510 code [0x0000021d9b6276a0, 0x0000021d9b627838]
Event: 2131.883 Thread 0x0000021e1bb8d560 27023       2       net.minecraft.client.renderer.LevelRenderer::addRecentlyCompiledChunk (12 bytes)
Event: 2131.883 Thread 0x0000021e1bb8eaa0 27024       2       net.minecraft.Util$$Lambda$7758/0x0000021dd610e000::apply (12 bytes)
Event: 2131.884 Thread 0x0000021e1bb8c570 27025       2       net.minecraft.Util::lambda$fallibleSequence$12 (2 bytes)
Event: 2131.884 Thread 0x0000021e1bb8b580 27026       2       net.minecraft.client.renderer.chunk.ChunkRenderDispatcher$RenderChunk$RebuildTask$$Lambda$10760/0x0000021dd65bb7b8::apply (20 bytes)
Event: 2131.884 Thread 0x0000021dd3706500 27027       2       net.minecraft.client.renderer.chunk.ChunkRenderDispatcher$RenderChunk$RebuildTask::lambda$doTask$1 (88 bytes)
Event: 2131.884 Thread 0x0000021e1bb8d560 nmethod 27023 0x0000021d9b627910 code [0x0000021d9b627aa0, 0x0000021d9b627bc8]
Event: 2131.884 Thread 0x0000021e1bb8c570 nmethod 27025 0x0000021d9b627c90 code [0x0000021d9b627e20, 0x0000021d9b627f18]
Event: 2131.884 Thread 0x0000021e1bb8eaa0 nmethod 27024 0x0000021d9b627f90 code [0x0000021d9b628120, 0x0000021d9b628278]
Event: 2131.884 Thread 0x0000021e1bb8d560 27028   !   2       java.util.concurrent.PriorityBlockingQueue::poll (27 bytes)
Event: 2131.884 Thread 0x0000021e1bb8b580 nmethod 27026 0x0000021d9b628310 code [0x0000021d9b6284c0, 0x0000021d9b6286a8]
Event: 2131.884 Thread 0x0000021e1bb8eaa0 27029       2       java.util.concurrent.PriorityBlockingQueue::dequeue (71 bytes)
Event: 2131.885 Thread 0x0000021e1bb8c570 27030       2       net.minecraft.client.renderer.chunk.ChunkRenderDispatcher::pollTask (76 bytes)
Event: 2131.885 Thread 0x0000021e1bb8eaa0 nmethod 27029 0x0000021d9b629090 code [0x0000021d9b629240, 0x0000021d9b629478]
Event: 2131.885 Thread 0x0000021e1bb8b580 27031       2       java.util.concurrent.CompletableFuture$UniCompose::<init> (14 bytes)
Event: 2131.888 Thread 0x0000021dd3706500 nmethod 27027 0x0000021d9b628790 code [0x0000021d9b628980, 0x0000021d9b628dc8]
Event: 2131.889 Thread 0x0000021e1bb8eaa0 27034       3       java.util.stream.ReferencePipeline::toArray (18 bytes)
Event: 2131.895 Thread 0x0000021dd3706500 27041   !   2       java.util.concurrent.LinkedBlockingQueue::poll (99 bytes)
Event: 2131.895 Thread 0x0000021e1bb8d560 nmethod 27028 0x0000021d9b629590 code [0x0000021d9b629780, 0x0000021d9b629a48]

GC Heap History (20 events):
Event: 2024.930 GC heap after
{Heap after GC invocations=98 (full 0):
 garbage-first heap   total 958464K, used 544997K [0x000000040d800000, 0x0000000800000000)
  region size 8192K, 1 young (8192K), 1 survivors (8192K)
 Metaspace       used 118666K, committed 120192K, reserved 1179648K
  class space    used 18396K, committed 19072K, reserved 1048576K
}
Event: 2085.248 GC heap before
{Heap before GC invocations=98 (full 0):
 garbage-first heap   total 958464K, used 839909K [0x000000040d800000, 0x0000000800000000)
  region size 8192K, 37 young (303104K), 1 survivors (8192K)
 Metaspace       used 118666K, committed 120192K, reserved 1179648K
  class space    used 18396K, committed 19072K, reserved 1048576K
}
Event: 2085.249 GC heap after
{Heap after GC invocations=99 (full 0):
 garbage-first heap   total 958464K, used 545001K [0x000000040d800000, 0x0000000800000000)
  region size 8192K, 1 young (8192K), 1 survivors (8192K)
 Metaspace       used 118666K, committed 120192K, reserved 1179648K
  class space    used 18396K, committed 19072K, reserved 1048576K
}
Event: 2125.103 GC heap before
{Heap before GC invocations=100 (full 0):
 garbage-first heap   total 958464K, used 749801K [0x000000040d800000, 0x0000000800000000)
  region size 8192K, 27 young (221184K), 1 survivors (8192K)
 Metaspace       used 125269K, committed 126912K, reserved 1179648K
  class space    used 19352K, committed 20096K, reserved 1048576K
}
Event: 2125.106 GC heap after
{Heap after GC invocations=101 (full 0):
 garbage-first heap   total 958464K, used 549252K [0x000000040d800000, 0x0000000800000000)
  region size 8192K, 1 young (8192K), 1 survivors (8192K)
 Metaspace       used 125269K, committed 126912K, reserved 1179648K
  class space    used 19352K, committed 20096K, reserved 1048576K
}
Event: 2127.807 GC heap before
{Heap before GC invocations=102 (full 0):
 garbage-first heap   total 958464K, used 852356K [0x000000040d800000, 0x0000000800000000)
  region size 8192K, 37 young (303104K), 1 survivors (8192K)
 Metaspace       used 126616K, committed 128256K, reserved 1179648K
  class space    used 19549K, committed 20288K, reserved 1048576K
}
Event: 2127.813 GC heap after
{Heap after GC invocations=103 (full 0):
 garbage-first heap   total 958464K, used 572034K [0x000000040d800000, 0x0000000800000000)
  region size 8192K, 3 young (24576K), 3 survivors (24576K)
 Metaspace       used 126616K, committed 128256K, reserved 1179648K
  class space    used 19549K, committed 20288K, reserved 1048576K
}
Event: 2128.784 GC heap before
{Heap before GC invocations=103 (full 0):
 garbage-first heap   total 958464K, used 825986K [0x000000040d800000, 0x0000000800000000)
  region size 8192K, 34 young (278528K), 3 survivors (24576K)
 Metaspace       used 130263K, committed 131904K, reserved 1179648K
  class space    used 20040K, committed 20800K, reserved 1048576K
}
Event: 2128.797 GC heap after
{Heap after GC invocations=104 (full 0):
 garbage-first heap   total 958464K, used 618181K [0x000000040d800000, 0x0000000800000000)
  region size 8192K, 5 young (40960K), 5 survivors (40960K)
 Metaspace       used 130263K, committed 131904K, reserved 1179648K
  class space    used 20040K, committed 20800K, reserved 1048576K
}
Event: 2129.113 GC heap before
{Heap before GC invocations=105 (full 0):
 garbage-first heap   total 1163264K, used 798405K [0x000000040d800000, 0x0000000800000000)
  region size 8192K, 27 young (221184K), 5 survivors (40960K)
 Metaspace       used 132333K, committed 134080K, reserved 1179648K
  class space    used 20406K, committed 21184K, reserved 1048576K
}
Event: 2129.121 GC heap after
{Heap after GC invocations=106 (full 0):
 garbage-first heap   total 1163264K, used 624315K [0x000000040d800000, 0x0000000800000000)
  region size 8192K, 2 young (16384K), 2 survivors (16384K)
 Metaspace       used 132333K, committed 134080K, reserved 1179648K
  class space    used 20406K, committed 21184K, reserved 1048576K
}
Event: 2129.280 GC heap before
{Heap before GC invocations=106 (full 0):
 garbage-first heap   total 1163264K, used 665275K [0x000000040d800000, 0x0000000800000000)
  region size 8192K, 7 young (57344K), 2 survivors (16384K)
 Metaspace       used 132775K, committed 134528K, reserved 1179648K
  class space    used 20464K, committed 21248K, reserved 1048576K
}
Event: 2129.283 GC heap after
{Heap after GC invocations=107 (full 0):
 garbage-first heap   total 1163264K, used 627204K [0x000000040d800000, 0x0000000800000000)
  region size 8192K, 1 young (8192K), 1 survivors (8192K)
 Metaspace       used 132775K, committed 134528K, reserved 1179648K
  class space    used 20464K, committed 21248K, reserved 1048576K
}
Event: 2131.144 GC heap before
{Heap before GC invocations=107 (full 0):
 garbage-first heap   total 1163264K, used 954884K [0x000000040d800000, 0x0000000800000000)
  region size 8192K, 41 young (335872K), 1 survivors (8192K)
 Metaspace       used 139812K, committed 141568K, reserved 1179648K
  class space    used 21441K, committed 22208K, reserved 1048576K
}
Event: 2131.154 GC heap after
{Heap after GC invocations=108 (full 0):
 garbage-first heap   total 1163264K, used 687751K [0x000000040d800000, 0x0000000800000000)
  region size 8192K, 6 young (49152K), 6 survivors (49152K)
 Metaspace       used 139812K, committed 141568K, reserved 1179648K
  class space    used 21441K, committed 22208K, reserved 1048576K
}
Event: 2131.475 GC heap before
{Heap before GC invocations=109 (full 0):
 garbage-first heap   total 1261568K, used 925319K [0x000000040d800000, 0x0000000800000000)
  region size 8192K, 35 young (286720K), 6 survivors (49152K)
 Metaspace       used 140137K, committed 141888K, reserved 1179648K
  class space    used 21472K, committed 22272K, reserved 1048576K
}
Event: 2131.481 GC heap after
{Heap after GC invocations=110 (full 0):
 garbage-first heap   total 1261568K, used 706144K [0x000000040d800000, 0x0000000800000000)
  region size 8192K, 3 young (24576K), 3 survivors (24576K)
 Metaspace       used 140137K, committed 141888K, reserved 1179648K
  class space    used 21472K, committed 22272K, reserved 1048576K
}
Event: 2131.515 GC heap before
{Heap before GC invocations=110 (full 0):
 garbage-first heap   total 1261568K, used 738912K [0x000000040d800000, 0x0000000800000000)
  region size 8192K, 7 young (57344K), 3 survivors (24576K)
 Metaspace       used 140142K, committed 141888K, reserved 1179648K
  class space    used 21472K, committed 22272K, reserved 1048576K
}
Event: 2131.517 GC heap after
{Heap after GC invocations=111 (full 0):
 garbage-first heap   total 1261568K, used 696071K [0x000000040d800000, 0x0000000800000000)
  region size 8192K, 1 young (8192K), 1 survivors (8192K)
 Metaspace       used 140142K, committed 141888K, reserved 1179648K
  class space    used 21472K, committed 22272K, reserved 1048576K
}
Event: 2131.895 GC heap before
{Heap before GC invocations=111 (full 0):
 garbage-first heap   total 1261568K, used 1007367K [0x000000040d800000, 0x0000000800000000)
  region size 8192K, 39 young (319488K), 1 survivors (8192K)
 Metaspace       used 140707K, committed 142528K, reserved 1179648K
  class space    used 21542K, committed 22336K, reserved 1048576K
}

Dll operation events (15 events):
Event: 0.012 Loaded shared library C:\Users\paulm\.jdks\temurin-17.0.14\bin\java.dll
Event: 0.022 Loaded shared library C:\Users\paulm\.jdks\temurin-17.0.14\bin\jsvml.dll
Event: 0.127 Loaded shared library C:\Users\paulm\.jdks\temurin-17.0.14\bin\net.dll
Event: 0.129 Loaded shared library C:\Users\paulm\.jdks\temurin-17.0.14\bin\nio.dll
Event: 0.130 Loaded shared library C:\Users\paulm\.jdks\temurin-17.0.14\bin\zip.dll
Event: 0.165 Loaded shared library C:\Users\paulm\.jdks\temurin-17.0.14\bin\jimage.dll
Event: 0.394 Loaded shared library C:\Users\paulm\.jdks\temurin-17.0.14\bin\verify.dll
Event: 1.893 Loaded shared library C:\Users\paulm\.jdks\temurin-17.0.14\bin\management.dll
Event: 1.901 Loaded shared library C:\Users\paulm\.jdks\temurin-17.0.14\bin\management_ext.dll
Event: 2.551 Loaded shared library C:\Users\paulm\AppData\Local\Temp\lwjglpaulm\3.3.1-build-7\lwjgl.dll
Event: 2.918 Loaded shared library C:\Users\paulm\AppData\Local\Temp\lwjglpaulm\3.3.1-build-7\lwjgl_opengl.dll
Event: 2.982 Loaded shared library C:\Users\paulm\AppData\Local\Temp\lwjglpaulm\3.3.1-build-7\lwjgl_stb.dll
Event: 7.699 Loaded shared library C:\Users\paulm\AppData\Local\Temp\jna-106439973\jna4940771115053496723.dll
Event: 12.230 Loaded shared library C:\Users\paulm\.jdks\temurin-17.0.14\bin\sunmscapi.dll
Event: 12.286 Loaded shared library C:\Users\paulm\.jdks\temurin-17.0.14\bin\extnet.dll

Deoptimization events (20 events):
Event: 2131.867 Thread 0x0000021d91b5d6f0 DEOPT PACKING pc=0x0000021d9b39a096 sp=0x000000bea67fdd30
Event: 2131.867 Thread 0x0000021d91b5d6f0 DEOPT UNPACKING pc=0x0000021da0b3ace3 sp=0x000000bea67fd1a0 mode 0
Event: 2131.873 Thread 0x0000021e2ccdf860 DEOPT PACKING pc=0x0000021d9b534f91 sp=0x000000beb08fef60
Event: 2131.873 Thread 0x0000021e2ccdf860 DEOPT UNPACKING pc=0x0000021da0b3ace3 sp=0x000000beb08fe408 mode 0
Event: 2131.874 Thread 0x0000021e2a09b730 DEOPT PACKING pc=0x0000021d9b534f91 sp=0x000000beae1fefd0
Event: 2131.874 Thread 0x0000021e2a09b730 DEOPT UNPACKING pc=0x0000021da0b3ace3 sp=0x000000beae1fe478 mode 0
Event: 2131.877 Thread 0x0000021e2a09d080 DEOPT PACKING pc=0x0000021d9b534f91 sp=0x000000beb04fecd0
Event: 2131.877 Thread 0x0000021e2a09d080 DEOPT UNPACKING pc=0x0000021da0b3ace3 sp=0x000000beb04fe178 mode 0
Event: 2131.877 Thread 0x0000021e1da078b0 DEOPT PACKING pc=0x0000021d9b49840a sp=0x000000beaf1feb70
Event: 2131.877 Thread 0x0000021e1da078b0 DEOPT UNPACKING pc=0x0000021da0b3ace3 sp=0x000000beaf1fdf90 mode 0
Event: 2131.879 Thread 0x0000021e1da08cf0 DEOPT PACKING pc=0x0000021d9b534f91 sp=0x000000beb01fe930
Event: 2131.879 Thread 0x0000021e1da08cf0 DEOPT UNPACKING pc=0x0000021da0b3ace3 sp=0x000000beb01fddd8 mode 0
Event: 2131.882 Thread 0x0000021e1da09710 DEOPT PACKING pc=0x0000021d9b534f91 sp=0x000000beaf0feed0
Event: 2131.882 Thread 0x0000021e1da09710 DEOPT UNPACKING pc=0x0000021da0b3ace3 sp=0x000000beaf0fe378 mode 0
Event: 2131.884 Thread 0x0000021e2a09c150 DEOPT PACKING pc=0x0000021d9b534f91 sp=0x000000beae3fec80
Event: 2131.884 Thread 0x0000021e2a09c150 DEOPT UNPACKING pc=0x0000021da0b3ace3 sp=0x000000beae3fe128 mode 0
Event: 2131.893 Thread 0x0000021e1bda6cf0 DEOPT PACKING pc=0x0000021d9b49840a sp=0x000000beae8febc0
Event: 2131.893 Thread 0x0000021e1bda6cf0 DEOPT UNPACKING pc=0x0000021da0b3ace3 sp=0x000000beae8fdfe0 mode 0
Event: 2131.894 Thread 0x0000021e2a09cb70 DEOPT PACKING pc=0x0000021d9b49840a sp=0x000000beae7fe9c0
Event: 2131.895 Thread 0x0000021e2a09cb70 DEOPT UNPACKING pc=0x0000021da0b3ace3 sp=0x000000beae7fdde0 mode 0

Classes loaded (20 events):
Event: 2130.422 Loading class java/util/stream/LongPipeline$Head
Event: 2130.422 Loading class java/util/stream/LongPipeline$Head done
Event: 2130.423 Loading class java/util/stream/LongPipeline$1
Event: 2130.423 Loading class java/util/stream/LongPipeline$1 done
Event: 2130.424 Loading class java/util/stream/LongPipeline$1$1
Event: 2130.424 Loading class java/util/stream/Sink$ChainedLong
Event: 2130.424 Loading class java/util/stream/Sink$ChainedLong done
Event: 2130.424 Loading class java/util/stream/LongPipeline$1$1 done
Event: 2130.527 Loading class java/util/Spliterators$LongIteratorSpliterator
Event: 2130.527 Loading class java/util/Spliterators$LongIteratorSpliterator done
Event: 2130.770 Loading class java/util/concurrent/ForkJoinTask$AdaptedRunnableAction
Event: 2130.770 Loading class java/util/concurrent/ForkJoinTask$AdaptedRunnableAction done
Event: 2130.841 Loading class sun/security/ssl/PreSharedKeyExtension$PskIdentity
Event: 2130.841 Loading class sun/security/ssl/PreSharedKeyExtension$PskIdentity done
Event: 2130.841 Loading class sun/security/ssl/PreSharedKeyExtension$CHPreSharedKeySpec
Event: 2130.842 Loading class sun/security/ssl/PreSharedKeyExtension$CHPreSharedKeySpec done
Event: 2130.842 Loading class sun/security/ssl/PreSharedKeyExtension$PartialClientHelloMessage
Event: 2130.842 Loading class sun/security/ssl/PreSharedKeyExtension$PartialClientHelloMessage done
Event: 2130.879 Loading class sun/security/ssl/PreSharedKeyExtension$SHPreSharedKeySpec
Event: 2130.879 Loading class sun/security/ssl/PreSharedKeyExtension$SHPreSharedKeySpec done

Classes unloaded (7 events):
Event: 16.950 Thread 0x0000021dd36e5bf0 Unloading class 0x0000021dd6155c00 'java/lang/invoke/LambdaForm$DMH+0x0000021dd6155c00'
Event: 16.950 Thread 0x0000021dd36e5bf0 Unloading class 0x0000021dd6155800 'java/lang/invoke/LambdaForm$DMH+0x0000021dd6155800'
Event: 16.950 Thread 0x0000021dd36e5bf0 Unloading class 0x0000021dd6155400 'java/lang/invoke/LambdaForm$DMH+0x0000021dd6155400'
Event: 16.950 Thread 0x0000021dd36e5bf0 Unloading class 0x0000021dd6155000 'java/lang/invoke/LambdaForm$DMH+0x0000021dd6155000'
Event: 16.950 Thread 0x0000021dd36e5bf0 Unloading class 0x0000021dd6154400 'java/lang/invoke/LambdaForm$DMH+0x0000021dd6154400'
Event: 16.950 Thread 0x0000021dd36e5bf0 Unloading class 0x0000021dd6154800 'java/lang/invoke/LambdaForm$DMH+0x0000021dd6154800'
Event: 16.950 Thread 0x0000021dd36e5bf0 Unloading class 0x0000021dd6154c00 'java/lang/invoke/LambdaForm$DMH+0x0000021dd6154c00'

Classes redefined (0 events):
No events

Internal exceptions (20 events):
Event: 2130.858 Thread 0x0000021d91b5d6f0 Exception <a 'java/lang/NullPointerException'{0x0000000442981878}> (0x0000000442981878) 
thrown [s\src\hotspot\share\interpreter\linkResolver.cpp, line 1350]
Event: 2130.858 Thread 0x0000021d91b5d6f0 Exception <a 'java/lang/NullPointerException'{0x0000000442981df8}> (0x0000000442981df8) 
thrown [s\src\hotspot\share\interpreter\linkResolver.cpp, line 1350]
Event: 2130.858 Thread 0x0000021d91b5d6f0 Exception <a 'java/lang/NullPointerException'{0x0000000442982378}> (0x0000000442982378) 
thrown [s\src\hotspot\share\interpreter\linkResolver.cpp, line 1433]
Event: 2130.858 Thread 0x0000021d91b5d6f0 Exception <a 'java/lang/NullPointerException'{0x00000004429828f8}> (0x00000004429828f8) 
thrown [s\src\hotspot\share\interpreter\linkResolver.cpp, line 1350]
Event: 2130.859 Thread 0x0000021d91b5d6f0 Exception <a 'java/lang/NullPointerException'{0x0000000442982e78}> (0x0000000442982e78) 
thrown [s\src\hotspot\share\interpreter\linkResolver.cpp, line 1350]
Event: 2130.859 Thread 0x0000021d91b5d6f0 Exception <a 'java/lang/NullPointerException'{0x00000004429833f8}> (0x00000004429833f8) 
thrown [s\src\hotspot\share\interpreter\linkResolver.cpp, line 1350]
Event: 2130.859 Thread 0x0000021d91b5d6f0 Exception <a 'java/lang/NullPointerException'{0x0000000442983978}> (0x0000000442983978) 
thrown [s\src\hotspot\share\interpreter\linkResolver.cpp, line 1350]
Event: 2130.859 Thread 0x0000021d91b5d6f0 Exception <a 'java/lang/NullPointerException'{0x0000000442983ef8}> (0x0000000442983ef8) 
thrown [s\src\hotspot\share\interpreter\linkResolver.cpp, line 1350]
Event: 2130.859 Thread 0x0000021d91b5d6f0 Exception <a 'java/lang/NullPointerException'{0x0000000442984478}> (0x0000000442984478) 
thrown [s\src\hotspot\share\interpreter\linkResolver.cpp, line 1350]
Event: 2130.859 Thread 0x0000021d91b5d6f0 Exception <a 'java/lang/NullPointerException'{0x00000004429849f8}> (0x00000004429849f8) 
thrown [s\src\hotspot\share\interpreter\linkResolver.cpp, line 1350]
Event: 2130.859 Thread 0x0000021d91b5d6f0 Exception <a 'java/lang/NullPointerException'{0x0000000442984f78}> (0x0000000442984f78) 
thrown [s\src\hotspot\share\interpreter\linkResolver.cpp, line 1350]
Event: 2130.859 Thread 0x0000021d91b5d6f0 Exception <a 'java/lang/NullPointerException'{0x00000004429854f8}> (0x00000004429854f8) 
thrown [s\src\hotspot\share\interpreter\linkResolver.cpp, line 1350]
Event: 2130.859 Thread 0x0000021d91b5d6f0 Exception <a 'java/lang/NullPointerException'{0x0000000442985a78}> (0x0000000442985a78) 
thrown [s\src\hotspot\share\interpreter\linkResolver.cpp, line 1350]
Event: 2130.859 Thread 0x0000021d91b5d6f0 Exception <a 'java/lang/NullPointerException'{0x0000000442985ff8}> (0x0000000442985ff8) 
thrown [s\src\hotspot\share\interpreter\linkResolver.cpp, line 1350]
Event: 2130.859 Thread 0x0000021d91b5d6f0 Exception <a 'java/lang/NullPointerException'{0x0000000442986578}> (0x0000000442986578) 
thrown [s\src\hotspot\share\interpreter\linkResolver.cpp, line 1350]
Event: 2130.872 Thread 0x0000021d91b5d6f0 Exception <a 'java/lang/NoSuchMethodError'{0x0000000442a6b9d0}: 'java.lang.Object java.lang.invoke.DirectMethodHandle$Holder.newInvokeSpecial(java.lang.Object, java.lang.Object, long, long)'> (0x0000000442a6b9d0) 
thrown [s\src\hotspot\share\interpreter\linkResolver.cpp, line 759]
Event: 2130.872 Thread 0x0000021d91b5d6f0 Exception <a 'java/lang/NoSuchMethodError'{0x0000000442a6fa50}: 'java.lang.Object java.lang.invoke.DirectMethodHandle$Holder.invokeSpecial(java.lang.Object, java.lang.Object, java.lang.Object, long, long)'> (0x0000000442a6fa50) 
thrown [s\src\hotspot\share\interpreter\linkResolver.cpp, line 759]
Event: 2130.872 Thread 0x0000021d91b5d6f0 Exception <a 'java/lang/NoSuchMethodError'{0x0000000442a89750}: 'java.lang.Object java.lang.invoke.DirectMethodHandle$Holder.newInvokeSpecial(java.lang.Object, long, long)'> (0x0000000442a89750) 
thrown [s\src\hotspot\share\interpreter\linkResolver.cpp, line 759]
Event: 2131.207 Thread 0x0000021d91b5d6f0 Implicit null exception at 0x0000021da16b061f to 0x0000021da16b0748
Event: 2131.666 Thread 0x0000021d91b5d6f0 Implicit null exception at 0x0000021da13abeeb to 0x0000021da13ac0d8

VM Operations (20 events):
Event: 2131.101 Executing VM operation: ICBufferFull done
Event: 2131.143 Executing VM operation: G1CollectForAllocation
Event: 2131.154 Executing VM operation: G1CollectForAllocation done
Event: 2131.255 Executing VM operation: G1PauseRemark
Event: 2131.261 Executing VM operation: G1PauseRemark done
Event: 2131.312 Executing VM operation: G1PauseCleanup
Event: 2131.313 Executing VM operation: G1PauseCleanup done
Event: 2131.474 Executing VM operation: G1CollectForAllocation
Event: 2131.481 Executing VM operation: G1CollectForAllocation done
Event: 2131.515 Executing VM operation: G1CollectForAllocation
Event: 2131.517 Executing VM operation: G1CollectForAllocation done
Event: 2131.736 Executing VM operation: HandshakeAllThreads
Event: 2131.743 Executing VM operation: HandshakeAllThreads done
Event: 2131.806 Executing VM operation: HandshakeAllThreads
Event: 2131.806 Executing VM operation: HandshakeAllThreads done
Event: 2131.810 Executing VM operation: HandshakeAllThreads
Event: 2131.810 Executing VM operation: HandshakeAllThreads done
Event: 2131.817 Executing VM operation: ICBufferFull
Event: 2131.817 Executing VM operation: ICBufferFull done
Event: 2131.895 Executing VM operation: G1CollectForAllocation

Memory protections (0 events):
No events

Nmethod flushes (20 events):
Event: 2130.648 Thread 0x0000021dd3706b10 flushing  nmethod 0x0000021d9b066990
Event: 2130.648 Thread 0x0000021dd3706b10 flushing  nmethod 0x0000021d9b06f010
Event: 2130.648 Thread 0x0000021dd3706b10 flushing  nmethod 0x0000021d9b06fa10
Event: 2130.648 Thread 0x0000021dd3706b10 flushing  nmethod 0x0000021d9b0c6990
Event: 2130.648 Thread 0x0000021dd3706b10 flushing  nmethod 0x0000021d9b0c8310
Event: 2130.648 Thread 0x0000021dd3706b10 flushing  nmethod 0x0000021d9b0cb490
Event: 2131.746 Thread 0x0000021dd3706b10 flushing  nmethod 0x0000021da1892b10
Event: 2131.750 Thread 0x0000021dd3706b10 flushing  nmethod 0x0000021da1c16a90
Event: 2131.756 Thread 0x0000021dd3706b10 flushing  nmethod 0x0000021da21b2890
Event: 2131.759 Thread 0x0000021dd3706b10 flushing  nmethod 0x0000021da23c0990
Event: 2131.759 Thread 0x0000021dd3706b10 flushing  nmethod 0x0000021da241d990
Event: 2131.759 Thread 0x0000021dd3706b10 flushing  nmethod 0x0000021da2421590
Event: 2131.764 Thread 0x0000021dd3706b10 flushing  nmethod 0x0000021d99962490
Event: 2131.782 Thread 0x0000021dd3706b10 flushing  nmethod 0x0000021d99bb3c10
Event: 2131.818 Thread 0x0000021dd3706b10 flushing  nmethod 0x0000021d9aed3e10
Event: 2131.819 Thread 0x0000021dd3706b10 flushing  nmethod 0x0000021d9b04b090
Event: 2131.820 Thread 0x0000021dd3706b10 flushing  nmethod 0x0000021d9b0c3610
Event: 2131.820 Thread 0x0000021dd3706b10 flushing  nmethod 0x0000021d9b0c4190
Event: 2131.820 Thread 0x0000021dd3706b10 flushing  nmethod 0x0000021d9b0c5710
Event: 2131.820 Thread 0x0000021dd3706b10 flushing  nmethod 0x0000021d9b112e10

Events (20 events):
Event: 2131.065 Thread 0x0000021e2a09dfb0 Thread added: 0x0000021e1bda6cf0
Event: 2131.165 Thread 0x0000021e1bda6cf0 Thread added: 0x0000021e1bda9f90
Event: 2131.165 Thread 0x0000021e1bda9f90 Thread added: 0x0000021e1bda8130
Event: 2131.241 Thread 0x0000021e2a09dfb0 Thread added: 0x0000021e1bdadc50
Event: 2131.241 Thread 0x0000021e1bdadc50 Thread added: 0x0000021e1bdaa4a0
Event: 2131.242 Thread 0x0000021e1bdaa4a0 Thread added: 0x0000021e1da082d0
Event: 2131.242 Thread 0x0000021e1da082d0 Thread added: 0x0000021e1da087e0
Event: 2131.243 Thread 0x0000021e1da087e0 Thread added: 0x0000021e1da09710
Event: 2131.244 Thread 0x0000021e1da09710 Thread added: 0x0000021e1da078b0
Event: 2131.244 Thread 0x0000021e1da078b0 Thread added: 0x0000021e1da08cf0
Event: 2131.246 Thread 0x0000021e1da08cf0 Thread added: 0x0000021e2a097560
Event: 2131.246 Thread 0x0000021e1da08cf0 Thread added: 0x0000021e2a09e4c0
Event: 2131.247 Thread 0x0000021e2a097560 Thread added: 0x0000021e2a09d080
Event: 2131.294 Thread 0x0000021e2a09e4c0 Thread added: 0x0000021e2ccdee40
Event: 2131.304 Thread 0x0000021e2a09d590 Thread added: 0x0000021e2ccdd4f0
Event: 2131.305 Thread 0x0000021e1da078b0 Thread added: 0x0000021e2ccddf10
Event: 2131.306 Thread 0x0000021e2a09d080 Thread added: 0x0000021e2ccdf860
Event: 2131.306 Thread 0x0000021e2a09d080 Thread added: 0x0000021e2ccdc5c0
Event: 2131.306 Thread 0x0000021e2a09d080 Thread added: 0x0000021e2cce0280
Event: 2131.307 Thread 0x0000021e2a09d080 Thread added: 0x0000021e2ccdcad0


Dynamic libraries:
0x00007ff63fc50000 - 0x00007ff63fc5e000 	C:\Users\paulm\.jdks\temurin-17.0.14\bin\java.exe
0x00007ffe1a080000 - 0x00007ffe1a2e6000 	C:\WINDOWS\SYSTEM32\ntdll.dll
0x00007ffe19410000 - 0x00007ffe194d9000 	C:\WINDOWS\System32\KERNEL32.DLL
0x00007ffe17210000 - 0x00007ffe175dc000 	C:\WINDOWS\System32\KERNELBASE.dll
0x00007ffdbb020000 - 0x00007ffdbb0fb000 	C:\Program Files\Bitdefender\Bitdefender Security\bdhkm\dlls_267844236627677748\bdhkm64.dll
0x00007ffdbae50000 - 0x00007ffdbb014000 	C:\Program Files\Bitdefender\Bitdefender Security\atcuf\dlls_267844236606778053\atcuf64.dll
0x00007ffe176c0000 - 0x00007ffe1780b000 	C:\WINDOWS\System32\ucrtbase.dll
0x00007ffdd3c90000 - 0x00007ffdd3ca7000 	C:\Users\paulm\.jdks\temurin-17.0.14\bin\jli.dll
0x00007ffe194e0000 - 0x00007ffe196aa000 	C:\WINDOWS\System32\USER32.dll
0x00007ffe17690000 - 0x00007ffe176b7000 	C:\WINDOWS\System32\win32u.dll
0x00007ffe19ff0000 - 0x00007ffe1a01b000 	C:\WINDOWS\System32\GDI32.dll
0x00007ffe17d00000 - 0x00007ffe17e32000 	C:\WINDOWS\System32\gdi32full.dll
0x00007ffe175e0000 - 0x00007ffe17683000 	C:\WINDOWS\System32\msvcp_win.dll
0x00007ffdd3b10000 - 0x00007ffdd3b2e000 	C:\Users\paulm\.jdks\temurin-17.0.14\bin\VCRUNTIME140.dll
0x00007ffdf4e40000 - 0x00007ffdf50da000 	C:\WINDOWS\WinSxS\amd64_microsoft.windows.common-controls_6595b64144ccf1df_6.0.26100.3912_none_3e07963ce335137e\COMCTL32.dll
0x00007ffe19700000 - 0x00007ffe197a9000 	C:\WINDOWS\System32\msvcrt.dll
0x00007ffe19310000 - 0x00007ffe19340000 	C:\WINDOWS\System32\IMM32.DLL
0x00007ffde11f0000 - 0x00007ffde11fc000 	C:\Users\paulm\.jdks\temurin-17.0.14\bin\vcruntime140_1.dll
0x00007ffdc6770000 - 0x00007ffdc67fd000 	C:\Users\paulm\.jdks\temurin-17.0.14\bin\msvcp140.dll
0x00007ffd13f90000 - 0x00007ffd14bfb000 	C:\Users\paulm\.jdks\temurin-17.0.14\bin\server\jvm.dll
0x00007ffe19f30000 - 0x00007ffe19fe2000 	C:\WINDOWS\System32\ADVAPI32.dll
0x00007ffe197b0000 - 0x00007ffe19856000 	C:\WINDOWS\System32\sechost.dll
0x00007ffe17f90000 - 0x00007ffe180a6000 	C:\WINDOWS\System32\RPCRT4.dll
0x00007ffe17f00000 - 0x00007ffe17f74000 	C:\WINDOWS\System32\WS2_32.dll
0x00007ffe16060000 - 0x00007ffe160be000 	C:\WINDOWS\SYSTEM32\POWRPROF.dll
0x00007ffe0f7d0000 - 0x00007ffe0f806000 	C:\WINDOWS\SYSTEM32\WINMM.dll
0x00007ffe0f3c0000 - 0x00007ffe0f3cb000 	C:\WINDOWS\SYSTEM32\VERSION.dll
0x00007ffe16040000 - 0x00007ffe16054000 	C:\WINDOWS\SYSTEM32\UMPDC.dll
0x00007ffe160d0000 - 0x00007ffe160ea000 	C:\WINDOWS\SYSTEM32\kernel.appcore.dll
0x00007ffde0280000 - 0x00007ffde028a000 	C:\Users\paulm\.jdks\temurin-17.0.14\bin\jimage.dll
0x00007ffe14590000 - 0x00007ffe147d1000 	C:\WINDOWS\SYSTEM32\DBGHELP.DLL
0x00007ffe19b40000 - 0x00007ffe19ec4000 	C:\WINDOWS\System32\combase.dll
0x00007ffe18b10000 - 0x00007ffe18bf0000 	C:\WINDOWS\System32\OLEAUT32.dll
0x00007ffdf5520000 - 0x00007ffdf5559000 	C:\WINDOWS\SYSTEM32\dbgcore.DLL
0x00007ffe17ae0000 - 0x00007ffe17b79000 	C:\WINDOWS\System32\bcryptPrimitives.dll
0x00007ffdd0970000 - 0x00007ffdd0995000 	C:\Users\paulm\.jdks\temurin-17.0.14\bin\java.dll
0x00007ffdc0240000 - 0x00007ffdc0317000 	C:\Users\paulm\.jdks\temurin-17.0.14\bin\jsvml.dll
0x00007ffe18260000 - 0x00007ffe1898d000 	C:\WINDOWS\System32\SHELL32.dll
0x00007ffe17b80000 - 0x00007ffe17cf4000 	C:\WINDOWS\System32\wintypes.dll
0x00007ffe14e60000 - 0x00007ffe156b6000 	C:\WINDOWS\SYSTEM32\windows.storage.dll
0x00007ffe19860000 - 0x00007ffe1994f000 	C:\WINDOWS\System32\SHCORE.dll
0x00007ffe18a90000 - 0x00007ffe18af9000 	C:\WINDOWS\System32\shlwapi.dll
0x00007ffe17120000 - 0x00007ffe1714f000 	C:\WINDOWS\SYSTEM32\profapi.dll
0x00007ffdd1d70000 - 0x00007ffdd1d89000 	C:\Users\paulm\.jdks\temurin-17.0.14\bin\net.dll
0x00007ffe10440000 - 0x00007ffe1055e000 	C:\WINDOWS\SYSTEM32\WINHTTP.dll
0x00007ffe16660000 - 0x00007ffe166ca000 	C:\WINDOWS\system32\mswsock.dll
0x00007ffdd0e00000 - 0x00007ffdd0e16000 	C:\Users\paulm\.jdks\temurin-17.0.14\bin\nio.dll
0x00007ffdd0d50000 - 0x00007ffdd0d68000 	C:\Users\paulm\.jdks\temurin-17.0.14\bin\zip.dll
0x00007ffddfe80000 - 0x00007ffddfe90000 	C:\Users\paulm\.jdks\temurin-17.0.14\bin\verify.dll
0x00007ffdde0f0000 - 0x00007ffdde0fa000 	C:\Users\paulm\.jdks\temurin-17.0.14\bin\management.dll
0x00007ffddc500000 - 0x00007ffddc50b000 	C:\Users\paulm\.jdks\temurin-17.0.14\bin\management_ext.dll
0x00007ffe17e40000 - 0x00007ffe17e48000 	C:\WINDOWS\System32\PSAPI.DLL
0x00007ffde18f0000 - 0x00007ffde1908000 	C:\WINDOWS\system32\napinsp.dll
0x00007ffe15aa0000 - 0x00007ffe15bc7000 	C:\WINDOWS\SYSTEM32\DNSAPI.dll
0x00007ffe15a00000 - 0x00007ffe15a33000 	C:\WINDOWS\SYSTEM32\IPHLPAPI.DLL
0x00007ffe17f80000 - 0x00007ffe17f8a000 	C:\WINDOWS\System32\NSI.dll
0x00007ffde1910000 - 0x00007ffde1922000 	C:\WINDOWS\System32\winrnr.dll
0x00007ffde1930000 - 0x00007ffde1960000 	C:\WINDOWS\system32\nlansp_c.dll
0x00007ffe0f4d0000 - 0x00007ffe0f4f0000 	C:\WINDOWS\system32\wshbth.dll
0x00007ffe0ee30000 - 0x00007ffe0ee3b000 	C:\Windows\System32\rasadhlp.dll
0x00007ffe0eff0000 - 0x00007ffe0f076000 	C:\WINDOWS\System32\fwpuclnt.dll
0x00007ffdc9a40000 - 0x00007ffdc9ab5000 	C:\Users\paulm\AppData\Local\Temp\lwjglpaulm\3.3.1-build-7\lwjgl.dll
0x00007ffdda220000 - 0x00007ffdda281000 	C:\Users\paulm\AppData\Local\Temp\lwjglpaulm\3.3.1-build-7\glfw.dll
0x00007ffdcdc80000 - 0x00007ffdcdccb000 	C:\WINDOWS\SYSTEM32\dinput8.dll
0x00007ffd56400000 - 0x00007ffd56412000 	C:\WINDOWS\SYSTEM32\xinput1_4.dll
0x00007ffe16e80000 - 0x00007ffe16ed7000 	C:\WINDOWS\SYSTEM32\cfgmgr32.dll
0x00007ffe16e50000 - 0x00007ffe16e7d000 	C:\WINDOWS\SYSTEM32\DEVOBJ.dll
0x00007ffe13690000 - 0x00007ffe136c6000 	C:\WINDOWS\SYSTEM32\dwmapi.dll
0x00007ffde5980000 - 0x00007ffde5b61000 	C:\WINDOWS\SYSTEM32\inputhost.dll
0x00007ffe12f10000 - 0x00007ffe13036000 	C:\WINDOWS\SYSTEM32\CoreMessaging.dll
0x00007ffe13550000 - 0x00007ffe135ff000 	C:\WINDOWS\system32\uxtheme.dll
0x00007ffe16920000 - 0x00007ffe1692c000 	C:\WINDOWS\SYSTEM32\CRYPTBASE.DLL
0x00007ffe18d10000 - 0x00007ffe18e6f000 	C:\WINDOWS\System32\MSCTF.dll
0x00007ffd4c0a0000 - 0x00007ffd4c1ac000 	C:\WINDOWS\SYSTEM32\opengl32.dll
0x00007ffd50f90000 - 0x00007ffd50fbd000 	C:\WINDOWS\SYSTEM32\GLU32.dll
0x00007ffe138f0000 - 0x00007ffe13937000 	C:\WINDOWS\SYSTEM32\dxcore.dll
0x00007ffdf42e0000 - 0x00007ffdf42fa000 	C:\WINDOWS\SYSTEM32\windows.staterepositorycore.dll
0x00007ffd38ec0000 - 0x00007ffd3b4f8000 	C:\WINDOWS\System32\DriverStore\FileRepository\nv_dispi.inf_amd64_9425e4c3b1ac1c47\nvoglv64.dll
0x00007ffe18e80000 - 0x00007ffe19306000 	C:\WINDOWS\System32\SETUPAPI.dll
0x00007ffe180b0000 - 0x00007ffe1824f000 	C:\WINDOWS\System32\ole32.dll
0x00007ffe133b0000 - 0x00007ffe133c6000 	C:\WINDOWS\SYSTEM32\WTSAPI32.dll
0x00007ffe16970000 - 0x00007ffe16983000 	C:\WINDOWS\SYSTEM32\msasn1.dll
0x00007ffe0ec50000 - 0x00007ffe0ec8b000 	C:\WINDOWS\SYSTEM32\cryptnet.dll
0x00007ffe17810000 - 0x00007ffe17987000 	C:\WINDOWS\System32\CRYPT32.dll
0x00007ffe169e0000 - 0x00007ffe16a3d000 	C:\WINDOWS\SYSTEM32\wldp.dll
0x00007ffe0ead0000 - 0x00007ffe0ec4c000 	C:\WINDOWS\SYSTEM32\drvstore.dll
0x00007ffe17a50000 - 0x00007ffe17ad0000 	C:\WINDOWS\System32\WINTRUST.dll
0x00007ffe16210000 - 0x00007ffe16245000 	C:\WINDOWS\SYSTEM32\ntmarta.dll
0x00007ffe193e0000 - 0x00007ffe19400000 	C:\WINDOWS\System32\imagehlp.dll
0x00007ffe16900000 - 0x00007ffe1691c000 	C:\WINDOWS\SYSTEM32\CRYPTSP.dll
0x00007ffe15fa0000 - 0x00007ffe15fda000 	C:\WINDOWS\system32\rsaenh.dll
0x00007ffe170f0000 - 0x00007ffe17116000 	C:\WINDOWS\SYSTEM32\bcrypt.dll
0x00007ffe0ac10000 - 0x00007ffe0d920000 	C:\WINDOWS\System32\DriverStore\FileRepository\nv_dispi.inf_amd64_9425e4c3b1ac1c47\nvgpucomp64.dll
0x00007ffdd1050000 - 0x00007ffdd1356000 	C:\WINDOWS\system32\nvspcap64.dll
0x00007ffe15cc0000 - 0x00007ffe15d27000 	C:\WINDOWS\SYSTEM32\WINSTA.dll
0x00007ffd9e210000 - 0x00007ffd9e469000 	C:\Users\paulm\AppData\Local\Temp\lwjglpaulm\3.3.1-build-7\jemalloc.dll
0x00007ffde6450000 - 0x00007ffde659d000 	C:\WINDOWS\SYSTEM32\textinputframework.dll
0x00007ffdcbb90000 - 0x00007ffdcbbed000 	C:\Users\paulm\AppData\Local\Temp\lwjglpaulm\3.3.1-build-7\lwjgl_opengl.dll
0x00007ffdc79e0000 - 0x00007ffdc7a61000 	C:\Users\paulm\AppData\Local\Temp\lwjglpaulm\3.3.1-build-7\lwjgl_stb.dll
0x00007ffe16700000 - 0x00007ffe1672b000 	C:\WINDOWS\SYSTEM32\USERENV.dll
0x00007ffe10720000 - 0x00007ffe1073f000 	C:\WINDOWS\SYSTEM32\dhcpcsvc6.DLL
0x00007ffe10110000 - 0x00007ffe10135000 	C:\WINDOWS\SYSTEM32\dhcpcsvc.DLL
0x00007ffdc7c50000 - 0x00007ffdc7c90000 	C:\Users\paulm\AppData\Local\Temp\jna-106439973\jna4940771115053496723.dll
0x00007ffe17e50000 - 0x00007ffe17ef8000 	C:\WINDOWS\System32\clbcatq.dll
0x00007ffdf8a20000 - 0x00007ffdf8a3d000 	C:\WINDOWS\SYSTEM32\amsi.dll
0x00007ffd93000000 - 0x00007ffd930cb000 	C:\Program Files\Bitdefender\Bitdefender Security\bdamsi\dlls_267059357120000000\antimalware_provider64.dll
0x00007ffe014f0000 - 0x00007ffe0153e000 	C:\WINDOWS\SYSTEM32\Pdh.dll
0x00007ffde1480000 - 0x00007ffde1491000 	C:\WINDOWS\System32\perfos.dll
0x00007ffe13530000 - 0x00007ffe13542000 	C:\WINDOWS\SYSTEM32\pfclient.dll
0x00007ffddf1f0000 - 0x00007ffddf1fe000 	C:\Users\paulm\.jdks\temurin-17.0.14\bin\sunmscapi.dll
0x00007ffe16b10000 - 0x00007ffe16b40000 	C:\WINDOWS\SYSTEM32\ncrypt.dll
0x00007ffe16ac0000 - 0x00007ffe16aff000 	C:\WINDOWS\SYSTEM32\NTASN1.dll
0x00007ffddf4e0000 - 0x00007ffddf4e9000 	C:\Users\paulm\.jdks\temurin-17.0.14\bin\extnet.dll
0x00007ffdfcc60000 - 0x00007ffdfcd28000 	C:\WINDOWS\SYSTEM32\mscms.dll
0x00007ffdc7990000 - 0x00007ffdc79d9000 	C:\WINDOWS\SYSTEM32\icm32.dll
0x00007ffd9cc90000 - 0x00007ffd9ce27000 	C:\Users\paulm\AppData\Local\Temp\lwjglpaulm\3.3.1-build-7\OpenAL.dll
0x00007ffe10320000 - 0x00007ffe103ba000 	C:\WINDOWS\System32\MMDevApi.dll
0x00007ffd8ffe0000 - 0x00007ffd90153000 	C:\WINDOWS\System32\Speech\Common\sapi.dll
0x00007ffde1ab0000 - 0x00007ffde1ab8000 	C:\WINDOWS\system32\wshunix.dll
0x00007ffdfa440000 - 0x00007ffdfa5fd000 	C:\WINDOWS\SYSTEM32\AUDIOSES.DLL
0x00007ffe14480000 - 0x00007ffe14494000 	C:\WINDOWS\SYSTEM32\resourcepolicyclient.dll
0x00007ffe01190000 - 0x00007ffe0136c000 	C:\WINDOWS\system32\urlmon.dll
0x00007ffe00bb0000 - 0x00007ffe00e7a000 	C:\WINDOWS\SYSTEM32\iertutil.dll
0x00007ffe0a9c0000 - 0x00007ffe0a9e9000 	C:\WINDOWS\SYSTEM32\srvcli.dll
0x00007ffe15d30000 - 0x00007ffe15d3d000 	C:\WINDOWS\SYSTEM32\netutils.dll
0x00007ffe0f860000 - 0x00007ffe0fb43000 	C:\WINDOWS\SYSTEM32\CoreUIComponents.dll

dbghelp: loaded successfully - version: 4.0.5 - missing functions: none
symbol engine: initialized successfully - sym options: 0x614 - pdb path: .;C:\Users\paulm\.jdks\temurin-17.0.14\bin;C:\WINDOWS\SYSTEM32;C:\Program Files\Bitdefender\Bitdefender Security\bdhkm\dlls_267844236627677748;C:\Program Files\Bitdefender\Bitdefender Security\atcuf\dlls_267844236606778053;C:\WINDOWS\WinSxS\amd64_microsoft.windows.common-controls_6595b64144ccf1df_6.0.26100.3912_none_3e07963ce335137e;C:\Users\paulm\.jdks\temurin-17.0.14\bin\server;C:\Users\paulm\AppData\Local\Temp\lwjglpaulm\3.3.1-build-7;C:\WINDOWS\System32\DriverStore\FileRepository\nv_dispi.inf_amd64_9425e4c3b1ac1c47;C:\Users\paulm\AppData\Local\Temp\jna-106439973;C:\Program Files\Bitdefender\Bitdefender Security\bdamsi\dlls_267059357120000000;C:\WINDOWS\System32\Speech\Common

VM Arguments:
jvm_args: -Dforge.enableGameTest=true -Dforge.enabledGameTestNamespaces=minecolonytax -Dforge.logging.console.level=debug -Dforge.logging.markers=REGISTRIES -DignoreList=bootstraplauncher,securejarhandler,asm-commons,asm-util,asm-analysis,asm-tree,asm,JarJarFileSystems,client-extra,fmlcore,javafmllanguage,lowcodelanguage,mclanguage,forge- -Djava.net.preferIPv6Addresses=system -DlegacyClassPath.file=C:\Users\paulm\Desktop\MinecolonyTaxAddon - Kopie\build\classpath\runClient2_minecraftClasspath.txt -DmergeModules=jna-5.10.0.jar,jna-platform-5.10.0.jar -Dmixin.env.refMapRemappingFile=C:\Users\paulm\Desktop\MinecolonyTaxAddon - Kopie/build/createSrgToMcp/output.srg -Dmixin.env.remapRefMap=true --module-path=C:\Users\paulm\.gradle\caches\modules-2\files-2.1\cpw.mods\bootstraplauncher\1.1.2\c546e00443d8432cda6baa1c860346980742628\bootstraplauncher-1.1.2.jar;C:\Users\paulm\.gradle\caches\modules-2\files-2.1\cpw.mods\securejarhandler\2.1.10\51e6a22c6c716beb11e244bf5b8be480f51dd6b5\securejarhandler-2.1.10.jar;C:\Users\paulm\.gradle\caches\modules-2\files-2.1\org.ow2.asm\asm-commons\9.7\e86dda4696d3c185fcc95d8d311904e7ce38a53f\asm-commons-9.7.jar;C:\Users\paulm\.gradle\caches\modules-2\files-2.1\org.ow2.asm\asm-util\9.7\c0655519f24d92af2202cb681cd7c1569df6ead6\asm-util-9.7.jar;C:\Users\paulm\.gradle\caches\modules-2\files-2.1\org.ow2.asm\asm-analysis\9.7\e4a258b7eb96107106c0599f0061cfc1832fe07a\asm-analysis-9.7.jar;C:\Users\paulm\.gradle\caches\modules-2\files-2.1\org.ow2.asm\asm-tree\9.7\e446a17b175bfb733b87c5c2560ccb4e57d69f1a\asm-tree-9.7.jar;C:\Users\paulm\.gradle\caches\modules-2\files-2.1\org.ow2.asm\asm\9.7\73d7b3086e14beb604ced229c302feff6449723\asm-9.7.jar;C:\Users\paulm\.gradle\caches\modules-2\files-2.1\net.minecraftforge\JarJarFileSystems\0.3.19\2464eb7d6b9ddb9db36a82cf8a95193e5c6fe020\JarJarFileSystems-0.3.19.jar --add-modules=ALL-MODULE-PATH --add-opens=java.base/java.util.jar=cpw.mods.securejarhandler --add-opens=java.base/java.lang.invoke=cpw.mods.securejarhandler --add-exports=java.base/sun.security.util=cpw.mods.securejarhandler --add-exports=jdk.naming.dns/com.sun.jndi.dns=java.naming -XX:HeapDumpPath=MojangTricksIntelDriversForPerformance_javaw.exe_minecraft.exe.heapdump -Dfile.encoding=UTF-8 -Duser.country=DE -Duser.language=de -Duser.variant 
java_command: cpw.mods.bootstraplauncher.BootstrapLauncher --launchTarget forgeclientuserdev --version MOD_DEV --assetIndex 5 --assetsDir C:\Users\paulm\.gradle\caches\forge_gradle\assets --gameDir . --fml.forgeVersion 47.3.10 --fml.mcVersion 1.20.1 --fml.forgeGroup net.minecraftforge --fml.mcpVersion 20230612.114412 --username=Player2
java_class_path (initial): C:\Users\paulm\Desktop\MinecolonyTaxAddon - Kopie\build\classes\java\main;C:\Users\paulm\Desktop\MinecolonyTaxAddon - Kopie\build\resources\main;C:\Users\paulm\.gradle\caches\forge_gradle\deobf_dependencies\curse\maven\minecolonies-245506\5761248_mapped_parchment_2023.09.03-1.20.1\minecolonies-245506-5761248_mapped_parchment_2023.09.03-1.20.1.jar;C:\Users\paulm\.gradle\caches\forge_gradle\deobf_dependencies\curse\maven\sdm-shop-948942\5777543_mapped_parchment_2023.09.03-1.20.1\sdm-shop-948942-5777543_mapped_parchment_2023.09.03-1.20.1.jar;C:\Users\paulm\.gradle\caches\forge_gradle\deobf_dependencies\curse\maven\ftb-teams-forge-404468\5267190_mapped_parchment_2023.09.03-1.20.1\ftb-teams-forge-404468-5267190_mapped_parchment_2023.09.03-1.20.1.jar;C:\Users\paulm\.gradle\caches\forge_gradle\deobf_dependencies\curse\maven\recruits-523860\6500292_mapped_parchment_2023.09.03-1.20.1\recruits-523860-6500292_mapped_parchment_2023.09.03-1.20.1.jar;C:\Users\paulm\.gradle\caches\forge_gradle\minecraft_user_repo\net\minecraftforge\forge\1.20.1-47.3.10_mapped_parchment_2023.09.03-1.20.1\forge-1.20.1-47.3.10_mapped_parchment_2023.09.03-1.20.1.jar;C:\Users\paulm\.gradle\caches\forge_gradle\deobf_dependencies\curse\maven\blockui-522992\5658253_mapped_parchment_2023.09.03-1.20.1\blockui-522992-5658253_mapped_parchment_2023.09.03-1.20.1.jar;C:\Users\paulm\.gradle\caches\forge_gradle\deobf_dependencies\curse\maven\multi-piston-303278\5204918_mapped_parchment_2023.09.03-1.20.1\multi-piston-303278-5204918_mapped_parchment_2023.09.03-1.20.1.jar;C:\Users\paulm\.gradle\caches\forge_gradle\deobf_dependencies\curse\maven\domum-ornamentum-527361\5764067_mapped_parchment_2023.09.03-1.20.1\domum-ornamentum-527361-5764067_mapped_parchment_2023.09.03-1.20.1.jar;C:\Users\paulm\.gradle\caches\forge_gradle\deobf_dependencies\curse\maven\structurize-298744\5676596_mapped_parchment_2023.09.03-1.20.1\structurize-298744-5676596_mapped_parchment_2023.09.03-1.20.1.jar;C:\Users\p
Launcher Type: SUN_STANDARD

[Global flags]
     intx CICompilerCount                          = 15                                        {product} {ergonomic}
     uint ConcGCThreads                            = 6                                         {product} {ergonomic}
     uint G1ConcRefinementThreads                  = 23                                        {product} {ergonomic}
   size_t G1HeapRegionSize                         = 8388608                                   {product} {ergonomic}
    uintx GCDrainStackTargetSize                   = 64                                        {product} {ergonomic}
    ccstr HeapDumpPath                             = MojangTricksIntelDriversForPerformance_javaw.exe_minecraft.exe.heapdump         {manageable} {command line}
   size_t InitialHeapSize                          = 1065353216                                {product} {ergonomic}
   size_t MarkStackSize                            = 4194304                                   {product} {ergonomic}
   size_t MaxHeapSize                              = 16953376768                               {product} {ergonomic}
   size_t MaxNewSize                               = 10166992896                               {product} {ergonomic}
   size_t MinHeapDeltaBytes                        = 8388608                                   {product} {ergonomic}
   size_t MinHeapSize                              = 8388608                                   {product} {ergonomic}
    uintx NonNMethodCodeHeapSize                   = 8192380                                {pd product} {ergonomic}
    uintx NonProfiledCodeHeapSize                  = 121732930                              {pd product} {ergonomic}
    uintx ProfiledCodeHeapSize                     = 121732930                              {pd product} {ergonomic}
    uintx ReservedCodeCacheSize                    = 251658240                              {pd product} {ergonomic}
     bool SegmentedCodeCache                       = true                                      {product} {ergonomic}
   size_t SoftMaxHeapSize                          = 16953376768                            {manageable} {ergonomic}
     bool UseCompressedClassPointers               = true                           {product lp64_product} {ergonomic}
     bool UseCompressedOops                        = true                           {product lp64_product} {ergonomic}
     bool UseG1GC                                  = true                                      {product} {ergonomic}
     bool UseLargePagesIndividualAllocation        = false                                  {pd product} {ergonomic}

Logging:
Log output configuration:
 #0: stdout all=warning uptime,level,tags
 #1: stderr all=off uptime,level,tags

Environment Variables:
PATH=C:\Program Files (x86)\VMware\VMware Workstation\bin\;C:\Program Files\Common Files\Oracle\Java\javapath;C:\WINDOWS\system32;C:\WINDOWS;C:\WINDOWS\System32\Wbem;C:\WINDOWS\System32\WindowsPowerShell\v1.0\;C:\WINDOWS\System32\OpenSSH\;C:\Program Files\NVIDIA Corporation\NVIDIA app\NvDLISR;C:\Program Files (x86)\NVIDIA Corporation\PhysX\Common;C:\Program Files\dotnet\;C:\Program Files\Git\cmd;C:\Program Files\nodejs\;C:\ProgramData\chocolatey\bin;C:\Program Files\MySQL\MySQL Shell 8.4\bin\;C:\Users\paulm\AppData\Local\Programs\Python\Launcher\;C:\Users\paulm\AppData\Local\Microsoft\WindowsApps;C:\Users\paulm\AppData\Local\Programs\Microsoft VS Code\bin;C:\Users\paulm\.dotnet\tools;C:\Users\paulm\AppData\Local\GitHubDesktop\bin;C:\Users\paulm\AppData\Roaming\npm;C:\Users\paulm\AppData\Local\Programs\Windsurf\bin;C:\Users\paulm\AppData\Local\Programs\cursor\resources\app\bin
USERNAME=paulm
OS=Windows_NT
PROCESSOR_IDENTIFIER=AMD64 Family 25 Model 97 Stepping 2, AuthenticAMD
TMP=C:\Users\paulm\AppData\Local\Temp
TEMP=C:\Users\paulm\AppData\Local\Temp



Periodic native trim disabled


---------------  S Y S T E M  ---------------

OS:
 Windows 11 , 64 bit Build 26100 (10.0.26100.3912)
OS uptime: 7 days 5:09 hours
Hyper-V role detected

CPU: total 32 (initial active 32) (32 cores per cpu, 2 threads per core) family 25 model 97 stepping 2 microcode 0xa601209, cx8, cmov, fxsr, ht, mmx, 3dnowpref, sse, sse2, sse3, ssse3, sse4a, sse4.1, sse4.2, popcnt, lzcnt, tsc, tscinvbit, avx, avx2, aes, erms, clmul, bmi1, bmi2, adx, avx512f, avx512dq, avx512cd, avx512bw, avx512vl, sha, fma, vzeroupper, avx512_vpopcntdq, avx512_vpclmulqdq, avx512_vaes, avx512_vnni, clflush, clflushopt, avx512_vbmi2, avx512_vbmi, hv
Processor Information for all 32 processors :
  Max Mhz: 4501, Current Mhz: 4501, Mhz Limit: 4501

Memory: 4k page, system-wide physical 64650M (13790M free)
TotalPageFile size 89226M (AvailPageFile size 164M)
current process WorkingSet (physical memory assigned to process): 1819M, peak: 1826M
current process commit charge ("private bytes"): 3067M, peak: 3562M

vm_info: OpenJDK 64-Bit Server VM (17.0.14+7) for windows-amd64 JRE (17.0.14+7), built on Jan 21 2025 23:40:15 by "admin" with MS VC++ 17.7 (VS2022)

END.
